Archive member included to satisfy reference by file (symbol)

c:/program files/microchip/xc32/v2.40/bin/bin/../../lib/gcc/pic32c/6.2.1/../../../../pic32c/lib\libpic32c.a(data_init.o)
                              build/SAMD21_WG_IOT_PRIVATE/production/_ext/853479/startup_xc32.o (__pic32c_data_initialization)
c:/program files/microchip/xc32/v2.40/bin/bin/../../lib/gcc/pic32c/6.2.1\libgcc.a(_udivsi3.o)
                              build/SAMD21_WG_IOT_PRIVATE/production/_ext/831742467/inet_ntop.o (__aeabi_uidiv)
c:/program files/microchip/xc32/v2.40/bin/bin/../../lib/gcc/pic32c/6.2.1\libgcc.a(_divsi3.o)
                              build/SAMD21_WG_IOT_PRIVATE/production/_ext/157239130/sys_time.o (__aeabi_idiv)
c:/program files/microchip/xc32/v2.40/bin/bin/../../lib/gcc/pic32c/6.2.1\libgcc.a(_dvmd_tls.o)
                              c:/program files/microchip/xc32/v2.40/bin/bin/../../lib/gcc/pic32c/6.2.1\libgcc.a(_udivsi3.o) (__aeabi_idiv0)
c:/program files/microchip/xc32/v2.40/bin/bin/../../lib/gcc/pic32c/6.2.1\libgcc.a(_aeabi_uldivmod.o)
                              build/SAMD21_WG_IOT_PRIVATE/production/_ext/27410978/plib_sercom5_usart.o (__aeabi_uldivmod)
c:/program files/microchip/xc32/v2.40/bin/bin/../../lib/gcc/pic32c/6.2.1\libgcc.a(_muldi3.o)
                              build/SAMD21_WG_IOT_PRIVATE/production/_ext/27410978/plib_sercom5_usart.o (__aeabi_lmul)
c:/program files/microchip/xc32/v2.40/bin/bin/../../lib/gcc/pic32c/6.2.1\libgcc.a(_fixunsdfsi.o)
                              build/SAMD21_WG_IOT_PRIVATE/production/_ext/1357986986/plib_sercom3_i2c_master.o (__aeabi_d2uiz)
c:/program files/microchip/xc32/v2.40/bin/bin/../../lib/gcc/pic32c/6.2.1\libgcc.a(_udivmoddi4.o)
                              c:/program files/microchip/xc32/v2.40/bin/bin/../../lib/gcc/pic32c/6.2.1\libgcc.a(_aeabi_uldivmod.o) (__udivmoddi4)
c:/program files/microchip/xc32/v2.40/bin/bin/../../lib/gcc/pic32c/6.2.1\libgcc.a(divsf3.o)
                              build/SAMD21_WG_IOT_PRIVATE/production/_ext/1357986986/plib_sercom3_i2c_master.o (__aeabi_fdiv)
c:/program files/microchip/xc32/v2.40/bin/bin/../../lib/gcc/pic32c/6.2.1\libgcc.a(floatunsisf.o)
                              build/SAMD21_WG_IOT_PRIVATE/production/_ext/1357986986/plib_sercom3_i2c_master.o (__aeabi_ui2f)
c:/program files/microchip/xc32/v2.40/bin/bin/../../lib/gcc/pic32c/6.2.1\libgcc.a(adddf3.o)
                              build/SAMD21_WG_IOT_PRIVATE/production/_ext/1357986986/plib_sercom3_i2c_master.o (__aeabi_dadd)
c:/program files/microchip/xc32/v2.40/bin/bin/../../lib/gcc/pic32c/6.2.1\libgcc.a(divdf3.o)
                              build/SAMD21_WG_IOT_PRIVATE/production/_ext/1360937237/app.o (__aeabi_ddiv)
c:/program files/microchip/xc32/v2.40/bin/bin/../../lib/gcc/pic32c/6.2.1\libgcc.a(muldf3.o)
                              build/SAMD21_WG_IOT_PRIVATE/production/_ext/1357986986/plib_sercom3_i2c_master.o (__aeabi_dmul)
c:/program files/microchip/xc32/v2.40/bin/bin/../../lib/gcc/pic32c/6.2.1\libgcc.a(subdf3.o)
                              build/SAMD21_WG_IOT_PRIVATE/production/_ext/1357986986/plib_sercom3_i2c_master.o (__aeabi_dsub)
c:/program files/microchip/xc32/v2.40/bin/bin/../../lib/gcc/pic32c/6.2.1\libgcc.a(fixdfsi.o)
                              build/SAMD21_WG_IOT_PRIVATE/production/_ext/1731314967/mqtt_core.o (__aeabi_d2iz)
c:/program files/microchip/xc32/v2.40/bin/bin/../../lib/gcc/pic32c/6.2.1\libgcc.a(floatsidf.o)
                              build/SAMD21_WG_IOT_PRIVATE/production/_ext/1360937237/app.o (__aeabi_i2d)
c:/program files/microchip/xc32/v2.40/bin/bin/../../lib/gcc/pic32c/6.2.1\libgcc.a(extendsfdf2.o)
                              build/SAMD21_WG_IOT_PRIVATE/production/_ext/1357986986/plib_sercom3_i2c_master.o (__aeabi_f2d)
c:/program files/microchip/xc32/v2.40/bin/bin/../../lib/gcc/pic32c/6.2.1\libgcc.a(truncdfsf2.o)
                              build/SAMD21_WG_IOT_PRIVATE/production/_ext/1360937237/app.o (__aeabi_d2f)
c:/program files/microchip/xc32/v2.40/bin/bin/../../lib/gcc/pic32c/6.2.1\libgcc.a(_thumb1_case_uqi.o)
                              c:/program files/microchip/xc32/v2.40/bin/bin/../../lib/gcc/pic32c/6.2.1\libgcc.a(divsf3.o) (__gnu_thumb1_case_uqi)
c:/program files/microchip/xc32/v2.40/bin/bin/../../lib/gcc/pic32c/6.2.1\libgcc.a(_thumb1_case_uhi.o)
                              c:/program files/microchip/xc32/v2.40/bin/bin/../../lib/gcc/pic32c/6.2.1\libgcc.a(divdf3.o) (__gnu_thumb1_case_uhi)
c:/program files/microchip/xc32/v2.40/bin/bin/../../lib/gcc/pic32c/6.2.1\libgcc.a(_lshrdi3.o)
                              c:/program files/microchip/xc32/v2.40/bin/bin/../../lib/gcc/pic32c/6.2.1\libgcc.a(_udivmoddi4.o) (__aeabi_llsr)
c:/program files/microchip/xc32/v2.40/bin/bin/../../lib/gcc/pic32c/6.2.1\libgcc.a(_ashldi3.o)
                              c:/program files/microchip/xc32/v2.40/bin/bin/../../lib/gcc/pic32c/6.2.1\libgcc.a(_udivmoddi4.o) (__aeabi_llsl)
[...]
Memory Configuration

Name             Origin             Length             Attributes
rom              0x00000000         0x00040000         xrl
ram              0x20000000         0x00008000         xw !r
config_00804000  0x00804000         0x00000004
config_00804004  0x00804004         0x00000004
*default*        0x00000000         0xffffffff

Linker script and memory map

LOAD c:/program files/microchip/xc32/v2.40/bin/bin/../../lib/gcc/pic32c/6.2.1/crti.o
LOAD c:/program files/microchip/xc32/v2.40/bin/bin/../../lib/gcc/pic32c/6.2.1/crtbegin.o
LOAD build/SAMD21_WG_IOT_PRIVATE/production/_ext/1678205250/drv_spi.o
LOAD build/SAMD21_WG_IOT_PRIVATE/production/_ext/328869906/wdrv_winc_eint.o
LOAD build/SAMD21_WG_IOT_PRIVATE/production/_ext/328869906/wdrv_winc_gpio.o
LOAD build/SAMD21_WG_IOT_PRIVATE/production/_ext/2088830217/wdrv_winc_spi.o
LOAD build/SAMD21_WG_IOT_PRIVATE/production/_ext/373976187/nm_common.o
LOAD build/SAMD21_WG_IOT_PRIVATE/production/_ext/405265080/m2m_hif.o
LOAD build/SAMD21_WG_IOT_PRIVATE/production/_ext/405265080/m2m_periph.o
LOAD build/SAMD21_WG_IOT_PRIVATE/production/_ext/405265080/m2m_wifi.o
LOAD build/SAMD21_WG_IOT_PRIVATE/production/_ext/405265080/nmasic.o
LOAD build/SAMD21_WG_IOT_PRIVATE/production/_ext/405265080/nmbus.o
LOAD build/SAMD21_WG_IOT_PRIVATE/production/_ext/405265080/nmdrv.o
LOAD build/SAMD21_WG_IOT_PRIVATE/production/_ext/405265080/nmspi.o
LOAD build/SAMD21_WG_IOT_PRIVATE/production/_ext/405265080/m2m_ota.o
LOAD build/SAMD21_WG_IOT_PRIVATE/production/_ext/405265080/m2m_ssl.o
LOAD build/SAMD21_WG_IOT_PRIVATE/production/_ext/831742467/socket.o
LOAD build/SAMD21_WG_IOT_PRIVATE/production/_ext/831742467/inet_ntop.o
LOAD build/SAMD21_WG_IOT_PRIVATE/production/_ext/831742467/inet_addr.o
LOAD build/SAMD21_WG_IOT_PRIVATE/production/_ext/1091366131/spi_flash.o
LOAD build/SAMD21_WG_IOT_PRIVATE/production/_ext/1091366131/flexible_flash.o
LOAD build/SAMD21_WG_IOT_PRIVATE/production/_ext/1461284888/wdrv_winc_osal.o
LOAD build/SAMD21_WG_IOT_PRIVATE/production/_ext/845676186/wdrv_winc.o
LOAD build/SAMD21_WG_IOT_PRIVATE/production/_ext/845676186/wdrv_winc_assoc.o
LOAD build/SAMD21_WG_IOT_PRIVATE/production/_ext/845676186/wdrv_winc_authctx.o
LOAD build/SAMD21_WG_IOT_PRIVATE/production/_ext/845676186/wdrv_winc_bssctx.o
LOAD build/SAMD21_WG_IOT_PRIVATE/production/_ext/845676186/wdrv_winc_bssfind.o
LOAD build/SAMD21_WG_IOT_PRIVATE/production/_ext/845676186/wdrv_winc_custie.o
LOAD build/SAMD21_WG_IOT_PRIVATE/production/_ext/845676186/wdrv_winc_host_file.o
LOAD build/SAMD21_WG_IOT_PRIVATE/production/_ext/845676186/wdrv_winc_httpprovctx.o
LOAD build/SAMD21_WG_IOT_PRIVATE/production/_ext/845676186/wdrv_winc_nvm.o
LOAD build/SAMD21_WG_IOT_PRIVATE/production/_ext/845676186/wdrv_winc_powersave.o
LOAD build/SAMD21_WG_IOT_PRIVATE/production/_ext/845676186/wdrv_winc_socket.o
LOAD build/SAMD21_WG_IOT_PRIVATE/production/_ext/845676186/wdrv_winc_softap.o
LOAD build/SAMD21_WG_IOT_PRIVATE/production/_ext/845676186/wdrv_winc_ssl.o
LOAD build/SAMD21_WG_IOT_PRIVATE/production/_ext/845676186/wdrv_winc_sta.o
LOAD build/SAMD21_WG_IOT_PRIVATE/production/_ext/845676186/wdrv_winc_systime.o
LOAD build/SAMD21_WG_IOT_PRIVATE/production/_ext/845676186/wdrv_winc_wps.o
LOAD build/SAMD21_WG_IOT_PRIVATE/production/_ext/485667147/plib_adc.o
LOAD build/SAMD21_WG_IOT_PRIVATE/production/_ext/1427407075/plib_clock.o
LOAD build/SAMD21_WG_IOT_PRIVATE/production/_ext/2124285686/plib_dmac.o
LOAD build/SAMD21_WG_IOT_PRIVATE/production/_ext/485663148/plib_eic.o
LOAD build/SAMD21_WG_IOT_PRIVATE/production/_ext/1429556561/plib_evsys.o
LOAD build/SAMD21_WG_IOT_PRIVATE/production/_ext/2124592493/plib_nvic.o
LOAD build/SAMD21_WG_IOT_PRIVATE/production/_ext/1194272987/plib_nvmctrl.o
LOAD build/SAMD21_WG_IOT_PRIVATE/production/_ext/2124645644/plib_port.o
LOAD build/SAMD21_WG_IOT_PRIVATE/production/_ext/485650314/plib_rtc_clock.o
LOAD build/SAMD21_WG_IOT_PRIVATE/production/_ext/1357986986/plib_sercom3_i2c_master.o
LOAD build/SAMD21_WG_IOT_PRIVATE/production/_ext/866752344/plib_sercom4_spi_master.o
LOAD build/SAMD21_WG_IOT_PRIVATE/production/_ext/27410978/plib_sercom5_usart.o
LOAD build/SAMD21_WG_IOT_PRIVATE/production/_ext/708402758/plib_tc3.o
LOAD build/SAMD21_WG_IOT_PRIVATE/production/_ext/1812770719/xc32_monitor.o
LOAD build/SAMD21_WG_IOT_PRIVATE/production/_ext/131504744/sys_command.o
LOAD build/SAMD21_WG_IOT_PRIVATE/production/_ext/325207436/sys_console.o
LOAD build/SAMD21_WG_IOT_PRIVATE/production/_ext/325207436/sys_console_uart.o
LOAD build/SAMD21_WG_IOT_PRIVATE/production/_ext/1268222528/sys_dma.o
LOAD build/SAMD21_WG_IOT_PRIVATE/production/_ext/1335837964/sys_int.o
LOAD build/SAMD21_WG_IOT_PRIVATE/production/_ext/157239130/sys_time.o
LOAD build/SAMD21_WG_IOT_PRIVATE/production/_ext/853479/initialization.o
LOAD build/SAMD21_WG_IOT_PRIVATE/production/_ext/853479/interrupts.o
LOAD build/SAMD21_WG_IOT_PRIVATE/production/_ext/853479/exceptions.o
LOAD build/SAMD21_WG_IOT_PRIVATE/production/_ext/853479/startup_xc32.o
LOAD build/SAMD21_WG_IOT_PRIVATE/production/_ext/853479/libc_syscalls.o
LOAD build/SAMD21_WG_IOT_PRIVATE/production/_ext/853479/tasks.o
LOAD build/SAMD21_WG_IOT_PRIVATE/production/_ext/364212162/credentials_storage.o
LOAD build/SAMD21_WG_IOT_PRIVATE/production/_ext/935147988/atcacert_client.o
LOAD build/SAMD21_WG_IOT_PRIVATE/production/_ext/935147988/atcacert_date.o
LOAD build/SAMD21_WG_IOT_PRIVATE/production/_ext/935147988/atcacert_def.o
LOAD build/SAMD21_WG_IOT_PRIVATE/production/_ext/935147988/atcacert_der.o
LOAD build/SAMD21_WG_IOT_PRIVATE/production/_ext/935147988/atcacert_host_hw.o
LOAD build/SAMD21_WG_IOT_PRIVATE/production/_ext/935147988/atcacert_host_sw.o
LOAD build/SAMD21_WG_IOT_PRIVATE/production/_ext/935147988/atcacert_pem.o
LOAD build/SAMD21_WG_IOT_PRIVATE/production/_ext/2028850473/atca_basic.o
LOAD build/SAMD21_WG_IOT_PRIVATE/production/_ext/2028850473/atca_basic_aes.o
LOAD build/SAMD21_WG_IOT_PRIVATE/production/_ext/2028850473/atca_basic_checkmac.o
LOAD build/SAMD21_WG_IOT_PRIVATE/production/_ext/2028850473/atca_basic_counter.o
LOAD build/SAMD21_WG_IOT_PRIVATE/production/_ext/2028850473/atca_basic_derivekey.o
LOAD build/SAMD21_WG_IOT_PRIVATE/production/_ext/2028850473/atca_basic_ecdh.o
LOAD build/SAMD21_WG_IOT_PRIVATE/production/_ext/2028850473/atca_basic_gendig.o
LOAD build/SAMD21_WG_IOT_PRIVATE/production/_ext/2028850473/atca_basic_genkey.o
LOAD build/SAMD21_WG_IOT_PRIVATE/production/_ext/2028850473/atca_basic_hmac.o
LOAD build/SAMD21_WG_IOT_PRIVATE/production/_ext/2028850473/atca_basic_info.o
LOAD build/SAMD21_WG_IOT_PRIVATE/production/_ext/2028850473/atca_basic_kdf.o
LOAD build/SAMD21_WG_IOT_PRIVATE/production/_ext/2028850473/atca_basic_lock.o
LOAD build/SAMD21_WG_IOT_PRIVATE/production/_ext/2028850473/atca_basic_mac.o
LOAD build/SAMD21_WG_IOT_PRIVATE/production/_ext/2028850473/atca_basic_nonce.o
LOAD build/SAMD21_WG_IOT_PRIVATE/production/_ext/2028850473/atca_basic_privwrite.o
LOAD build/SAMD21_WG_IOT_PRIVATE/production/_ext/2028850473/atca_basic_random.o
LOAD build/SAMD21_WG_IOT_PRIVATE/production/_ext/2028850473/atca_basic_read.o
LOAD build/SAMD21_WG_IOT_PRIVATE/production/_ext/2028850473/atca_basic_secureboot.o
LOAD build/SAMD21_WG_IOT_PRIVATE/production/_ext/2028850473/atca_basic_selftest.o
LOAD build/SAMD21_WG_IOT_PRIVATE/production/_ext/2028850473/atca_basic_sha.o
LOAD build/SAMD21_WG_IOT_PRIVATE/production/_ext/2028850473/atca_basic_sign.o
LOAD build/SAMD21_WG_IOT_PRIVATE/production/_ext/2028850473/atca_basic_updateextra.o
LOAD build/SAMD21_WG_IOT_PRIVATE/production/_ext/2028850473/atca_basic_verify.o
LOAD build/SAMD21_WG_IOT_PRIVATE/production/_ext/2028850473/atca_basic_write.o
LOAD build/SAMD21_WG_IOT_PRIVATE/production/_ext/2028850473/atca_helpers.o
LOAD build/SAMD21_WG_IOT_PRIVATE/production/_ext/626928883/sha1_routines.o
LOAD build/SAMD21_WG_IOT_PRIVATE/production/_ext/626928883/sha2_routines.o
LOAD build/SAMD21_WG_IOT_PRIVATE/production/_ext/1574659896/atca_crypto_sw_ecdsa.o
LOAD build/SAMD21_WG_IOT_PRIVATE/production/_ext/1574659896/atca_crypto_sw_rand.o
LOAD build/SAMD21_WG_IOT_PRIVATE/production/_ext/1574659896/atca_crypto_sw_sha1.o
LOAD build/SAMD21_WG_IOT_PRIVATE/production/_ext/1574659896/atca_crypto_sw_sha2.o
LOAD build/SAMD21_WG_IOT_PRIVATE/production/_ext/672495748/atca_hal.o
LOAD build/SAMD21_WG_IOT_PRIVATE/production/_ext/672495748/hal_i2c.o
LOAD build/SAMD21_WG_IOT_PRIVATE/production/_ext/672495748/hal_timer.o
LOAD build/SAMD21_WG_IOT_PRIVATE/production/_ext/627482079/atca_host.o
LOAD build/SAMD21_WG_IOT_PRIVATE/production/_ext/672493136/atca_jwt.o
LOAD build/SAMD21_WG_IOT_PRIVATE/production/_ext/672483868/atcatls.o
LOAD build/SAMD21_WG_IOT_PRIVATE/production/_ext/672483868/atcatls_cfg.o
LOAD build/SAMD21_WG_IOT_PRIVATE/production/_ext/1837493384/atca_cfgs.o
LOAD build/SAMD21_WG_IOT_PRIVATE/production/_ext/1837493384/atca_command.o
LOAD build/SAMD21_WG_IOT_PRIVATE/production/_ext/1837493384/atca_device.o
LOAD build/SAMD21_WG_IOT_PRIVATE/production/_ext/1837493384/atca_execution.o
LOAD build/SAMD21_WG_IOT_PRIVATE/production/_ext/1837493384/atca_iface.o
LOAD build/SAMD21_WG_IOT_PRIVATE/production/_ext/1207317302/mqtt_comm_layer.o
LOAD build/SAMD21_WG_IOT_PRIVATE/production/_ext/1731314967/mqtt_core.o
LOAD build/SAMD21_WG_IOT_PRIVATE/production/_ext/781924270/mqtt_exchange_buffer.o
LOAD build/SAMD21_WG_IOT_PRIVATE/production/_ext/1019103266/mqtt_packetTransfer_interface.o
LOAD build/SAMD21_WG_IOT_PRIVATE/production/_ext/695851535/bsdWINC.o
LOAD build/SAMD21_WG_IOT_PRIVATE/production/_ext/1688231369/cryptoauthlib_main.o
LOAD build/SAMD21_WG_IOT_PRIVATE/production/_ext/1688231369/crypto_client.o
LOAD build/SAMD21_WG_IOT_PRIVATE/production/_ext/347544798/mqtt_packetPopulate.o
LOAD build/SAMD21_WG_IOT_PRIVATE/production/_ext/711616579/cloud_service.o
LOAD build/SAMD21_WG_IOT_PRIVATE/production/_ext/711616579/wifi_service.o
LOAD build/SAMD21_WG_IOT_PRIVATE/production/_ext/1360937237/debug_print.o
LOAD build/SAMD21_WG_IOT_PRIVATE/production/_ext/1360937237/led.o
LOAD build/SAMD21_WG_IOT_PRIVATE/production/_ext/1360937237/main.o
LOAD build/SAMD21_WG_IOT_PRIVATE/production/_ext/1360937237/app.o
                0x00000001                __MPLAB_BUILD = 0x1
                0x00040000                __rom_end = (ORIGIN (rom) + LENGTH (rom))
                0x20008000                __ram_end = (ORIGIN (ram) + LENGTH (ram))

.config_00804000
                0x00804000        0x4
 *(.config_00804000)
 .config_00804000
                0x00804000        0x4 build/SAMD21_WG_IOT_PRIVATE/production/_ext/853479/initialization.o

.config_00804004
                0x00804004        0x4
 *(.config_00804004)
 .config_00804004
                0x00804004        0x4 build/SAMD21_WG_IOT_PRIVATE/production/_ext/853479/initialization.o

.vectors        0x00000000       0xb0
                0x00000000                . = ALIGN (0x4)
                0x00000000                _sfixed = .
 *(.vectors .vectors.* .vectors_default .vectors_default.*)
 .vectors       0x00000000       0xb0 build/SAMD21_WG_IOT_PRIVATE/production/_ext/853479/interrupts.o
                0x00000000                exception_table
 *(.isr_vector)
 *(.reset*)
 *(.after_vectors)

.text           0x000000b0       0x20
                0x000000b0                . = ALIGN (0x4)
 *(.glue_7t)
 .glue_7t       0x000000b0        0x0 linker stubs
 *(.glue_7)
 .glue_7        0x000000b0        0x0 linker stubs
 *(.gnu.linkonce.r.*)
 *(.ARM.extab* .gnu.linkonce.armextab.*)
                0x000000b0                . = ALIGN (0x4)
 *(.init)
 .init          0x000000b0        0x4 c:/program files/microchip/xc32/v2.40/bin/bin/../../lib/gcc/pic32c/6.2.1/crti.o
                0x000000b0                _init
 .init          0x000000b4        0x8 c:/program files/microchip/xc32/v2.40/bin/bin/../../lib/gcc/pic32c/6.2.1/crtn.o
                0x000000bc                . = ALIGN (0x4)
                0x000000bc                __preinit_array_start = .
 *(.preinit_array)
                0x000000bc                __preinit_array_end = .
                0x000000bc                . = ALIGN (0x4)
                0x000000bc                __init_array_start = .
 *(SORT(.init_array.*))
 *(.init_array)
 .init_array    0x000000bc        0x4 c:/program files/microchip/xc32/v2.40/bin/bin/../../lib/gcc/pic32c/6.2.1/crtbegin.o
                0x000000c0                __init_array_end = .
                0x000000c0                . = ALIGN (0x4)
 *crtbegin.o(.ctors)
 *(EXCLUDE_FILE(*crtend.o) .ctors)
 *(SORT(.ctors.*))
 *crtend.o(.ctors)
                0x000000c0                . = ALIGN (0x4)
 *(.fini)
 .fini          0x000000c0        0x4 c:/program files/microchip/xc32/v2.40/bin/bin/../../lib/gcc/pic32c/6.2.1/crti.o
                0x000000c0                _fini
 .fini          0x000000c4        0x8 c:/program files/microchip/xc32/v2.40/bin/bin/../../lib/gcc/pic32c/6.2.1/crtn.o
                0x000000cc                . = ALIGN (0x4)
                0x000000cc                __fini_array_start = .
 *(.fini_array)
 .fini_array    0x000000cc        0x4 c:/program files/microchip/xc32/v2.40/bin/bin/../../lib/gcc/pic32c/6.2.1/crtbegin.o
 *(SORT(.fini_array.*))
                0x000000d0                __fini_array_end = .
 *crtbegin.o(.dtors)
 *(EXCLUDE_FILE(*crtend.o) .dtors)
 *(SORT(.dtors.*))
 *crtend.o(.dtors)
                0x000000d0                . = ALIGN (0x4)
                0x000000d0                _efixed = .
                [!provide]                PROVIDE (__exidx_start, .)

.ARM.exidx      0x000000d0        0x8
 *(.ARM.exidx* .gnu.linkonce.armexidx.*)
 .ARM.exidx     0x000000d0        0x8 c:/program files/microchip/xc32/v2.40/bin/bin/../../lib/gcc/pic32c/6.2.1\libgcc.a(_udivmoddi4.o)
                [!provide]                PROVIDE (__exidx_end, .)
                0x000000d8                . = ALIGN (0x4)
                0x000000d8                _etext = .

.bss            0x20000000      0x618
                0x20000000                . = ALIGN (0x4)
                0x20000000                __bss_start__ = .
                0x20000000                _sbss = .
                0x20000000                _szero = .
 *(COMMON)
 COMMON         0x20000000       0x28 build/SAMD21_WG_IOT_PRIVATE/production/_ext/405265080/m2m_hif.o
                0x20000000                gstrHifCxt
 COMMON         0x20000028       0xbc build/SAMD21_WG_IOT_PRIVATE/production/_ext/831742467/socket.o
                0x20000028                gu16BufferSize
                0x2000002a                gsockerrno
                0x2000002b                gu8OpCode
                0x2000002c                gastrSockets
                0x200000dc                gpfAppSocketCb
                0x200000e0                gpfAppResolveCb
 COMMON         0x200000e4        0x4 build/SAMD21_WG_IOT_PRIVATE/production/_ext/845676186/wdrv_winc.o
                0x200000e4                pfWINCDebugPrintCb
 COMMON         0x200000e8       0x20 build/SAMD21_WG_IOT_PRIVATE/production/_ext/2124285686/plib_dmac.o
                0x200000e8                dmacChannelObj
 COMMON         0x20000108       0xc0 build/SAMD21_WG_IOT_PRIVATE/production/_ext/485663148/plib_eic.o
                0x20000108                eicCallbackObject
 COMMON         0x200001c8       0x2c build/SAMD21_WG_IOT_PRIVATE/production/_ext/866752344/plib_sercom4_spi_master.o
                0x200001c8                sercom4SPIObj
 COMMON         0x200001f4       0x38 build/SAMD21_WG_IOT_PRIVATE/production/_ext/27410978/plib_sercom5_usart.o
                0x200001f4                sercom5USARTObj
 COMMON         0x2000022c        0x8 build/SAMD21_WG_IOT_PRIVATE/production/_ext/708402758/plib_tc3.o
                0x2000022c                TC3_CallbackObject
 COMMON         0x20000234       0x10 build/SAMD21_WG_IOT_PRIVATE/production/_ext/853479/initialization.o
                0x20000234                sysObj
 COMMON         0x20000244       0x42 build/SAMD21_WG_IOT_PRIVATE/production/_ext/364212162/credentials_storage.o
                0x20000244                ssid
                0x20000264                pass
                0x20000284                authType
 *fill*         0x20000286        0x2 
 COMMON         0x20000288       0x34 build/SAMD21_WG_IOT_PRIVATE/production/_ext/2028850473/atca_basic.o
                0x20000288                g_atcab_device
                0x20000290                g_atcab_iface
                0x200002b8                g_atcab_command
 COMMON         0x200002bc        0x4 build/SAMD21_WG_IOT_PRIVATE/production/_ext/1019103266/mqtt_packetTransfer_interface.o
                0x200002bc                publishRecvInfo
 COMMON         0x200002c0       0x2c build/SAMD21_WG_IOT_PRIVATE/production/_ext/1688231369/cryptoauthlib_main.o
                0x200002c0                _gmyIface
                0x200002e8                _gmyCommand
 COMMON         0x200002ec        0x9 build/SAMD21_WG_IOT_PRIVATE/production/_ext/1688231369/crypto_client.o
                0x200002ec                g_serial_number
 *fill*         0x200002f5        0x3 
 COMMON         0x200002f8      0x254 build/SAMD21_WG_IOT_PRIVATE/production/_ext/347544798/mqtt_packetPopulate.o
                0x200002f8                mqttTopic
                0x20000320                mqttPassword
                0x200004e8                cid
 COMMON         0x2000054c       0xbc build/SAMD21_WG_IOT_PRIVATE/production/_ext/711616579/cloud_service.o
                0x2000054c                mqttSubscribeTopic
                0x200005b0                imqtt_publishReceiveCallBackTable
                0x200005b8                mqttGoogleApisComIP
                0x200005bc                deviceId
                0x200005dc                config_gcp_thing_id
                0x200005f0                cloud_packetReceiveCallBackTable
 COMMON         0x20000608        0xc build/SAMD21_WG_IOT_PRIVATE/production/_ext/1360937237/app.o
                0x20000608                appCryptoClientSerialNumber
                0x2000060c                appData
                0x20000610                shared_networking_params
 COMMON         0x20000614        0x4 c:/program files/microchip/xc32/v2.40/bin/bin/../../lib/gcc/pic32c/6.2.1/../../../../pic32c/lib\libc_nano.a(lib_a-reent.o)
                0x20000614                errno
                0x20000618                . = ALIGN (0x4)
                0x20000618                __bss_end__ = .
                0x20000618                _ebss = .
                0x20000618                _ezero = .
                0x20000618                . = ALIGN (0x4)
                0x20000618                _end = .
                0x20007fff                _ram_end_ = ((ORIGIN (ram) + LENGTH (ram)) - 0x1)
                0x00002000                _min_heap_size = 0x2000
                0x00002000                _min_stack_size = 0x2000
START GROUP
LOAD c:/program files/microchip/xc32/v2.40/bin/bin/../../lib/gcc/pic32c/6.2.1/../../../../pic32c/lib\libpic32c.a
LOAD c:/program files/microchip/xc32/v2.40/bin/bin/../../lib/gcc/pic32c/6.2.1\libgcc.a
LOAD c:/program files/microchip/xc32/v2.40/bin/bin/../../lib/gcc/pic32c/6.2.1/../../../../pic32c/lib\libm_nano.a
LOAD c:/program files/microchip/xc32/v2.40/bin/bin/../../lib/gcc/pic32c/6.2.1/../../../../pic32c/lib\libc_nano.a
END GROUP
LOAD c:/program files/microchip/xc32/v2.40/bin/bin/../../lib/gcc/pic32c/6.2.1/crtend.o
LOAD c:/program files/microchip/xc32/v2.40/bin/bin/../../lib/gcc/pic32c/6.2.1/crtn.o
OUTPUT(dist/SAMD21_WG_IOT_PRIVATE/production/sam_d21_iot_wg.X.production.elf elf32-littlearm)
LOAD stack
LOAD data_init

.ARM.attributes
                0x00000000       0x28
 .ARM.attributes
                0x00000000       0x1e c:/program files/microchip/xc32/v2.40/bin/bin/../../lib/gcc/pic32c/6.2.1/crti.o
 .ARM.attributes
                0x0000001e       0x2c c:/program files/microchip/xc32/v2.40/bin/bin/../../lib/gcc/pic32c/6.2.1/crtbegin.o
 .ARM.attributes
                0x0000004a       0x32 build/SAMD21_WG_IOT_PRIVATE/production/_ext/1678205250/drv_spi.o
 .ARM.attributes
                0x0000007c       0x32 build/SAMD21_WG_IOT_PRIVATE/production/_ext/328869906/wdrv_winc_eint.o
 .ARM.attributes
                0x000000ae       0x32 build/SAMD21_WG_IOT_PRIVATE/production/_ext/328869906/wdrv_winc_gpio.o
 .ARM.attributes
                0x000000e0       0x32 build/SAMD21_WG_IOT_PRIVATE/production/_ext/2088830217/wdrv_winc_spi.o
 .ARM.attributes
                0x00000112       0x32 build/SAMD21_WG_IOT_PRIVATE/production/_ext/373976187/nm_common.o
 .ARM.attributes
                0x00000144       0x32 build/SAMD21_WG_IOT_PRIVATE/production/_ext/405265080/m2m_hif.o
 .ARM.attributes
                0x00000176       0x32 build/SAMD21_WG_IOT_PRIVATE/production/_ext/405265080/m2m_wifi.o
 .ARM.attributes
                0x000001a8       0x32 build/SAMD21_WG_IOT_PRIVATE/production/_ext/405265080/nmasic.o
 .ARM.attributes
                0x000001da       0x32 build/SAMD21_WG_IOT_PRIVATE/production/_ext/405265080/nmbus.o
 .ARM.attributes
                0x0000020c       0x32 build/SAMD21_WG_IOT_PRIVATE/production/_ext/405265080/nmdrv.o
 .ARM.attributes
                0x0000023e       0x32 build/SAMD21_WG_IOT_PRIVATE/production/_ext/405265080/nmspi.o
 .ARM.attributes
                0x00000270       0x32 build/SAMD21_WG_IOT_PRIVATE/production/_ext/405265080/m2m_ota.o
 .ARM.attributes
                0x000002a2       0x32 build/SAMD21_WG_IOT_PRIVATE/production/_ext/405265080/m2m_ssl.o
 .ARM.attributes
                0x000002d4       0x32 build/SAMD21_WG_IOT_PRIVATE/production/_ext/831742467/socket.o
 .ARM.attributes
                0x00000306       0x32 build/SAMD21_WG_IOT_PRIVATE/production/_ext/1091366131/spi_flash.o
 .ARM.attributes
                0x00000338       0x32 build/SAMD21_WG_IOT_PRIVATE/production/_ext/1461284888/wdrv_winc_osal.o
 .ARM.attributes
                0x0000036a       0x32 build/SAMD21_WG_IOT_PRIVATE/production/_ext/845676186/wdrv_winc.o
 .ARM.attributes
                0x0000039c       0x32 build/SAMD21_WG_IOT_PRIVATE/production/_ext/845676186/wdrv_winc_authctx.o
 .ARM.attributes
                0x000003ce       0x32 build/SAMD21_WG_IOT_PRIVATE/production/_ext/845676186/wdrv_winc_bssctx.o
 .ARM.attributes
                0x00000400       0x32 build/SAMD21_WG_IOT_PRIVATE/production/_ext/845676186/wdrv_winc_host_file.o
 .ARM.attributes
                0x00000432       0x32 build/SAMD21_WG_IOT_PRIVATE/production/_ext/845676186/wdrv_winc_socket.o
 .ARM.attributes
                0x00000464       0x32 build/SAMD21_WG_IOT_PRIVATE/production/_ext/845676186/wdrv_winc_sta.o
 .ARM.attributes
                0x00000496       0x32 build/SAMD21_WG_IOT_PRIVATE/production/_ext/845676186/wdrv_winc_systime.o
 .ARM.attributes
                0x000004c8       0x32 build/SAMD21_WG_IOT_PRIVATE/production/_ext/485667147/plib_adc.o
 .ARM.attributes
                0x000004fa       0x32 build/SAMD21_WG_IOT_PRIVATE/production/_ext/1427407075/plib_clock.o
 .ARM.attributes
                0x0000052c       0x32 build/SAMD21_WG_IOT_PRIVATE/production/_ext/2124285686/plib_dmac.o
 .ARM.attributes
                0x0000055e       0x32 build/SAMD21_WG_IOT_PRIVATE/production/_ext/485663148/plib_eic.o
 .ARM.attributes
                0x00000590       0x32 build/SAMD21_WG_IOT_PRIVATE/production/_ext/1429556561/plib_evsys.o
 .ARM.attributes
                0x000005c2       0x32 build/SAMD21_WG_IOT_PRIVATE/production/_ext/2124592493/plib_nvic.o
 .ARM.attributes
                0x000005f4       0x32 build/SAMD21_WG_IOT_PRIVATE/production/_ext/1194272987/plib_nvmctrl.o
 .ARM.attributes
                0x00000626       0x32 build/SAMD21_WG_IOT_PRIVATE/production/_ext/2124645644/plib_port.o
 .ARM.attributes
                0x00000658       0x32 build/SAMD21_WG_IOT_PRIVATE/production/_ext/485650314/plib_rtc_clock.o
 .ARM.attributes
                0x0000068a       0x32 build/SAMD21_WG_IOT_PRIVATE/production/_ext/1357986986/plib_sercom3_i2c_master.o
 .ARM.attributes
                0x000006bc       0x32 build/SAMD21_WG_IOT_PRIVATE/production/_ext/866752344/plib_sercom4_spi_master.o
 .ARM.attributes
                0x000006ee       0x32 build/SAMD21_WG_IOT_PRIVATE/production/_ext/27410978/plib_sercom5_usart.o
 .ARM.attributes
                0x00000720       0x32 build/SAMD21_WG_IOT_PRIVATE/production/_ext/708402758/plib_tc3.o
 .ARM.attributes
                0x00000752       0x32 build/SAMD21_WG_IOT_PRIVATE/production/_ext/1812770719/xc32_monitor.o
 .ARM.attributes
                0x00000784       0x32 build/SAMD21_WG_IOT_PRIVATE/production/_ext/131504744/sys_command.o
 .ARM.attributes
                0x000007b6       0x32 build/SAMD21_WG_IOT_PRIVATE/production/_ext/325207436/sys_console.o
 .ARM.attributes
                0x000007e8       0x32 build/SAMD21_WG_IOT_PRIVATE/production/_ext/325207436/sys_console_uart.o
 .ARM.attributes
                0x0000081a       0x32 build/SAMD21_WG_IOT_PRIVATE/production/_ext/1268222528/sys_dma.o
 .ARM.attributes
                0x0000084c       0x32 build/SAMD21_WG_IOT_PRIVATE/production/_ext/1335837964/sys_int.o
 .ARM.attributes
                0x0000087e       0x32 build/SAMD21_WG_IOT_PRIVATE/production/_ext/157239130/sys_time.o
 .ARM.attributes
                0x000008b0       0x32 build/SAMD21_WG_IOT_PRIVATE/production/_ext/853479/initialization.o
 .ARM.attributes
                0x000008e2       0x32 build/SAMD21_WG_IOT_PRIVATE/production/_ext/853479/interrupts.o
 .ARM.attributes
                0x00000914       0x32 build/SAMD21_WG_IOT_PRIVATE/production/_ext/853479/exceptions.o
 .ARM.attributes
                0x00000946       0x32 build/SAMD21_WG_IOT_PRIVATE/production/_ext/853479/startup_xc32.o
 .ARM.attributes
                0x00000978       0x32 build/SAMD21_WG_IOT_PRIVATE/production/_ext/853479/tasks.o
 .ARM.attributes
                0x000009aa       0x32 build/SAMD21_WG_IOT_PRIVATE/production/_ext/364212162/credentials_storage.o
 .ARM.attributes
                0x000009dc       0x32 build/SAMD21_WG_IOT_PRIVATE/production/_ext/2028850473/atca_basic.o
 .ARM.attributes
                0x00000a0e       0x32 build/SAMD21_WG_IOT_PRIVATE/production/_ext/2028850473/atca_basic_genkey.o
 .ARM.attributes
                0x00000a40       0x32 build/SAMD21_WG_IOT_PRIVATE/production/_ext/2028850473/atca_basic_lock.o
 .ARM.attributes
                0x00000a72       0x32 build/SAMD21_WG_IOT_PRIVATE/production/_ext/2028850473/atca_basic_nonce.o
 .ARM.attributes
                0x00000aa4       0x32 build/SAMD21_WG_IOT_PRIVATE/production/_ext/2028850473/atca_basic_random.o
 .ARM.attributes
                0x00000ad6       0x32 build/SAMD21_WG_IOT_PRIVATE/production/_ext/2028850473/atca_basic_read.o
 .ARM.attributes
                0x00000b08       0x32 build/SAMD21_WG_IOT_PRIVATE/production/_ext/2028850473/atca_basic_sign.o
 .ARM.attributes
                0x00000b3a       0x32 build/SAMD21_WG_IOT_PRIVATE/production/_ext/2028850473/atca_helpers.o
 .ARM.attributes
                0x00000b6c       0x32 build/SAMD21_WG_IOT_PRIVATE/production/_ext/626928883/sha2_routines.o
 .ARM.attributes
                0x00000b9e       0x32 build/SAMD21_WG_IOT_PRIVATE/production/_ext/1574659896/atca_crypto_sw_sha2.o
 .ARM.attributes
                0x00000bd0       0x32 build/SAMD21_WG_IOT_PRIVATE/production/_ext/672495748/atca_hal.o
 .ARM.attributes
                0x00000c02       0x32 build/SAMD21_WG_IOT_PRIVATE/production/_ext/672495748/hal_i2c.o
 .ARM.attributes
                0x00000c34       0x32 build/SAMD21_WG_IOT_PRIVATE/production/_ext/672495748/hal_timer.o
 .ARM.attributes
                0x00000c66       0x32 build/SAMD21_WG_IOT_PRIVATE/production/_ext/672493136/atca_jwt.o
 .ARM.attributes
                0x00000c98       0x32 build/SAMD21_WG_IOT_PRIVATE/production/_ext/672483868/atcatls.o
 .ARM.attributes
                0x00000cca       0x32 build/SAMD21_WG_IOT_PRIVATE/production/_ext/1837493384/atca_command.o
 .ARM.attributes
                0x00000cfc       0x32 build/SAMD21_WG_IOT_PRIVATE/production/_ext/1837493384/atca_device.o
 .ARM.attributes
                0x00000d2e       0x32 build/SAMD21_WG_IOT_PRIVATE/production/_ext/1837493384/atca_execution.o
 .ARM.attributes
                0x00000d60       0x32 build/SAMD21_WG_IOT_PRIVATE/production/_ext/1837493384/atca_iface.o
 .ARM.attributes
                0x00000d92       0x32 build/SAMD21_WG_IOT_PRIVATE/production/_ext/1207317302/mqtt_comm_layer.o
 .ARM.attributes
                0x00000dc4       0x32 build/SAMD21_WG_IOT_PRIVATE/production/_ext/1731314967/mqtt_core.o
 .ARM.attributes
                0x00000df6       0x32 build/SAMD21_WG_IOT_PRIVATE/production/_ext/781924270/mqtt_exchange_buffer.o
 .ARM.attributes
                0x00000e28       0x32 build/SAMD21_WG_IOT_PRIVATE/production/_ext/1019103266/mqtt_packetTransfer_interface.o
 .ARM.attributes
                0x00000e5a       0x32 build/SAMD21_WG_IOT_PRIVATE/production/_ext/695851535/bsdWINC.o
 .ARM.attributes
                0x00000e8c       0x32 build/SAMD21_WG_IOT_PRIVATE/production/_ext/1688231369/cryptoauthlib_main.o
 .ARM.attributes
                0x00000ebe       0x32 build/SAMD21_WG_IOT_PRIVATE/production/_ext/1688231369/crypto_client.o
 .ARM.attributes
                0x00000ef0       0x32 build/SAMD21_WG_IOT_PRIVATE/production/_ext/347544798/mqtt_packetPopulate.o
 .ARM.attributes
                0x00000f22       0x32 build/SAMD21_WG_IOT_PRIVATE/production/_ext/711616579/cloud_service.o
 .ARM.attributes
                0x00000f54       0x32 build/SAMD21_WG_IOT_PRIVATE/production/_ext/711616579/wifi_service.o
 .ARM.attributes
                0x00000f86       0x32 build/SAMD21_WG_IOT_PRIVATE/production/_ext/1360937237/debug_print.o
 .ARM.attributes
                0x00000fb8       0x32 build/SAMD21_WG_IOT_PRIVATE/production/_ext/1360937237/led.o
 .ARM.attributes
                0x00000fea       0x32 build/SAMD21_WG_IOT_PRIVATE/production/_ext/1360937237/main.o
 .ARM.attributes
                0x0000101c       0x32 build/SAMD21_WG_IOT_PRIVATE/production/_ext/1360937237/app.o
 .ARM.attributes
                0x0000104e       0x2c c:/program files/microchip/xc32/v2.40/bin/bin/../../lib/gcc/pic32c/6.2.1/../../../../pic32c/lib\libpic32c.a(data_init.o)
 .ARM.attributes
                0x0000107a       0x1e c:/program files/microchip/xc32/v2.40/bin/bin/../../lib/gcc/pic32c/6.2.1\libgcc.a(_udivsi3.o)
 .ARM.attributes
                0x00001098       0x1e c:/program files/microchip/xc32/v2.40/bin/bin/../../lib/gcc/pic32c/6.2.1\libgcc.a(_divsi3.o)
 .ARM.attributes
                0x000010b6       0x1e c:/program files/microchip/xc32/v2.40/bin/bin/../../lib/gcc/pic32c/6.2.1\libgcc.a(_dvmd_tls.o)
 .ARM.attributes
                0x000010d4       0x1e c:/program files/microchip/xc32/v2.40/bin/bin/../../lib/gcc/pic32c/6.2.1\libgcc.a(_aeabi_uldivmod.o)
 .ARM.attributes
                0x000010f2       0x2c c:/program files/microchip/xc32/v2.40/bin/bin/../../lib/gcc/pic32c/6.2.1\libgcc.a(_muldi3.o)
 .ARM.attributes
                0x0000111e       0x2c c:/program files/microchip/xc32/v2.40/bin/bin/../../lib/gcc/pic32c/6.2.1\libgcc.a(_fixunsdfsi.o)
 .ARM.attributes
                0x0000114a       0x2c c:/program files/microchip/xc32/v2.40/bin/bin/../../lib/gcc/pic32c/6.2.1\libgcc.a(_udivmoddi4.o)
 .ARM.attributes
                0x00001176       0x2c c:/program files/microchip/xc32/v2.40/bin/bin/../../lib/gcc/pic32c/6.2.1\libgcc.a(divsf3.o)
 .ARM.attributes
                0x000011a2       0x2c c:/program files/microchip/xc32/v2.40/bin/bin/../../lib/gcc/pic32c/6.2.1\libgcc.a(floatunsisf.o)
 .ARM.attributes
                0x000011ce       0x2c c:/program files/microchip/xc32/v2.40/bin/bin/../../lib/gcc/pic32c/6.2.1\libgcc.a(adddf3.o)
 .ARM.attributes
                0x000011fa       0x2c c:/program files/microchip/xc32/v2.40/bin/bin/../../lib/gcc/pic32c/6.2.1\libgcc.a(divdf3.o)
 .ARM.attributes
                0x00001226       0x2c c:/program files/microchip/xc32/v2.40/bin/bin/../../lib/gcc/pic32c/6.2.1\libgcc.a(muldf3.o)
 .ARM.attributes
                0x00001252       0x2c c:/program files/microchip/xc32/v2.40/bin/bin/../../lib/gcc/pic32c/6.2.1\libgcc.a(subdf3.o)
 .ARM.attributes
                0x0000127e       0x2c c:/program files/microchip/xc32/v2.40/bin/bin/../../lib/gcc/pic32c/6.2.1\libgcc.a(fixdfsi.o)
 .ARM.attributes
                0x000012aa       0x2c c:/program files/microchip/xc32/v2.40/bin/bin/../../lib/gcc/pic32c/6.2.1\libgcc.a(floatsidf.o)
 .ARM.attributes
                0x000012d6       0x2c c:/program files/microchip/xc32/v2.40/bin/bin/../../lib/gcc/pic32c/6.2.1\libgcc.a(extendsfdf2.o)
 .ARM.attributes
                0x00001302       0x2c c:/program files/microchip/xc32/v2.40/bin/bin/../../lib/gcc/pic32c/6.2.1\libgcc.a(truncdfsf2.o)
 .ARM.attributes
                0x0000132e       0x1e c:/program files/microchip/xc32/v2.40/bin/bin/../../lib/gcc/pic32c/6.2.1\libgcc.a(_thumb1_case_uqi.o)
 .ARM.attributes
                0x0000134c       0x1e c:/program files/microchip/xc32/v2.40/bin/bin/../../lib/gcc/pic32c/6.2.1\libgcc.a(_thumb1_case_uhi.o)
 .ARM.attributes
                0x0000136a       0x1e c:/program files/microchip/xc32/v2.40/bin/bin/../../lib/gcc/pic32c/6.2.1\libgcc.a(_lshrdi3.o)
 .ARM.attributes
                0x00001388       0x1e c:/program files/microchip/xc32/v2.40/bin/bin/../../lib/gcc/pic32c/6.2.1\libgcc.a(_ashldi3.o)
 .ARM.attributes
                0x000013a6       0x1e c:/program files/microchip/xc32/v2.40/bin/bin/../../lib/gcc/pic32c/6.2.1\libgcc.a(_arm_cmpdf2.o)
 .ARM.attributes
                0x000013c4       0x1e c:/program files/microchip/xc32/v2.40/bin/bin/../../lib/gcc/pic32c/6.2.1\libgcc.a(_clzsi2.o)
 .ARM.attributes
                0x000013e2       0x1e c:/program files/microchip/xc32/v2.40/bin/bin/../../lib/gcc/pic32c/6.2.1\libgcc.a(_clzdi2.o)
 .ARM.attributes
                0x00001400       0x2c c:/program files/microchip/xc32/v2.40/bin/bin/../../lib/gcc/pic32c/6.2.1\libgcc.a(eqdf2.o)
 .ARM.attributes
                0x0000142c       0x2c c:/program files/microchip/xc32/v2.40/bin/bin/../../lib/gcc/pic32c/6.2.1\libgcc.a(gedf2.o)
 .ARM.attributes
                0x00001458       0x2c c:/program files/microchip/xc32/v2.40/bin/bin/../../lib/gcc/pic32c/6.2.1\libgcc.a(ledf2.o)
 .ARM.attributes
                0x00001484       0x2c c:/program files/microchip/xc32/v2.40/bin/bin/../../lib/gcc/pic32c/6.2.1/../../../../pic32c/lib\libc_nano.a(lib_a-atoi.o)
 .ARM.attributes
                0x000014b0       0x2c c:/program files/microchip/xc32/v2.40/bin/bin/../../lib/gcc/pic32c/6.2.1/../../../../pic32c/lib\libc_nano.a(lib_a-calloc.o)
 .ARM.attributes
                0x000014dc       0x2c c:/program files/microchip/xc32/v2.40/bin/bin/../../lib/gcc/pic32c/6.2.1/../../../../pic32c/lib\libc_nano.a(lib_a-difftime.o)
 .ARM.attributes
                0x00001508       0x2c c:/program files/microchip/xc32/v2.40/bin/bin/../../lib/gcc/pic32c/6.2.1/../../../../pic32c/lib\libc_nano.a(lib_a-gmtime.o)
 .ARM.attributes
                0x00001534       0x2c c:/program files/microchip/xc32/v2.40/bin/bin/../../lib/gcc/pic32c/6.2.1/../../../../pic32c/lib\libc_nano.a(lib_a-gmtime_r.o)
 .ARM.attributes
                0x00001560       0x2c c:/program files/microchip/xc32/v2.40/bin/bin/../../lib/gcc/pic32c/6.2.1/../../../../pic32c/lib\libc_nano.a(lib_a-impure.o)
 .ARM.attributes
                0x0000158c       0x2c c:/program files/microchip/xc32/v2.40/bin/bin/../../lib/gcc/pic32c/6.2.1/../../../../pic32c/lib\libc_nano.a(lib_a-init.o)
 .ARM.attributes
                0x000015b8       0x2c c:/program files/microchip/xc32/v2.40/bin/bin/../../lib/gcc/pic32c/6.2.1/../../../../pic32c/lib\libc_nano.a(lib_a-malloc.o)
 .ARM.attributes
                0x000015e4       0x2c c:/program files/microchip/xc32/v2.40/bin/bin/../../lib/gcc/pic32c/6.2.1/../../../../pic32c/lib\libc_nano.a(lib_a-memcmp.o)
 .ARM.attributes
                0x00001610       0x2c c:/program files/microchip/xc32/v2.40/bin/bin/../../lib/gcc/pic32c/6.2.1/../../../../pic32c/lib\libc_nano.a(lib_a-memcpy-stub.o)
 .ARM.attributes
                0x0000163c       0x2c c:/program files/microchip/xc32/v2.40/bin/bin/../../lib/gcc/pic32c/6.2.1/../../../../pic32c/lib\libc_nano.a(lib_a-memmove.o)
 .ARM.attributes
                0x00001668       0x2c c:/program files/microchip/xc32/v2.40/bin/bin/../../lib/gcc/pic32c/6.2.1/../../../../pic32c/lib\libc_nano.a(lib_a-memset.o)
 .ARM.attributes
                0x00001694       0x2c c:/program files/microchip/xc32/v2.40/bin/bin/../../lib/gcc/pic32c/6.2.1/../../../../pic32c/lib\libc_nano.a(lib_a-mktime.o)
 .ARM.attributes
                0x000016c0       0x2c c:/program files/microchip/xc32/v2.40/bin/bin/../../lib/gcc/pic32c/6.2.1/../../../../pic32c/lib\libc_nano.a(lib_a-nano-callocr.o)
 .ARM.attributes
                0x000016ec       0x2c c:/program files/microchip/xc32/v2.40/bin/bin/../../lib/gcc/pic32c/6.2.1/../../../../pic32c/lib\libc_nano.a(lib_a-nano-freer.o)
 .ARM.attributes
                0x00001718       0x2c c:/program files/microchip/xc32/v2.40/bin/bin/../../lib/gcc/pic32c/6.2.1/../../../../pic32c/lib\libc_nano.a(lib_a-nano-mallocr.o)
 .ARM.attributes
                0x00001744       0x2c c:/program files/microchip/xc32/v2.40/bin/bin/../../lib/gcc/pic32c/6.2.1/../../../../pic32c/lib\libc_nano.a(lib_a-printf.o)
 .ARM.attributes
                0x00001770       0x2c c:/program files/microchip/xc32/v2.40/bin/bin/../../lib/gcc/pic32c/6.2.1/../../../../pic32c/lib\libc_nano.a(lib_a-sbrkr.o)
 .ARM.attributes
                0x0000179c       0x2c c:/program files/microchip/xc32/v2.40/bin/bin/../../lib/gcc/pic32c/6.2.1/../../../../pic32c/lib\libc_nano.a(lib_a-snprintf.o)
 .ARM.attributes
                0x000017c8       0x2c c:/program files/microchip/xc32/v2.40/bin/bin/../../lib/gcc/pic32c/6.2.1/../../../../pic32c/lib\libc_nano.a(lib_a-sprintf.o)
 .ARM.attributes
                0x000017f4       0x1c c:/program files/microchip/xc32/v2.40/bin/bin/../../lib/gcc/pic32c/6.2.1/../../../../pic32c/lib\libc_nano.a(lib_a-strcmp.o)
 .ARM.attributes
                0x00001810       0x2c c:/program files/microchip/xc32/v2.40/bin/bin/../../lib/gcc/pic32c/6.2.1/../../../../pic32c/lib\libc_nano.a(lib_a-strcpy.o)
 .ARM.attributes
                0x0000183c       0x1c c:/program files/microchip/xc32/v2.40/bin/bin/../../lib/gcc/pic32c/6.2.1/../../../../pic32c/lib\libc_nano.a(lib_a-strlen.o)
 .ARM.attributes
                0x00001858       0x2c c:/program files/microchip/xc32/v2.40/bin/bin/../../lib/gcc/pic32c/6.2.1/../../../../pic32c/lib\libc_nano.a(lib_a-strncmp.o)
 .ARM.attributes
                0x00001884       0x2c c:/program files/microchip/xc32/v2.40/bin/bin/../../lib/gcc/pic32c/6.2.1/../../../../pic32c/lib\libc_nano.a(lib_a-strncpy.o)
 .ARM.attributes
                0x000018b0       0x2c c:/program files/microchip/xc32/v2.40/bin/bin/../../lib/gcc/pic32c/6.2.1/../../../../pic32c/lib\libc_nano.a(lib_a-strstr.o)
 .ARM.attributes
                0x000018dc       0x2c c:/program files/microchip/xc32/v2.40/bin/bin/../../lib/gcc/pic32c/6.2.1/../../../../pic32c/lib\libc_nano.a(lib_a-strtok.o)
 .ARM.attributes
                0x00001908       0x2c c:/program files/microchip/xc32/v2.40/bin/bin/../../lib/gcc/pic32c/6.2.1/../../../../pic32c/lib\libc_nano.a(lib_a-strtok_r.o)
 .ARM.attributes
                0x00001934       0x2c c:/program files/microchip/xc32/v2.40/bin/bin/../../lib/gcc/pic32c/6.2.1/../../../../pic32c/lib\libc_nano.a(lib_a-strtol.o)
 .ARM.attributes
                0x00001960       0x2c c:/program files/microchip/xc32/v2.40/bin/bin/../../lib/gcc/pic32c/6.2.1/../../../../pic32c/lib\libc_nano.a(lib_a-tzcalc_limits.o)
 .ARM.attributes
                0x0000198c       0x2c c:/program files/microchip/xc32/v2.40/bin/bin/../../lib/gcc/pic32c/6.2.1/../../../../pic32c/lib\libc_nano.a(lib_a-tzset.o)
 .ARM.attributes
                0x000019b8       0x2c c:/program files/microchip/xc32/v2.40/bin/bin/../../lib/gcc/pic32c/6.2.1/../../../../pic32c/lib\libc_nano.a(lib_a-tzset_r.o)
 .ARM.attributes
                0x000019e4       0x2c c:/program files/microchip/xc32/v2.40/bin/bin/../../lib/gcc/pic32c/6.2.1/../../../../pic32c/lib\libc_nano.a(lib_a-tzvars.o)
 .ARM.attributes
                0x00001a10       0x2c c:/program files/microchip/xc32/v2.40/bin/bin/../../lib/gcc/pic32c/6.2.1/../../../../pic32c/lib\libc_nano.a(lib_a-vsnprintf.o)
 .ARM.attributes
                0x00001a3c       0x2c c:/program files/microchip/xc32/v2.40/bin/bin/../../lib/gcc/pic32c/6.2.1/../../../../pic32c/lib\libc_nano.a(lib_a-wbuf.o)
 .ARM.attributes
                0x00001a68       0x2c c:/program files/microchip/xc32/v2.40/bin/bin/../../lib/gcc/pic32c/6.2.1/../../../../pic32c/lib\libc_nano.a(lib_a-wsetup.o)
 .ARM.attributes
                0x00001a94       0x2c c:/program files/microchip/xc32/v2.40/bin/bin/../../lib/gcc/pic32c/6.2.1/../../../../pic32c/lib\libc_nano.a(lib_a-div.o)
 .ARM.attributes
                0x00001ac0       0x2c c:/program files/microchip/xc32/v2.40/bin/bin/../../lib/gcc/pic32c/6.2.1/../../../../pic32c/lib\libc_nano.a(lib_a-fflush.o)
 .ARM.attributes
                0x00001aec       0x2c c:/program files/microchip/xc32/v2.40/bin/bin/../../lib/gcc/pic32c/6.2.1/../../../../pic32c/lib\libc_nano.a(lib_a-findfp.o)
 .ARM.attributes
                0x00001b18       0x2c c:/program files/microchip/xc32/v2.40/bin/bin/../../lib/gcc/pic32c/6.2.1/../../../../pic32c/lib\libc_nano.a(lib_a-fwalk.o)
 .ARM.attributes
                0x00001b44       0x2c c:/program files/microchip/xc32/v2.40/bin/bin/../../lib/gcc/pic32c/6.2.1/../../../../pic32c/lib\libc_nano.a(lib_a-getenv_r.o)
 .ARM.attributes
                0x00001b70       0x2c c:/program files/microchip/xc32/v2.40/bin/bin/../../lib/gcc/pic32c/6.2.1/../../../../pic32c/lib\libc_nano.a(lib_a-gettzinfo.o)
 .ARM.attributes
                0x00001b9c       0x2c c:/program files/microchip/xc32/v2.40/bin/bin/../../lib/gcc/pic32c/6.2.1/../../../../pic32c/lib\libc_nano.a(lib_a-locale.o)
 .ARM.attributes
                0x00001bc8       0x2c c:/program files/microchip/xc32/v2.40/bin/bin/../../lib/gcc/pic32c/6.2.1/../../../../pic32c/lib\libc_nano.a(lib_a-makebuf.o)
 .ARM.attributes
                0x00001bf4       0x2c c:/program files/microchip/xc32/v2.40/bin/bin/../../lib/gcc/pic32c/6.2.1/../../../../pic32c/lib\libc_nano.a(lib_a-mbtowc_r.o)
 .ARM.attributes
                0x00001c20       0x2c c:/program files/microchip/xc32/v2.40/bin/bin/../../lib/gcc/pic32c/6.2.1/../../../../pic32c/lib\libc_nano.a(lib_a-mlock.o)
 .ARM.attributes
                0x00001c4c       0x2c c:/program files/microchip/xc32/v2.40/bin/bin/../../lib/gcc/pic32c/6.2.1/../../../../pic32c/lib\libc_nano.a(lib_a-month_lengths.o)
 .ARM.attributes
                0x00001c78       0x2c c:/program files/microchip/xc32/v2.40/bin/bin/../../lib/gcc/pic32c/6.2.1/../../../../pic32c/lib\libc_nano.a(lib_a-nano-svfprintf.o)
 .ARM.attributes
                0x00001ca4       0x2c c:/program files/microchip/xc32/v2.40/bin/bin/../../lib/gcc/pic32c/6.2.1/../../../../pic32c/lib\libc_nano.a(_lib_a-nano-vfprintf.cdeEfFgGnopsuxX.o)
 .ARM.attributes
                0x00001cd0       0x2c c:/program files/microchip/xc32/v2.40/bin/bin/../../lib/gcc/pic32c/6.2.1/../../../../pic32c/lib\libc_nano.a(lib_a-nano-vfprintf_i.o)
 .ARM.attributes
                0x00001cfc       0x2c c:/program files/microchip/xc32/v2.40/bin/bin/../../lib/gcc/pic32c/6.2.1/../../../../pic32c/lib\libc_nano.a(lib_a-nano-vfprintf.o)
 .ARM.attributes
                0x00001d28       0x2c c:/program files/microchip/xc32/v2.40/bin/bin/../../lib/gcc/pic32c/6.2.1/../../../../pic32c/lib\libc_nano.a(lib_a-reent.o)
 .ARM.attributes
                0x00001d54       0x2c c:/program files/microchip/xc32/v2.40/bin/bin/../../lib/gcc/pic32c/6.2.1/../../../../pic32c/lib\libc_nano.a(lib_a-sscanf.o)
 .ARM.attributes
                0x00001d80       0x2c c:/program files/microchip/xc32/v2.40/bin/bin/../../lib/gcc/pic32c/6.2.1/../../../../pic32c/lib\libc_nano.a(lib_a-__ssfputs.o)
 .ARM.attributes
                0x00001dac       0x2c c:/program files/microchip/xc32/v2.40/bin/bin/../../lib/gcc/pic32c/6.2.1/../../../../pic32c/lib\libc_nano.a(lib_a-__ssputs.o)
 .ARM.attributes
                0x00001dd8       0x2c c:/program files/microchip/xc32/v2.40/bin/bin/../../lib/gcc/pic32c/6.2.1/../../../../pic32c/lib\libc_nano.a(lib_a-stdio.o)
 .ARM.attributes
                0x00001e04       0x2c c:/program files/microchip/xc32/v2.40/bin/bin/../../lib/gcc/pic32c/6.2.1/../../../../pic32c/lib\libc_nano.a(lib_a-strtoul.o)
 .ARM.attributes
                0x00001e30       0x2c c:/program files/microchip/xc32/v2.40/bin/bin/../../lib/gcc/pic32c/6.2.1/../../../../pic32c/lib\libc_nano.a(lib_a-wctomb_r.o)
 .ARM.attributes
                0x00001e5c       0x2c c:/program files/microchip/xc32/v2.40/bin/bin/../../lib/gcc/pic32c/6.2.1/../../../../pic32c/lib\libc_nano.a(lib_a-writer.o)
 .ARM.attributes
                0x00001e88       0x2c c:/program files/microchip/xc32/v2.40/bin/bin/../../lib/gcc/pic32c/6.2.1/../../../../pic32c/lib\libc_nano.a(lib_a-closer.o)
 .ARM.attributes
                0x00001eb4       0x2c c:/program files/microchip/xc32/v2.40/bin/bin/../../lib/gcc/pic32c/6.2.1/../../../../pic32c/lib\libc_nano.a(lib_a-ctype_.o)
 .ARM.attributes
                0x00001ee0       0x2c c:/program files/microchip/xc32/v2.40/bin/bin/../../lib/gcc/pic32c/6.2.1/../../../../pic32c/lib\libc_nano.a(lib_a-dtoa.o)
 .ARM.attributes
                0x00001f0c       0x2c c:/program files/microchip/xc32/v2.40/bin/bin/../../lib/gcc/pic32c/6.2.1/../../../../pic32c/lib\libc_nano.a(lib_a-environ.o)
 .ARM.attributes
                0x00001f38       0x2c c:/program files/microchip/xc32/v2.40/bin/bin/../../lib/gcc/pic32c/6.2.1/../../../../pic32c/lib\libc_nano.a(lib_a-envlock.o)
 .ARM.attributes
                0x00001f64       0x2c c:/program files/microchip/xc32/v2.40/bin/bin/../../lib/gcc/pic32c/6.2.1/../../../../pic32c/lib\libc_nano.a(lib_a-fputwc.o)
 .ARM.attributes
                0x00001f90       0x2c c:/program files/microchip/xc32/v2.40/bin/bin/../../lib/gcc/pic32c/6.2.1/../../../../pic32c/lib\libc_nano.a(lib_a-fstatr.o)
 .ARM.attributes
                0x00001fbc       0x2c c:/program files/microchip/xc32/v2.40/bin/bin/../../lib/gcc/pic32c/6.2.1/../../../../pic32c/lib\libc_nano.a(lib_a-isattyr.o)
 .ARM.attributes
                0x00001fe8       0x2c c:/program files/microchip/xc32/v2.40/bin/bin/../../lib/gcc/pic32c/6.2.1/../../../../pic32c/lib\libc_nano.a(lib_a-localeconv.o)
 .ARM.attributes
                0x00002014       0x2c c:/program files/microchip/xc32/v2.40/bin/bin/../../lib/gcc/pic32c/6.2.1/../../../../pic32c/lib\libc_nano.a(lib_a-lseekr.o)
 .ARM.attributes
                0x00002040       0x2c c:/program files/microchip/xc32/v2.40/bin/bin/../../lib/gcc/pic32c/6.2.1/../../../../pic32c/lib\libc_nano.a(lib_a-memchr-stub.o)
 .ARM.attributes
                0x0000206c       0x2c c:/program files/microchip/xc32/v2.40/bin/bin/../../lib/gcc/pic32c/6.2.1/../../../../pic32c/lib\libc_nano.a(lib_a-mprec.o)
 .ARM.attributes
                0x00002098       0x2c c:/program files/microchip/xc32/v2.40/bin/bin/../../lib/gcc/pic32c/6.2.1/../../../../pic32c/lib\libc_nano.a(lib_a-nano-reallocr.o)
 .ARM.attributes
                0x000020c4       0x2c c:/program files/microchip/xc32/v2.40/bin/bin/../../lib/gcc/pic32c/6.2.1/../../../../pic32c/lib\libc_nano.a(lib_a-nano-svfscanf.o)
 .ARM.attributes
                0x000020f0       0x2c c:/program files/microchip/xc32/v2.40/bin/bin/../../lib/gcc/pic32c/6.2.1/../../../../pic32c/lib\libc_nano.a(lib_a-nano-vfscanf_i.o)
 .ARM.attributes
                0x0000211c       0x2c c:/program files/microchip/xc32/v2.40/bin/bin/../../lib/gcc/pic32c/6.2.1/../../../../pic32c/lib\libc_nano.a(lib_a-readr.o)
 .ARM.attributes
                0x00002148       0x2c c:/program files/microchip/xc32/v2.40/bin/bin/../../lib/gcc/pic32c/6.2.1/../../../../pic32c/lib\libc_nano.a(lib_a-sccl.o)
 .ARM.attributes
                0x00002174       0x2c c:/program files/microchip/xc32/v2.40/bin/bin/../../lib/gcc/pic32c/6.2.1/../../../../pic32c/lib\libc_nano.a(lib_a-ungetc.o)
 .ARM.attributes
                0x000021a0       0x2c c:/program files/microchip/xc32/v2.40/bin/bin/../../lib/gcc/pic32c/6.2.1/../../../../pic32c/lib\libc_nano.a(lib_a-wcrtomb.o)
 .ARM.attributes
                0x000021cc       0x2c c:/program files/microchip/xc32/v2.40/bin/bin/../../lib/gcc/pic32c/6.2.1/../../../../pic32c/lib\libc_nano.a(lib_a-nano-msizer.o)
 .ARM.attributes
                0x000021f8       0x2c c:/program files/microchip/xc32/v2.40/bin/bin/../../lib/gcc/pic32c/6.2.1/../../../../pic32c/lib\libpic32c.a(_close.o)
 .ARM.attributes
                0x00002224       0x2c c:/program files/microchip/xc32/v2.40/bin/bin/../../lib/gcc/pic32c/6.2.1/../../../../pic32c/lib\libpic32c.a(_fstat.o)
 .ARM.attributes
                0x00002250       0x2c c:/program files/microchip/xc32/v2.40/bin/bin/../../lib/gcc/pic32c/6.2.1/../../../../pic32c/lib\libpic32c.a(_isatty.o)
 .ARM.attributes
                0x0000227c       0x2c c:/program files/microchip/xc32/v2.40/bin/bin/../../lib/gcc/pic32c/6.2.1/../../../../pic32c/lib\libpic32c.a(_lseek.o)
 .ARM.attributes
                0x000022a8       0x2c c:/program files/microchip/xc32/v2.40/bin/bin/../../lib/gcc/pic32c/6.2.1/../../../../pic32c/lib\libpic32c.a(_read.o)
 .ARM.attributes
                0x000022d4       0x2c c:/program files/microchip/xc32/v2.40/bin/bin/../../lib/gcc/pic32c/6.2.1/../../../../pic32c/lib\libpic32c.a(sbrk.o)
 .ARM.attributes
                0x00002300       0x2c c:/program files/microchip/xc32/v2.40/bin/bin/../../lib/gcc/pic32c/6.2.1/../../../../pic32c/lib\libpic32c.a(_write.o)
 .ARM.attributes
                0x0000232c       0x2c c:/program files/microchip/xc32/v2.40/bin/bin/../../lib/gcc/pic32c/6.2.1/../../../../pic32c/lib\libpic32c.a(close.o)
 .ARM.attributes
                0x00002358       0x2c c:/program files/microchip/xc32/v2.40/bin/bin/../../lib/gcc/pic32c/6.2.1/../../../../pic32c/lib\libpic32c.a(fstat.o)
 .ARM.attributes
                0x00002384       0x2c c:/program files/microchip/xc32/v2.40/bin/bin/../../lib/gcc/pic32c/6.2.1/../../../../pic32c/lib\libpic32c.a(isatty.o)
 .ARM.attributes
                0x000023b0       0x2c c:/program files/microchip/xc32/v2.40/bin/bin/../../lib/gcc/pic32c/6.2.1/../../../../pic32c/lib\libpic32c.a(lseek.o)
 .ARM.attributes
                0x000023dc       0x2c c:/program files/microchip/xc32/v2.40/bin/bin/../../lib/gcc/pic32c/6.2.1/../../../../pic32c/lib\libpic32c.a(read.o)
 .ARM.attributes
                0x00002408       0x2c c:/program files/microchip/xc32/v2.40/bin/bin/../../lib/gcc/pic32c/6.2.1/../../../../pic32c/lib\libpic32c.a(write.o)
 .ARM.attributes
                0x00002434       0x2c c:/program files/microchip/xc32/v2.40/bin/bin/../../lib/gcc/pic32c/6.2.1\libgcc.a(unorddf2.o)
 .ARM.attributes
                0x00002460       0x2c c:/program files/microchip/xc32/v2.40/bin/bin/../../lib/gcc/pic32c/6.2.1\libgcc.a(floatunsidf.o)
 .ARM.attributes
                0x0000248c       0x1e c:/program files/microchip/xc32/v2.40/bin/bin/../../lib/gcc/pic32c/6.2.1/crtn.o

.comment        0x00000000       0x3c
 .comment       0x00000000       0x3c c:/program files/microchip/xc32/v2.40/bin/bin/../../lib/gcc/pic32c/6.2.1/crtbegin.o
                                 0x3d (size before relaxing)
 .comment       0x0000003c       0x3d build/SAMD21_WG_IOT_PRIVATE/production/_ext/1678205250/drv_spi.o
 .comment       0x0000003c       0x3d build/SAMD21_WG_IOT_PRIVATE/production/_ext/328869906/wdrv_winc_eint.o
 .comment       0x0000003c       0x3d build/SAMD21_WG_IOT_PRIVATE/production/_ext/328869906/wdrv_winc_gpio.o
 .comment       0x0000003c       0x3d build/SAMD21_WG_IOT_PRIVATE/production/_ext/2088830217/wdrv_winc_spi.o
 .comment       0x0000003c       0x3d build/SAMD21_WG_IOT_PRIVATE/production/_ext/373976187/nm_common.o
 .comment       0x0000003c       0x3d build/SAMD21_WG_IOT_PRIVATE/production/_ext/405265080/m2m_hif.o
 .comment       0x0000003c       0x3d build/SAMD21_WG_IOT_PRIVATE/production/_ext/405265080/m2m_wifi.o
 .comment       0x0000003c       0x3d build/SAMD21_WG_IOT_PRIVATE/production/_ext/405265080/nmasic.o
 .comment       0x0000003c       0x3d build/SAMD21_WG_IOT_PRIVATE/production/_ext/405265080/nmbus.o
 .comment       0x0000003c       0x3d build/SAMD21_WG_IOT_PRIVATE/production/_ext/405265080/nmdrv.o
 .comment       0x0000003c       0x3d build/SAMD21_WG_IOT_PRIVATE/production/_ext/405265080/nmspi.o
 .comment       0x0000003c       0x3d build/SAMD21_WG_IOT_PRIVATE/production/_ext/405265080/m2m_ota.o
 .comment       0x0000003c       0x3d build/SAMD21_WG_IOT_PRIVATE/production/_ext/405265080/m2m_ssl.o
 .comment       0x0000003c       0x3d build/SAMD21_WG_IOT_PRIVATE/production/_ext/831742467/socket.o
 .comment       0x0000003c       0x3d build/SAMD21_WG_IOT_PRIVATE/production/_ext/1091366131/spi_flash.o
 .comment       0x0000003c       0x3d build/SAMD21_WG_IOT_PRIVATE/production/_ext/1461284888/wdrv_winc_osal.o
 .comment       0x0000003c       0x3d build/SAMD21_WG_IOT_PRIVATE/production/_ext/845676186/wdrv_winc.o
 .comment       0x0000003c       0x3d build/SAMD21_WG_IOT_PRIVATE/production/_ext/845676186/wdrv_winc_authctx.o
 .comment       0x0000003c       0x3d build/SAMD21_WG_IOT_PRIVATE/production/_ext/845676186/wdrv_winc_bssctx.o
 .comment       0x0000003c       0x3d build/SAMD21_WG_IOT_PRIVATE/production/_ext/845676186/wdrv_winc_host_file.o
 .comment       0x0000003c       0x3d build/SAMD21_WG_IOT_PRIVATE/production/_ext/845676186/wdrv_winc_socket.o
 .comment       0x0000003c       0x3d build/SAMD21_WG_IOT_PRIVATE/production/_ext/845676186/wdrv_winc_sta.o
 .comment       0x0000003c       0x3d build/SAMD21_WG_IOT_PRIVATE/production/_ext/845676186/wdrv_winc_systime.o
 .comment       0x0000003c       0x3d build/SAMD21_WG_IOT_PRIVATE/production/_ext/485667147/plib_adc.o
 .comment       0x0000003c       0x3d build/SAMD21_WG_IOT_PRIVATE/production/_ext/1427407075/plib_clock.o
 .comment       0x0000003c       0x3d build/SAMD21_WG_IOT_PRIVATE/production/_ext/2124285686/plib_dmac.o
 .comment       0x0000003c       0x3d build/SAMD21_WG_IOT_PRIVATE/production/_ext/485663148/plib_eic.o
 .comment       0x0000003c       0x3d build/SAMD21_WG_IOT_PRIVATE/production/_ext/1429556561/plib_evsys.o
 .comment       0x0000003c       0x3d build/SAMD21_WG_IOT_PRIVATE/production/_ext/2124592493/plib_nvic.o
 .comment       0x0000003c       0x3d build/SAMD21_WG_IOT_PRIVATE/production/_ext/1194272987/plib_nvmctrl.o
 .comment       0x0000003c       0x3d build/SAMD21_WG_IOT_PRIVATE/production/_ext/2124645644/plib_port.o
 .comment       0x0000003c       0x3d build/SAMD21_WG_IOT_PRIVATE/production/_ext/485650314/plib_rtc_clock.o
 .comment       0x0000003c       0x3d build/SAMD21_WG_IOT_PRIVATE/production/_ext/1357986986/plib_sercom3_i2c_master.o
 .comment       0x0000003c       0x3d build/SAMD21_WG_IOT_PRIVATE/production/_ext/866752344/plib_sercom4_spi_master.o
 .comment       0x0000003c       0x3d build/SAMD21_WG_IOT_PRIVATE/production/_ext/27410978/plib_sercom5_usart.o
 .comment       0x0000003c       0x3d build/SAMD21_WG_IOT_PRIVATE/production/_ext/708402758/plib_tc3.o
 .comment       0x0000003c       0x3d build/SAMD21_WG_IOT_PRIVATE/production/_ext/1812770719/xc32_monitor.o
 .comment       0x0000003c       0x3d build/SAMD21_WG_IOT_PRIVATE/production/_ext/131504744/sys_command.o
 .comment       0x0000003c       0x3d build/SAMD21_WG_IOT_PRIVATE/production/_ext/325207436/sys_console.o
 .comment       0x0000003c       0x3d build/SAMD21_WG_IOT_PRIVATE/production/_ext/325207436/sys_console_uart.o
 .comment       0x0000003c       0x3d build/SAMD21_WG_IOT_PRIVATE/production/_ext/1268222528/sys_dma.o
 .comment       0x0000003c       0x3d build/SAMD21_WG_IOT_PRIVATE/production/_ext/1335837964/sys_int.o
 .comment       0x0000003c       0x3d build/SAMD21_WG_IOT_PRIVATE/production/_ext/157239130/sys_time.o
 .comment       0x0000003c       0x3d build/SAMD21_WG_IOT_PRIVATE/production/_ext/853479/initialization.o
 .comment       0x0000003c       0x3d build/SAMD21_WG_IOT_PRIVATE/production/_ext/853479/interrupts.o
 .comment       0x0000003c       0x3d build/SAMD21_WG_IOT_PRIVATE/production/_ext/853479/exceptions.o
 .comment       0x0000003c       0x3d build/SAMD21_WG_IOT_PRIVATE/production/_ext/853479/startup_xc32.o
 .comment       0x0000003c       0x3d build/SAMD21_WG_IOT_PRIVATE/production/_ext/853479/tasks.o
 .comment       0x0000003c       0x3d build/SAMD21_WG_IOT_PRIVATE/production/_ext/364212162/credentials_storage.o
 .comment       0x0000003c       0x3d build/SAMD21_WG_IOT_PRIVATE/production/_ext/2028850473/atca_basic.o
 .comment       0x0000003c       0x3d build/SAMD21_WG_IOT_PRIVATE/production/_ext/2028850473/atca_basic_genkey.o
 .comment       0x0000003c       0x3d build/SAMD21_WG_IOT_PRIVATE/production/_ext/2028850473/atca_basic_lock.o
 .comment       0x0000003c       0x3d build/SAMD21_WG_IOT_PRIVATE/production/_ext/2028850473/atca_basic_nonce.o
 .comment       0x0000003c       0x3d build/SAMD21_WG_IOT_PRIVATE/production/_ext/2028850473/atca_basic_random.o
 .comment       0x0000003c       0x3d build/SAMD21_WG_IOT_PRIVATE/production/_ext/2028850473/atca_basic_read.o
 .comment       0x0000003c       0x3d build/SAMD21_WG_IOT_PRIVATE/production/_ext/2028850473/atca_basic_sign.o
 .comment       0x0000003c       0x3d build/SAMD21_WG_IOT_PRIVATE/production/_ext/2028850473/atca_helpers.o
 .comment       0x0000003c       0x3d build/SAMD21_WG_IOT_PRIVATE/production/_ext/626928883/sha2_routines.o
 .comment       0x0000003c       0x3d build/SAMD21_WG_IOT_PRIVATE/production/_ext/1574659896/atca_crypto_sw_sha2.o
 .comment       0x0000003c       0x3d build/SAMD21_WG_IOT_PRIVATE/production/_ext/672495748/atca_hal.o
 .comment       0x0000003c       0x3d build/SAMD21_WG_IOT_PRIVATE/production/_ext/672495748/hal_i2c.o
 .comment       0x0000003c       0x3d build/SAMD21_WG_IOT_PRIVATE/production/_ext/672495748/hal_timer.o
 .comment       0x0000003c       0x3d build/SAMD21_WG_IOT_PRIVATE/production/_ext/672493136/atca_jwt.o
 .comment       0x0000003c       0x3d build/SAMD21_WG_IOT_PRIVATE/production/_ext/672483868/atcatls.o
 .comment       0x0000003c       0x3d build/SAMD21_WG_IOT_PRIVATE/production/_ext/1837493384/atca_command.o
 .comment       0x0000003c       0x3d build/SAMD21_WG_IOT_PRIVATE/production/_ext/1837493384/atca_device.o
 .comment       0x0000003c       0x3d build/SAMD21_WG_IOT_PRIVATE/production/_ext/1837493384/atca_execution.o
 .comment       0x0000003c       0x3d build/SAMD21_WG_IOT_PRIVATE/production/_ext/1837493384/atca_iface.o
 .comment       0x0000003c       0x3d build/SAMD21_WG_IOT_PRIVATE/production/_ext/1207317302/mqtt_comm_layer.o
 .comment       0x0000003c       0x3d build/SAMD21_WG_IOT_PRIVATE/production/_ext/1731314967/mqtt_core.o
 .comment       0x0000003c       0x3d build/SAMD21_WG_IOT_PRIVATE/production/_ext/781924270/mqtt_exchange_buffer.o
 .comment       0x0000003c       0x3d build/SAMD21_WG_IOT_PRIVATE/production/_ext/1019103266/mqtt_packetTransfer_interface.o
 .comment       0x0000003c       0x3d build/SAMD21_WG_IOT_PRIVATE/production/_ext/695851535/bsdWINC.o
 .comment       0x0000003c       0x3d build/SAMD21_WG_IOT_PRIVATE/production/_ext/1688231369/cryptoauthlib_main.o
 .comment       0x0000003c       0x3d build/SAMD21_WG_IOT_PRIVATE/production/_ext/1688231369/crypto_client.o
 .comment       0x0000003c       0x3d build/SAMD21_WG_IOT_PRIVATE/production/_ext/347544798/mqtt_packetPopulate.o
 .comment       0x0000003c       0x3d build/SAMD21_WG_IOT_PRIVATE/production/_ext/711616579/cloud_service.o
 .comment       0x0000003c       0x3d build/SAMD21_WG_IOT_PRIVATE/production/_ext/711616579/wifi_service.o
 .comment       0x0000003c       0x3d build/SAMD21_WG_IOT_PRIVATE/production/_ext/1360937237/debug_print.o
 .comment       0x0000003c       0x3d build/SAMD21_WG_IOT_PRIVATE/production/_ext/1360937237/led.o
 .comment       0x0000003c       0x3d build/SAMD21_WG_IOT_PRIVATE/production/_ext/1360937237/main.o
 .comment       0x0000003c       0x3d build/SAMD21_WG_IOT_PRIVATE/production/_ext/1360937237/app.o
 .comment       0x0000003c       0x3d c:/program files/microchip/xc32/v2.40/bin/bin/../../lib/gcc/pic32c/6.2.1/../../../../pic32c/lib\libpic32c.a(data_init.o)
 .comment       0x0000003c       0x3d c:/program files/microchip/xc32/v2.40/bin/bin/../../lib/gcc/pic32c/6.2.1\libgcc.a(_muldi3.o)
 .comment       0x0000003c       0x3d c:/program files/microchip/xc32/v2.40/bin/bin/../../lib/gcc/pic32c/6.2.1\libgcc.a(_fixunsdfsi.o)
 .comment       0x0000003c       0x3d c:/program files/microchip/xc32/v2.40/bin/bin/../../lib/gcc/pic32c/6.2.1\libgcc.a(_udivmoddi4.o)
 .comment       0x0000003c       0x3d c:/program files/microchip/xc32/v2.40/bin/bin/../../lib/gcc/pic32c/6.2.1\libgcc.a(divsf3.o)
 .comment       0x0000003c       0x3d c:/program files/microchip/xc32/v2.40/bin/bin/../../lib/gcc/pic32c/6.2.1\libgcc.a(floatunsisf.o)
 .comment       0x0000003c       0x3d c:/program files/microchip/xc32/v2.40/bin/bin/../../lib/gcc/pic32c/6.2.1\libgcc.a(adddf3.o)
 .comment       0x0000003c       0x3d c:/program files/microchip/xc32/v2.40/bin/bin/../../lib/gcc/pic32c/6.2.1\libgcc.a(divdf3.o)
 .comment       0x0000003c       0x3d c:/program files/microchip/xc32/v2.40/bin/bin/../../lib/gcc/pic32c/6.2.1\libgcc.a(muldf3.o)
 .comment       0x0000003c       0x3d c:/program files/microchip/xc32/v2.40/bin/bin/../../lib/gcc/pic32c/6.2.1\libgcc.a(subdf3.o)
 .comment       0x0000003c       0x3d c:/program files/microchip/xc32/v2.40/bin/bin/../../lib/gcc/pic32c/6.2.1\libgcc.a(fixdfsi.o)
 .comment       0x0000003c       0x3d c:/program files/microchip/xc32/v2.40/bin/bin/../../lib/gcc/pic32c/6.2.1\libgcc.a(floatsidf.o)
 .comment       0x0000003c       0x3d c:/program files/microchip/xc32/v2.40/bin/bin/../../lib/gcc/pic32c/6.2.1\libgcc.a(extendsfdf2.o)
 .comment       0x0000003c       0x3d c:/program files/microchip/xc32/v2.40/bin/bin/../../lib/gcc/pic32c/6.2.1\libgcc.a(truncdfsf2.o)
 .comment       0x0000003c       0x3d c:/program files/microchip/xc32/v2.40/bin/bin/../../lib/gcc/pic32c/6.2.1\libgcc.a(eqdf2.o)
 .comment       0x0000003c       0x3d c:/program files/microchip/xc32/v2.40/bin/bin/../../lib/gcc/pic32c/6.2.1\libgcc.a(gedf2.o)
 .comment       0x0000003c       0x3d c:/program files/microchip/xc32/v2.40/bin/bin/../../lib/gcc/pic32c/6.2.1\libgcc.a(ledf2.o)
 .comment       0x0000003c       0x3d c:/program files/microchip/xc32/v2.40/bin/bin/../../lib/gcc/pic32c/6.2.1/../../../../pic32c/lib\libc_nano.a(lib_a-atoi.o)
 .comment       0x0000003c       0x3d c:/program files/microchip/xc32/v2.40/bin/bin/../../lib/gcc/pic32c/6.2.1/../../../../pic32c/lib\libc_nano.a(lib_a-calloc.o)
 .comment       0x0000003c       0x3d c:/program files/microchip/xc32/v2.40/bin/bin/../../lib/gcc/pic32c/6.2.1/../../../../pic32c/lib\libc_nano.a(lib_a-difftime.o)
 .comment       0x0000003c       0x3d c:/program files/microchip/xc32/v2.40/bin/bin/../../lib/gcc/pic32c/6.2.1/../../../../pic32c/lib\libc_nano.a(lib_a-gmtime.o)
 .comment       0x0000003c       0x3d c:/program files/microchip/xc32/v2.40/bin/bin/../../lib/gcc/pic32c/6.2.1/../../../../pic32c/lib\libc_nano.a(lib_a-gmtime_r.o)
 .comment       0x0000003c       0x3d c:/program files/microchip/xc32/v2.40/bin/bin/../../lib/gcc/pic32c/6.2.1/../../../../pic32c/lib\libc_nano.a(lib_a-impure.o)
 .comment       0x0000003c       0x3d c:/program files/microchip/xc32/v2.40/bin/bin/../../lib/gcc/pic32c/6.2.1/../../../../pic32c/lib\libc_nano.a(lib_a-init.o)
 .comment       0x0000003c       0x3d c:/program files/microchip/xc32/v2.40/bin/bin/../../lib/gcc/pic32c/6.2.1/../../../../pic32c/lib\libc_nano.a(lib_a-malloc.o)
 .comment       0x0000003c       0x3d c:/program files/microchip/xc32/v2.40/bin/bin/../../lib/gcc/pic32c/6.2.1/../../../../pic32c/lib\libc_nano.a(lib_a-memcmp.o)
 .comment       0x0000003c       0x3d c:/program files/microchip/xc32/v2.40/bin/bin/../../lib/gcc/pic32c/6.2.1/../../../../pic32c/lib\libc_nano.a(lib_a-memcpy-stub.o)
 .comment       0x0000003c       0x3d c:/program files/microchip/xc32/v2.40/bin/bin/../../lib/gcc/pic32c/6.2.1/../../../../pic32c/lib\libc_nano.a(lib_a-memmove.o)
 .comment       0x0000003c       0x3d c:/program files/microchip/xc32/v2.40/bin/bin/../../lib/gcc/pic32c/6.2.1/../../../../pic32c/lib\libc_nano.a(lib_a-memset.o)
 .comment       0x0000003c       0x3d c:/program files/microchip/xc32/v2.40/bin/bin/../../lib/gcc/pic32c/6.2.1/../../../../pic32c/lib\libc_nano.a(lib_a-mktime.o)
 .comment       0x0000003c       0x3d c:/program files/microchip/xc32/v2.40/bin/bin/../../lib/gcc/pic32c/6.2.1/../../../../pic32c/lib\libc_nano.a(lib_a-nano-callocr.o)
 .comment       0x0000003c       0x3d c:/program files/microchip/xc32/v2.40/bin/bin/../../lib/gcc/pic32c/6.2.1/../../../../pic32c/lib\libc_nano.a(lib_a-nano-freer.o)
 .comment       0x0000003c       0x3d c:/program files/microchip/xc32/v2.40/bin/bin/../../lib/gcc/pic32c/6.2.1/../../../../pic32c/lib\libc_nano.a(lib_a-nano-mallocr.o)
 .comment       0x0000003c       0x3d c:/program files/microchip/xc32/v2.40/bin/bin/../../lib/gcc/pic32c/6.2.1/../../../../pic32c/lib\libc_nano.a(lib_a-printf.o)
 .comment       0x0000003c       0x3d c:/program files/microchip/xc32/v2.40/bin/bin/../../lib/gcc/pic32c/6.2.1/../../../../pic32c/lib\libc_nano.a(lib_a-sbrkr.o)
 .comment       0x0000003c       0x3d c:/program files/microchip/xc32/v2.40/bin/bin/../../lib/gcc/pic32c/6.2.1/../../../../pic32c/lib\libc_nano.a(lib_a-snprintf.o)
 .comment       0x0000003c       0x3d c:/program files/microchip/xc32/v2.40/bin/bin/../../lib/gcc/pic32c/6.2.1/../../../../pic32c/lib\libc_nano.a(lib_a-sprintf.o)
 .comment       0x0000003c       0x3d c:/program files/microchip/xc32/v2.40/bin/bin/../../lib/gcc/pic32c/6.2.1/../../../../pic32c/lib\libc_nano.a(lib_a-strcpy.o)
 .comment       0x0000003c       0x3d c:/program files/microchip/xc32/v2.40/bin/bin/../../lib/gcc/pic32c/6.2.1/../../../../pic32c/lib\libc_nano.a(lib_a-strncmp.o)
 .comment       0x0000003c       0x3d c:/program files/microchip/xc32/v2.40/bin/bin/../../lib/gcc/pic32c/6.2.1/../../../../pic32c/lib\libc_nano.a(lib_a-strncpy.o)
 .comment       0x0000003c       0x3d c:/program files/microchip/xc32/v2.40/bin/bin/../../lib/gcc/pic32c/6.2.1/../../../../pic32c/lib\libc_nano.a(lib_a-strstr.o)
 .comment       0x0000003c       0x3d c:/program files/microchip/xc32/v2.40/bin/bin/../../lib/gcc/pic32c/6.2.1/../../../../pic32c/lib\libc_nano.a(lib_a-strtok.o)
 .comment       0x0000003c       0x3d c:/program files/microchip/xc32/v2.40/bin/bin/../../lib/gcc/pic32c/6.2.1/../../../../pic32c/lib\libc_nano.a(lib_a-strtok_r.o)
 .comment       0x0000003c       0x3d c:/program files/microchip/xc32/v2.40/bin/bin/../../lib/gcc/pic32c/6.2.1/../../../../pic32c/lib\libc_nano.a(lib_a-strtol.o)
 .comment       0x0000003c       0x3d c:/program files/microchip/xc32/v2.40/bin/bin/../../lib/gcc/pic32c/6.2.1/../../../../pic32c/lib\libc_nano.a(lib_a-tzcalc_limits.o)
 .comment       0x0000003c       0x3d c:/program files/microchip/xc32/v2.40/bin/bin/../../lib/gcc/pic32c/6.2.1/../../../../pic32c/lib\libc_nano.a(lib_a-tzset.o)
 .comment       0x0000003c       0x3d c:/program files/microchip/xc32/v2.40/bin/bin/../../lib/gcc/pic32c/6.2.1/../../../../pic32c/lib\libc_nano.a(lib_a-tzset_r.o)
 .comment       0x0000003c       0x3d c:/program files/microchip/xc32/v2.40/bin/bin/../../lib/gcc/pic32c/6.2.1/../../../../pic32c/lib\libc_nano.a(lib_a-tzvars.o)
 .comment       0x0000003c       0x3d c:/program files/microchip/xc32/v2.40/bin/bin/../../lib/gcc/pic32c/6.2.1/../../../../pic32c/lib\libc_nano.a(lib_a-vsnprintf.o)
 .comment       0x0000003c       0x3d c:/program files/microchip/xc32/v2.40/bin/bin/../../lib/gcc/pic32c/6.2.1/../../../../pic32c/lib\libc_nano.a(lib_a-wbuf.o)
 .comment       0x0000003c       0x3d c:/program files/microchip/xc32/v2.40/bin/bin/../../lib/gcc/pic32c/6.2.1/../../../../pic32c/lib\libc_nano.a(lib_a-wsetup.o)
 .comment       0x0000003c       0x3d c:/program files/microchip/xc32/v2.40/bin/bin/../../lib/gcc/pic32c/6.2.1/../../../../pic32c/lib\libc_nano.a(lib_a-div.o)
 .comment       0x0000003c       0x3d c:/program files/microchip/xc32/v2.40/bin/bin/../../lib/gcc/pic32c/6.2.1/../../../../pic32c/lib\libc_nano.a(lib_a-fflush.o)
 .comment       0x0000003c       0x3d c:/program files/microchip/xc32/v2.40/bin/bin/../../lib/gcc/pic32c/6.2.1/../../../../pic32c/lib\libc_nano.a(lib_a-findfp.o)
 .comment       0x0000003c       0x3d c:/program files/microchip/xc32/v2.40/bin/bin/../../lib/gcc/pic32c/6.2.1/../../../../pic32c/lib\libc_nano.a(lib_a-fwalk.o)
 .comment       0x0000003c       0x3d c:/program files/microchip/xc32/v2.40/bin/bin/../../lib/gcc/pic32c/6.2.1/../../../../pic32c/lib\libc_nano.a(lib_a-getenv_r.o)
 .comment       0x0000003c       0x3d c:/program files/microchip/xc32/v2.40/bin/bin/../../lib/gcc/pic32c/6.2.1/../../../../pic32c/lib\libc_nano.a(lib_a-gettzinfo.o)
 .comment       0x0000003c       0x3d c:/program files/microchip/xc32/v2.40/bin/bin/../../lib/gcc/pic32c/6.2.1/../../../../pic32c/lib\libc_nano.a(lib_a-locale.o)
 .comment       0x0000003c       0x3d c:/program files/microchip/xc32/v2.40/bin/bin/../../lib/gcc/pic32c/6.2.1/../../../../pic32c/lib\libc_nano.a(lib_a-makebuf.o)
 .comment       0x0000003c       0x3d c:/program files/microchip/xc32/v2.40/bin/bin/../../lib/gcc/pic32c/6.2.1/../../../../pic32c/lib\libc_nano.a(lib_a-mbtowc_r.o)
 .comment       0x0000003c       0x3d c:/program files/microchip/xc32/v2.40/bin/bin/../../lib/gcc/pic32c/6.2.1/../../../../pic32c/lib\libc_nano.a(lib_a-mlock.o)
 .comment       0x0000003c       0x3d c:/program files/microchip/xc32/v2.40/bin/bin/../../lib/gcc/pic32c/6.2.1/../../../../pic32c/lib\libc_nano.a(lib_a-month_lengths.o)
 .comment       0x0000003c       0x3d c:/program files/microchip/xc32/v2.40/bin/bin/../../lib/gcc/pic32c/6.2.1/../../../../pic32c/lib\libc_nano.a(lib_a-nano-svfprintf.o)
 .comment       0x0000003c       0x3d c:/program files/microchip/xc32/v2.40/bin/bin/../../lib/gcc/pic32c/6.2.1/../../../../pic32c/lib\libc_nano.a(_lib_a-nano-vfprintf.cdeEfFgGnopsuxX.o)
 .comment       0x0000003c       0x3d c:/program files/microchip/xc32/v2.40/bin/bin/../../lib/gcc/pic32c/6.2.1/../../../../pic32c/lib\libc_nano.a(lib_a-nano-vfprintf_i.o)
 .comment       0x0000003c       0x3d c:/program files/microchip/xc32/v2.40/bin/bin/../../lib/gcc/pic32c/6.2.1/../../../../pic32c/lib\libc_nano.a(lib_a-nano-vfprintf.o)
 .comment       0x0000003c       0x3d c:/program files/microchip/xc32/v2.40/bin/bin/../../lib/gcc/pic32c/6.2.1/../../../../pic32c/lib\libc_nano.a(lib_a-reent.o)
 .comment       0x0000003c       0x3d c:/program files/microchip/xc32/v2.40/bin/bin/../../lib/gcc/pic32c/6.2.1/../../../../pic32c/lib\libc_nano.a(lib_a-sscanf.o)
 .comment       0x0000003c       0x3d c:/program files/microchip/xc32/v2.40/bin/bin/../../lib/gcc/pic32c/6.2.1/../../../../pic32c/lib\libc_nano.a(lib_a-__ssfputs.o)
 .comment       0x0000003c       0x3d c:/program files/microchip/xc32/v2.40/bin/bin/../../lib/gcc/pic32c/6.2.1/../../../../pic32c/lib\libc_nano.a(lib_a-__ssputs.o)
 .comment       0x0000003c       0x3d c:/program files/microchip/xc32/v2.40/bin/bin/../../lib/gcc/pic32c/6.2.1/../../../../pic32c/lib\libc_nano.a(lib_a-stdio.o)
 .comment       0x0000003c       0x3d c:/program files/microchip/xc32/v2.40/bin/bin/../../lib/gcc/pic32c/6.2.1/../../../../pic32c/lib\libc_nano.a(lib_a-strtoul.o)
 .comment       0x0000003c       0x3d c:/program files/microchip/xc32/v2.40/bin/bin/../../lib/gcc/pic32c/6.2.1/../../../../pic32c/lib\libc_nano.a(lib_a-wctomb_r.o)
 .comment       0x0000003c       0x3d c:/program files/microchip/xc32/v2.40/bin/bin/../../lib/gcc/pic32c/6.2.1/../../../../pic32c/lib\libc_nano.a(lib_a-writer.o)
 .comment       0x0000003c       0x3d c:/program files/microchip/xc32/v2.40/bin/bin/../../lib/gcc/pic32c/6.2.1/../../../../pic32c/lib\libc_nano.a(lib_a-closer.o)
 .comment       0x0000003c       0x3d c:/program files/microchip/xc32/v2.40/bin/bin/../../lib/gcc/pic32c/6.2.1/../../../../pic32c/lib\libc_nano.a(lib_a-ctype_.o)
 .comment       0x0000003c       0x3d c:/program files/microchip/xc32/v2.40/bin/bin/../../lib/gcc/pic32c/6.2.1/../../../../pic32c/lib\libc_nano.a(lib_a-dtoa.o)
 .comment       0x0000003c       0x3d c:/program files/microchip/xc32/v2.40/bin/bin/../../lib/gcc/pic32c/6.2.1/../../../../pic32c/lib\libc_nano.a(lib_a-environ.o)
 .comment       0x0000003c       0x3d c:/program files/microchip/xc32/v2.40/bin/bin/../../lib/gcc/pic32c/6.2.1/../../../../pic32c/lib\libc_nano.a(lib_a-envlock.o)
 .comment       0x0000003c       0x3d c:/program files/microchip/xc32/v2.40/bin/bin/../../lib/gcc/pic32c/6.2.1/../../../../pic32c/lib\libc_nano.a(lib_a-fputwc.o)
 .comment       0x0000003c       0x3d c:/program files/microchip/xc32/v2.40/bin/bin/../../lib/gcc/pic32c/6.2.1/../../../../pic32c/lib\libc_nano.a(lib_a-fstatr.o)
 .comment       0x0000003c       0x3d c:/program files/microchip/xc32/v2.40/bin/bin/../../lib/gcc/pic32c/6.2.1/../../../../pic32c/lib\libc_nano.a(lib_a-isattyr.o)
 .comment       0x0000003c       0x3d c:/program files/microchip/xc32/v2.40/bin/bin/../../lib/gcc/pic32c/6.2.1/../../../../pic32c/lib\libc_nano.a(lib_a-localeconv.o)
 .comment       0x0000003c       0x3d c:/program files/microchip/xc32/v2.40/bin/bin/../../lib/gcc/pic32c/6.2.1/../../../../pic32c/lib\libc_nano.a(lib_a-lseekr.o)
 .comment       0x0000003c       0x3d c:/program files/microchip/xc32/v2.40/bin/bin/../../lib/gcc/pic32c/6.2.1/../../../../pic32c/lib\libc_nano.a(lib_a-memchr-stub.o)
 .comment       0x0000003c       0x3d c:/program files/microchip/xc32/v2.40/bin/bin/../../lib/gcc/pic32c/6.2.1/../../../../pic32c/lib\libc_nano.a(lib_a-mprec.o)
 .comment       0x0000003c       0x3d c:/program files/microchip/xc32/v2.40/bin/bin/../../lib/gcc/pic32c/6.2.1/../../../../pic32c/lib\libc_nano.a(lib_a-nano-reallocr.o)
 .comment       0x0000003c       0x3d c:/program files/microchip/xc32/v2.40/bin/bin/../../lib/gcc/pic32c/6.2.1/../../../../pic32c/lib\libc_nano.a(lib_a-nano-svfscanf.o)
 .comment       0x0000003c       0x3d c:/program files/microchip/xc32/v2.40/bin/bin/../../lib/gcc/pic32c/6.2.1/../../../../pic32c/lib\libc_nano.a(lib_a-nano-vfscanf_i.o)
 .comment       0x0000003c       0x3d c:/program files/microchip/xc32/v2.40/bin/bin/../../lib/gcc/pic32c/6.2.1/../../../../pic32c/lib\libc_nano.a(lib_a-readr.o)
 .comment       0x0000003c       0x3d c:/program files/microchip/xc32/v2.40/bin/bin/../../lib/gcc/pic32c/6.2.1/../../../../pic32c/lib\libc_nano.a(lib_a-sccl.o)
 .comment       0x0000003c       0x3d c:/program files/microchip/xc32/v2.40/bin/bin/../../lib/gcc/pic32c/6.2.1/../../../../pic32c/lib\libc_nano.a(lib_a-ungetc.o)
 .comment       0x0000003c       0x3d c:/program files/microchip/xc32/v2.40/bin/bin/../../lib/gcc/pic32c/6.2.1/../../../../pic32c/lib\libc_nano.a(lib_a-wcrtomb.o)
 .comment       0x0000003c       0x3d c:/program files/microchip/xc32/v2.40/bin/bin/../../lib/gcc/pic32c/6.2.1/../../../../pic32c/lib\libc_nano.a(lib_a-nano-msizer.o)
 .comment       0x0000003c       0x3d c:/program files/microchip/xc32/v2.40/bin/bin/../../lib/gcc/pic32c/6.2.1/../../../../pic32c/lib\libpic32c.a(_close.o)
 .comment       0x0000003c       0x3d c:/program files/microchip/xc32/v2.40/bin/bin/../../lib/gcc/pic32c/6.2.1/../../../../pic32c/lib\libpic32c.a(_fstat.o)
 .comment       0x0000003c       0x3d c:/program files/microchip/xc32/v2.40/bin/bin/../../lib/gcc/pic32c/6.2.1/../../../../pic32c/lib\libpic32c.a(_isatty.o)
 .comment       0x0000003c       0x3d c:/program files/microchip/xc32/v2.40/bin/bin/../../lib/gcc/pic32c/6.2.1/../../../../pic32c/lib\libpic32c.a(_lseek.o)
 .comment       0x0000003c       0x3d c:/program files/microchip/xc32/v2.40/bin/bin/../../lib/gcc/pic32c/6.2.1/../../../../pic32c/lib\libpic32c.a(_read.o)
 .comment       0x0000003c       0x3d c:/program files/microchip/xc32/v2.40/bin/bin/../../lib/gcc/pic32c/6.2.1/../../../../pic32c/lib\libpic32c.a(sbrk.o)
 .comment       0x0000003c       0x3d c:/program files/microchip/xc32/v2.40/bin/bin/../../lib/gcc/pic32c/6.2.1/../../../../pic32c/lib\libpic32c.a(_write.o)
 .comment       0x0000003c       0x3d c:/program files/microchip/xc32/v2.40/bin/bin/../../lib/gcc/pic32c/6.2.1/../../../../pic32c/lib\libpic32c.a(close.o)
 .comment       0x0000003c       0x3d c:/program files/microchip/xc32/v2.40/bin/bin/../../lib/gcc/pic32c/6.2.1/../../../../pic32c/lib\libpic32c.a(fstat.o)
 .comment       0x0000003c       0x3d c:/program files/microchip/xc32/v2.40/bin/bin/../../lib/gcc/pic32c/6.2.1/../../../../pic32c/lib\libpic32c.a(isatty.o)
 .comment       0x0000003c       0x3d c:/program files/microchip/xc32/v2.40/bin/bin/../../lib/gcc/pic32c/6.2.1/../../../../pic32c/lib\libpic32c.a(lseek.o)
 .comment       0x0000003c       0x3d c:/program files/microchip/xc32/v2.40/bin/bin/../../lib/gcc/pic32c/6.2.1/../../../../pic32c/lib\libpic32c.a(read.o)
 .comment       0x0000003c       0x3d c:/program files/microchip/xc32/v2.40/bin/bin/../../lib/gcc/pic32c/6.2.1/../../../../pic32c/lib\libpic32c.a(write.o)
 .comment       0x0000003c       0x3d c:/program files/microchip/xc32/v2.40/bin/bin/../../lib/gcc/pic32c/6.2.1\libgcc.a(unorddf2.o)
 .comment       0x0000003c       0x3d c:/program files/microchip/xc32/v2.40/bin/bin/../../lib/gcc/pic32c/6.2.1\libgcc.a(floatunsidf.o)

.debug_info     0x00000000    0xf4373
 .debug_info    0x00000000     0x3b9e build/SAMD21_WG_IOT_PRIVATE/production/_ext/1678205250/drv_spi.o
 .debug_info    0x00003b9e     0x1186 build/SAMD21_WG_IOT_PRIVATE/production/_ext/328869906/wdrv_winc_eint.o
 .debug_info    0x00004d24     0x13cd build/SAMD21_WG_IOT_PRIVATE/production/_ext/328869906/wdrv_winc_gpio.o
 .debug_info    0x000060f1     0x1bed build/SAMD21_WG_IOT_PRIVATE/production/_ext/2088830217/wdrv_winc_spi.o
 .debug_info    0x00007cde     0x1197 build/SAMD21_WG_IOT_PRIVATE/production/_ext/373976187/nm_common.o
 .debug_info    0x00008e75     0x1e74 build/SAMD21_WG_IOT_PRIVATE/production/_ext/405265080/m2m_hif.o
 .debug_info    0x0000ace9     0x6351 build/SAMD21_WG_IOT_PRIVATE/production/_ext/405265080/m2m_wifi.o
 .debug_info    0x0001103a     0x1aee build/SAMD21_WG_IOT_PRIVATE/production/_ext/405265080/nmasic.o
 .debug_info    0x00012b28     0x166c build/SAMD21_WG_IOT_PRIVATE/production/_ext/405265080/nmbus.o
 .debug_info    0x00014194     0x173f build/SAMD21_WG_IOT_PRIVATE/production/_ext/405265080/nmdrv.o
 .debug_info    0x000158d3     0x1ef2 build/SAMD21_WG_IOT_PRIVATE/production/_ext/405265080/nmspi.o
 .debug_info    0x000177c5     0x2515 build/SAMD21_WG_IOT_PRIVATE/production/_ext/405265080/m2m_ota.o
 .debug_info    0x00019cda     0x1d29 build/SAMD21_WG_IOT_PRIVATE/production/_ext/405265080/m2m_ssl.o
 .debug_info    0x0001ba03     0x3061 build/SAMD21_WG_IOT_PRIVATE/production/_ext/831742467/socket.o
 .debug_info    0x0001ea64     0x1921 build/SAMD21_WG_IOT_PRIVATE/production/_ext/1091366131/spi_flash.o
 .debug_info    0x00020385     0x11d2 build/SAMD21_WG_IOT_PRIVATE/production/_ext/1461284888/wdrv_winc_osal.o
 .debug_info    0x00021557     0x56a8 build/SAMD21_WG_IOT_PRIVATE/production/_ext/845676186/wdrv_winc.o
 .debug_info    0x00026bff     0x1c95 build/SAMD21_WG_IOT_PRIVATE/production/_ext/845676186/wdrv_winc_authctx.o
 .debug_info    0x00028894     0x1682 build/SAMD21_WG_IOT_PRIVATE/production/_ext/845676186/wdrv_winc_bssctx.o
 .debug_info    0x00029f16     0x2af7 build/SAMD21_WG_IOT_PRIVATE/production/_ext/845676186/wdrv_winc_host_file.o
 .debug_info    0x0002ca0d     0x2ed2 build/SAMD21_WG_IOT_PRIVATE/production/_ext/845676186/wdrv_winc_socket.o
 .debug_info    0x0002f8df     0x30a4 build/SAMD21_WG_IOT_PRIVATE/production/_ext/845676186/wdrv_winc_sta.o
 .debug_info    0x00032983     0x2cfe build/SAMD21_WG_IOT_PRIVATE/production/_ext/845676186/wdrv_winc_systime.o
 .debug_info    0x00035681      0xc7f build/SAMD21_WG_IOT_PRIVATE/production/_ext/485667147/plib_adc.o
 .debug_info    0x00036300      0xa79 build/SAMD21_WG_IOT_PRIVATE/production/_ext/1427407075/plib_clock.o
 .debug_info    0x00036d79     0x1879 build/SAMD21_WG_IOT_PRIVATE/production/_ext/2124285686/plib_dmac.o
 .debug_info    0x000385f2      0x6cc build/SAMD21_WG_IOT_PRIVATE/production/_ext/485663148/plib_eic.o
 .debug_info    0x00038cbe      0x32b build/SAMD21_WG_IOT_PRIVATE/production/_ext/1429556561/plib_evsys.o
 .debug_info    0x00038fe9      0x7f0 build/SAMD21_WG_IOT_PRIVATE/production/_ext/2124592493/plib_nvic.o
 .debug_info    0x000397d9     0x12ec build/SAMD21_WG_IOT_PRIVATE/production/_ext/1194272987/plib_nvmctrl.o
 .debug_info    0x0003aac5      0x7ed build/SAMD21_WG_IOT_PRIVATE/production/_ext/2124645644/plib_port.o
 .debug_info    0x0003b2b2     0x14b8 build/SAMD21_WG_IOT_PRIVATE/production/_ext/485650314/plib_rtc_clock.o
 .debug_info    0x0003c76a     0x14d1 build/SAMD21_WG_IOT_PRIVATE/production/_ext/1357986986/plib_sercom3_i2c_master.o
 .debug_info    0x0003dc3b     0x12e4 build/SAMD21_WG_IOT_PRIVATE/production/_ext/866752344/plib_sercom4_spi_master.o
 .debug_info    0x0003ef1f     0x1be0 build/SAMD21_WG_IOT_PRIVATE/production/_ext/27410978/plib_sercom5_usart.o
 .debug_info    0x00040aff      0xc46 build/SAMD21_WG_IOT_PRIVATE/production/_ext/708402758/plib_tc3.o
 .debug_info    0x00041745      0x2aa build/SAMD21_WG_IOT_PRIVATE/production/_ext/1812770719/xc32_monitor.o
 .debug_info    0x000419ef     0x3647 build/SAMD21_WG_IOT_PRIVATE/production/_ext/131504744/sys_command.o
 .debug_info    0x00045036     0x1df1 build/SAMD21_WG_IOT_PRIVATE/production/_ext/325207436/sys_console.o
 .debug_info    0x00046e27     0x1fa4 build/SAMD21_WG_IOT_PRIVATE/production/_ext/325207436/sys_console_uart.o
 .debug_info    0x00048dcb     0x129b build/SAMD21_WG_IOT_PRIVATE/production/_ext/1268222528/sys_dma.o
 .debug_info    0x0004a066      0x990 build/SAMD21_WG_IOT_PRIVATE/production/_ext/1335837964/sys_int.o
 .debug_info    0x0004a9f6     0x2bc8 build/SAMD21_WG_IOT_PRIVATE/production/_ext/157239130/sys_time.o
 .debug_info    0x0004d5be     0x3c05 build/SAMD21_WG_IOT_PRIVATE/production/_ext/853479/initialization.o
 .debug_info    0x000511c3     0x1699 build/SAMD21_WG_IOT_PRIVATE/production/_ext/853479/interrupts.o
 .debug_info    0x0005285c     0x110c build/SAMD21_WG_IOT_PRIVATE/production/_ext/853479/exceptions.o
 .debug_info    0x00053968     0x11fc build/SAMD21_WG_IOT_PRIVATE/production/_ext/853479/startup_xc32.o
 .debug_info    0x00054b64     0x10d4 build/SAMD21_WG_IOT_PRIVATE/production/_ext/853479/tasks.o
 .debug_info    0x00055c38      0xeda build/SAMD21_WG_IOT_PRIVATE/production/_ext/364212162/credentials_storage.o
 .debug_info    0x00056b12     0x1d8d build/SAMD21_WG_IOT_PRIVATE/production/_ext/2028850473/atca_basic.o
 .debug_info    0x0005889f     0x1b69 build/SAMD21_WG_IOT_PRIVATE/production/_ext/2028850473/atca_basic_genkey.o
 .debug_info    0x0005a408     0x1bbd build/SAMD21_WG_IOT_PRIVATE/production/_ext/2028850473/atca_basic_lock.o
 .debug_info    0x0005bfc5     0x1c5f build/SAMD21_WG_IOT_PRIVATE/production/_ext/2028850473/atca_basic_nonce.o
 .debug_info    0x0005dc24     0x1a99 build/SAMD21_WG_IOT_PRIVATE/production/_ext/2028850473/atca_basic_random.o
 .debug_info    0x0005f6bd     0x235a build/SAMD21_WG_IOT_PRIVATE/production/_ext/2028850473/atca_basic_read.o
 .debug_info    0x00061a17     0x1be5 build/SAMD21_WG_IOT_PRIVATE/production/_ext/2028850473/atca_basic_sign.o
 .debug_info    0x000635fc     0x2351 build/SAMD21_WG_IOT_PRIVATE/production/_ext/2028850473/atca_helpers.o
 .debug_info    0x0006594d     0x1299 build/SAMD21_WG_IOT_PRIVATE/production/_ext/626928883/sha2_routines.o
 .debug_info    0x00066be6      0x87f build/SAMD21_WG_IOT_PRIVATE/production/_ext/1574659896/atca_crypto_sw_sha2.o
 .debug_info    0x00067465     0x1b62 build/SAMD21_WG_IOT_PRIVATE/production/_ext/672495748/atca_hal.o
 .debug_info    0x00068fc7     0x1e71 build/SAMD21_WG_IOT_PRIVATE/production/_ext/672495748/hal_i2c.o
 .debug_info    0x0006ae38     0x11a9 build/SAMD21_WG_IOT_PRIVATE/production/_ext/672495748/hal_timer.o
 .debug_info    0x0006bfe1     0x1d7b build/SAMD21_WG_IOT_PRIVATE/production/_ext/672493136/atca_jwt.o
 .debug_info    0x0006dd5c     0x2d70 build/SAMD21_WG_IOT_PRIVATE/production/_ext/672483868/atcatls.o
 .debug_info    0x00070acc     0x1c18 build/SAMD21_WG_IOT_PRIVATE/production/_ext/1837493384/atca_command.o
 .debug_info    0x000726e4     0x18ea build/SAMD21_WG_IOT_PRIVATE/production/_ext/1837493384/atca_device.o
 .debug_info    0x00073fce     0x1b6b build/SAMD21_WG_IOT_PRIVATE/production/_ext/1837493384/atca_execution.o
 .debug_info    0x00075b39     0x1aa4 build/SAMD21_WG_IOT_PRIVATE/production/_ext/1837493384/atca_iface.o
 .debug_info    0x000775dd     0x158b build/SAMD21_WG_IOT_PRIVATE/production/_ext/1207317302/mqtt_comm_layer.o
 .debug_info    0x00078b68     0x32e2 build/SAMD21_WG_IOT_PRIVATE/production/_ext/1731314967/mqtt_core.o
 .debug_info    0x0007be4a      0x568 build/SAMD21_WG_IOT_PRIVATE/production/_ext/781924270/mqtt_exchange_buffer.o
 .debug_info    0x0007c3b2      0xf91 build/SAMD21_WG_IOT_PRIVATE/production/_ext/1019103266/mqtt_packetTransfer_interface.o
 .debug_info    0x0007d343     0x2b99 build/SAMD21_WG_IOT_PRIVATE/production/_ext/695851535/bsdWINC.o
 .debug_info    0x0007fedc     0x1a52 build/SAMD21_WG_IOT_PRIVATE/production/_ext/1688231369/cryptoauthlib_main.o
 .debug_info    0x0008192e     0x1d5a build/SAMD21_WG_IOT_PRIVATE/production/_ext/1688231369/crypto_client.o
 .debug_info    0x00083688     0x1843 build/SAMD21_WG_IOT_PRIVATE/production/_ext/347544798/mqtt_packetPopulate.o
 .debug_info    0x00084ecb     0x2eb8 build/SAMD21_WG_IOT_PRIVATE/production/_ext/711616579/cloud_service.o
 .debug_info    0x00087d83     0x1d60 build/SAMD21_WG_IOT_PRIVATE/production/_ext/711616579/wifi_service.o
 .debug_info    0x00089ae3     0x1701 build/SAMD21_WG_IOT_PRIVATE/production/_ext/1360937237/debug_print.o
 .debug_info    0x0008b1e4     0x18a9 build/SAMD21_WG_IOT_PRIVATE/production/_ext/1360937237/led.o
 .debug_info    0x0008ca8d     0x10bd build/SAMD21_WG_IOT_PRIVATE/production/_ext/1360937237/main.o
 .debug_info    0x0008db4a     0x3f41 build/SAMD21_WG_IOT_PRIVATE/production/_ext/1360937237/app.o
 .debug_info    0x00091a8b      0x1f0 c:/program files/microchip/xc32/v2.40/bin/bin/../../lib/gcc/pic32c/6.2.1/../../../../pic32c/lib\libpic32c.a(data_init.o)
 .debug_info    0x00091c7b       0xee c:/program files/microchip/xc32/v2.40/bin/bin/../../lib/gcc/pic32c/6.2.1\libgcc.a(_udivsi3.o)
 .debug_info    0x00091d69       0xee c:/program files/microchip/xc32/v2.40/bin/bin/../../lib/gcc/pic32c/6.2.1\libgcc.a(_divsi3.o)
 .debug_info    0x00091e57       0xee c:/program files/microchip/xc32/v2.40/bin/bin/../../lib/gcc/pic32c/6.2.1\libgcc.a(_dvmd_tls.o)
 .debug_info    0x00091f45       0xee c:/program files/microchip/xc32/v2.40/bin/bin/../../lib/gcc/pic32c/6.2.1\libgcc.a(_aeabi_uldivmod.o)
 .debug_info    0x00092033     0x13d1 c:/program files/microchip/xc32/v2.40/bin/bin/../../lib/gcc/pic32c/6.2.1\libgcc.a(_muldi3.o)
 .debug_info    0x00093404     0x12a0 c:/program files/microchip/xc32/v2.40/bin/bin/../../lib/gcc/pic32c/6.2.1\libgcc.a(_fixunsdfsi.o)
 .debug_info    0x000946a4     0x132c c:/program files/microchip/xc32/v2.40/bin/bin/../../lib/gcc/pic32c/6.2.1\libgcc.a(_udivmoddi4.o)
 .debug_info    0x000959d0      0x58b c:/program files/microchip/xc32/v2.40/bin/bin/../../lib/gcc/pic32c/6.2.1\libgcc.a(divsf3.o)
 .debug_info    0x00095f5b      0x465 c:/program files/microchip/xc32/v2.40/bin/bin/../../lib/gcc/pic32c/6.2.1\libgcc.a(floatunsisf.o)
 .debug_info    0x000963c0      0x7b0 c:/program files/microchip/xc32/v2.40/bin/bin/../../lib/gcc/pic32c/6.2.1\libgcc.a(adddf3.o)
 .debug_info    0x00096b70      0x9c6 c:/program files/microchip/xc32/v2.40/bin/bin/../../lib/gcc/pic32c/6.2.1\libgcc.a(divdf3.o)
 .debug_info    0x00097536      0xa41 c:/program files/microchip/xc32/v2.40/bin/bin/../../lib/gcc/pic32c/6.2.1\libgcc.a(muldf3.o)
 .debug_info    0x00097f77      0x7b0 c:/program files/microchip/xc32/v2.40/bin/bin/../../lib/gcc/pic32c/6.2.1\libgcc.a(subdf3.o)
 .debug_info    0x00098727      0x3bc c:/program files/microchip/xc32/v2.40/bin/bin/../../lib/gcc/pic32c/6.2.1\libgcc.a(fixdfsi.o)
 .debug_info    0x00098ae3      0x4fc c:/program files/microchip/xc32/v2.40/bin/bin/../../lib/gcc/pic32c/6.2.1\libgcc.a(floatsidf.o)
 .debug_info    0x00098fdf      0x47d c:/program files/microchip/xc32/v2.40/bin/bin/../../lib/gcc/pic32c/6.2.1\libgcc.a(extendsfdf2.o)
 .debug_info    0x0009945c      0x4ee c:/program files/microchip/xc32/v2.40/bin/bin/../../lib/gcc/pic32c/6.2.1\libgcc.a(truncdfsf2.o)
 .debug_info    0x0009994a       0xee c:/program files/microchip/xc32/v2.40/bin/bin/../../lib/gcc/pic32c/6.2.1\libgcc.a(_thumb1_case_uqi.o)
 .debug_info    0x00099a38       0xee c:/program files/microchip/xc32/v2.40/bin/bin/../../lib/gcc/pic32c/6.2.1\libgcc.a(_thumb1_case_uhi.o)
 .debug_info    0x00099b26       0xee c:/program files/microchip/xc32/v2.40/bin/bin/../../lib/gcc/pic32c/6.2.1\libgcc.a(_lshrdi3.o)
 .debug_info    0x00099c14       0xee c:/program files/microchip/xc32/v2.40/bin/bin/../../lib/gcc/pic32c/6.2.1\libgcc.a(_ashldi3.o)
 .debug_info    0x00099d02       0xee c:/program files/microchip/xc32/v2.40/bin/bin/../../lib/gcc/pic32c/6.2.1\libgcc.a(_arm_cmpdf2.o)
 .debug_info    0x00099df0       0xee c:/program files/microchip/xc32/v2.40/bin/bin/../../lib/gcc/pic32c/6.2.1\libgcc.a(_clzsi2.o)
 .debug_info    0x00099ede       0xee c:/program files/microchip/xc32/v2.40/bin/bin/../../lib/gcc/pic32c/6.2.1\libgcc.a(_clzdi2.o)
 .debug_info    0x00099fcc      0x413 c:/program files/microchip/xc32/v2.40/bin/bin/../../lib/gcc/pic32c/6.2.1\libgcc.a(eqdf2.o)
 .debug_info    0x0009a3df      0x43f c:/program files/microchip/xc32/v2.40/bin/bin/../../lib/gcc/pic32c/6.2.1\libgcc.a(gedf2.o)
 .debug_info    0x0009a81e      0x437 c:/program files/microchip/xc32/v2.40/bin/bin/../../lib/gcc/pic32c/6.2.1\libgcc.a(ledf2.o)
 .debug_info    0x0009ac55      0xdf4 c:/program files/microchip/xc32/v2.40/bin/bin/../../lib/gcc/pic32c/6.2.1/../../../../pic32c/lib\libc_nano.a(lib_a-atoi.o)
 .debug_info    0x0009ba49      0xda0 c:/program files/microchip/xc32/v2.40/bin/bin/../../lib/gcc/pic32c/6.2.1/../../../../pic32c/lib\libc_nano.a(lib_a-calloc.o)
 .debug_info    0x0009c7e9      0xe28 c:/program files/microchip/xc32/v2.40/bin/bin/../../lib/gcc/pic32c/6.2.1/../../../../pic32c/lib\libc_nano.a(lib_a-difftime.o)
 .debug_info    0x0009d611      0xedd c:/program files/microchip/xc32/v2.40/bin/bin/../../lib/gcc/pic32c/6.2.1/../../../../pic32c/lib\libc_nano.a(lib_a-gmtime.o)
 .debug_info    0x0009e4ee      0xfd0 c:/program files/microchip/xc32/v2.40/bin/bin/../../lib/gcc/pic32c/6.2.1/../../../../pic32c/lib\libc_nano.a(lib_a-gmtime_r.o)
 .debug_info    0x0009f4be      0xd3c c:/program files/microchip/xc32/v2.40/bin/bin/../../lib/gcc/pic32c/6.2.1/../../../../pic32c/lib\libc_nano.a(lib_a-impure.o)
 .debug_info    0x000a01fa      0x359 c:/program files/microchip/xc32/v2.40/bin/bin/../../lib/gcc/pic32c/6.2.1/../../../../pic32c/lib\libc_nano.a(lib_a-init.o)
 .debug_info    0x000a0553      0xddf c:/program files/microchip/xc32/v2.40/bin/bin/../../lib/gcc/pic32c/6.2.1/../../../../pic32c/lib\libc_nano.a(lib_a-malloc.o)
 .debug_info    0x000a1332      0xd94 c:/program files/microchip/xc32/v2.40/bin/bin/../../lib/gcc/pic32c/6.2.1/../../../../pic32c/lib\libc_nano.a(lib_a-memcmp.o)
 .debug_info    0x000a20c6      0xdb3 c:/program files/microchip/xc32/v2.40/bin/bin/../../lib/gcc/pic32c/6.2.1/../../../../pic32c/lib\libc_nano.a(lib_a-memcpy-stub.o)
 .debug_info    0x000a2e79     0x1516 c:/program files/microchip/xc32/v2.40/bin/bin/../../lib/gcc/pic32c/6.2.1/../../../../pic32c/lib\libc_nano.a(lib_a-memmove.o)
 .debug_info    0x000a438f     0x14e8 c:/program files/microchip/xc32/v2.40/bin/bin/../../lib/gcc/pic32c/6.2.1/../../../../pic32c/lib\libc_nano.a(lib_a-memset.o)
 .debug_info    0x000a5877     0x124c c:/program files/microchip/xc32/v2.40/bin/bin/../../lib/gcc/pic32c/6.2.1/../../../../pic32c/lib\libc_nano.a(lib_a-mktime.o)
 .debug_info    0x000a6ac3     0x101b c:/program files/microchip/xc32/v2.40/bin/bin/../../lib/gcc/pic32c/6.2.1/../../../../pic32c/lib\libc_nano.a(lib_a-nano-callocr.o)
 .debug_info    0x000a7ade     0x10ed c:/program files/microchip/xc32/v2.40/bin/bin/../../lib/gcc/pic32c/6.2.1/../../../../pic32c/lib\libc_nano.a(lib_a-nano-freer.o)
 .debug_info    0x000a8bcb     0x119a c:/program files/microchip/xc32/v2.40/bin/bin/../../lib/gcc/pic32c/6.2.1/../../../../pic32c/lib\libc_nano.a(lib_a-nano-mallocr.o)
 .debug_info    0x000a9d65     0x1186 c:/program files/microchip/xc32/v2.40/bin/bin/../../lib/gcc/pic32c/6.2.1/../../../../pic32c/lib\libc_nano.a(lib_a-printf.o)
 .debug_info    0x000aaeeb      0xe2c c:/program files/microchip/xc32/v2.40/bin/bin/../../lib/gcc/pic32c/6.2.1/../../../../pic32c/lib\libc_nano.a(lib_a-sbrkr.o)
 .debug_info    0x000abd17     0x120f c:/program files/microchip/xc32/v2.40/bin/bin/../../lib/gcc/pic32c/6.2.1/../../../../pic32c/lib\libc_nano.a(lib_a-snprintf.o)
 .debug_info    0x000acf26     0x1195 c:/program files/microchip/xc32/v2.40/bin/bin/../../lib/gcc/pic32c/6.2.1/../../../../pic32c/lib\libc_nano.a(lib_a-sprintf.o)
 .debug_info    0x000ae0bb      0x114 c:/program files/microchip/xc32/v2.40/bin/bin/../../lib/gcc/pic32c/6.2.1/../../../../pic32c/lib\libc_nano.a(lib_a-strcmp.o)
 .debug_info    0x000ae1cf      0xd58 c:/program files/microchip/xc32/v2.40/bin/bin/../../lib/gcc/pic32c/6.2.1/../../../../pic32c/lib\libc_nano.a(lib_a-strcpy.o)
 .debug_info    0x000aef27      0x117 c:/program files/microchip/xc32/v2.40/bin/bin/../../lib/gcc/pic32c/6.2.1/../../../../pic32c/lib\libc_nano.a(lib_a-strlen.o)
 .debug_info    0x000af03e      0xd71 c:/program files/microchip/xc32/v2.40/bin/bin/../../lib/gcc/pic32c/6.2.1/../../../../pic32c/lib\libc_nano.a(lib_a-strncmp.o)
 .debug_info    0x000afdaf      0xd99 c:/program files/microchip/xc32/v2.40/bin/bin/../../lib/gcc/pic32c/6.2.1/../../../../pic32c/lib\libc_nano.a(lib_a-strncpy.o)
 .debug_info    0x000b0b48      0xd80 c:/program files/microchip/xc32/v2.40/bin/bin/../../lib/gcc/pic32c/6.2.1/../../../../pic32c/lib\libc_nano.a(lib_a-strstr.o)
 .debug_info    0x000b18c8      0xe05 c:/program files/microchip/xc32/v2.40/bin/bin/../../lib/gcc/pic32c/6.2.1/../../../../pic32c/lib\libc_nano.a(lib_a-strtok.o)
 .debug_info    0x000b26cd      0xe45 c:/program files/microchip/xc32/v2.40/bin/bin/../../lib/gcc/pic32c/6.2.1/../../../../pic32c/lib\libc_nano.a(lib_a-strtok_r.o)
 .debug_info    0x000b3512     0x184b c:/program files/microchip/xc32/v2.40/bin/bin/../../lib/gcc/pic32c/6.2.1/../../../../pic32c/lib\libc_nano.a(lib_a-strtol.o)
 .debug_info    0x000b4d5d     0x1043 c:/program files/microchip/xc32/v2.40/bin/bin/../../lib/gcc/pic32c/6.2.1/../../../../pic32c/lib\libc_nano.a(lib_a-tzcalc_limits.o)