Archive member included to satisfy reference by file (symbol)

c:/program files/microchip/xc32/v2.40/bin/bin/../../lib/gcc/pic32c/6.2.1/../../../../pic32c/lib\libpic32c.a(data_init.o)
                              build/SAMD21_WG_IOT/production/_ext/853479/startup_xc32.o (__pic32c_data_initialization)
c:/program files/microchip/xc32/v2.40/bin/bin/../../lib/gcc/pic32c/6.2.1\libgcc.a(_udivsi3.o)
                              build/SAMD21_WG_IOT/production/_ext/831742467/inet_ntop.o (__aeabi_uidiv)
c:/program files/microchip/xc32/v2.40/bin/bin/../../lib/gcc/pic32c/6.2.1\libgcc.a(_divsi3.o)
                              build/SAMD21_WG_IOT/production/_ext/157239130/sys_time.o (__aeabi_idiv)
c:/program files/microchip/xc32/v2.40/bin/bin/../../lib/gcc/pic32c/6.2.1\libgcc.a(_dvmd_tls.o)
                              c:/program files/microchip/xc32/v2.40/bin/bin/../../lib/gcc/pic32c/6.2.1\libgcc.a(_udivsi3.o) (__aeabi_idiv0)
c:/program files/microchip/xc32/v2.40/bin/bin/../../lib/gcc/pic32c/6.2.1\libgcc.a(_aeabi_uldivmod.o)
                              build/SAMD21_WG_IOT/production/_ext/27410978/plib_sercom5_usart.o (__aeabi_uldivmod)
c:/program files/microchip/xc32/v2.40/bin/bin/../../lib/gcc/pic32c/6.2.1\libgcc.a(_muldi3.o)
                              build/SAMD21_WG_IOT/production/_ext/27410978/plib_sercom5_usart.o (__aeabi_lmul)
c:/program files/microchip/xc32/v2.40/bin/bin/../../lib/gcc/pic32c/6.2.1\libgcc.a(_fixunssfsi.o)
                              build/SAMD21_WG_IOT/production/_ext/1357986986/plib_sercom3_i2c_master.o (__aeabi_f2uiz)
c:/program files/microchip/xc32/v2.40/bin/bin/../../lib/gcc/pic32c/6.2.1\libgcc.a(_udivmoddi4.o)
                              c:/program files/microchip/xc32/v2.40/bin/bin/../../lib/gcc/pic32c/6.2.1\libgcc.a(_aeabi_uldivmod.o) (__udivmoddi4)
c:/program files/microchip/xc32/v2.40/bin/bin/../../lib/gcc/pic32c/6.2.1\libgcc.a(addsf3.o)
                              build/SAMD21_WG_IOT/production/_ext/1357986986/plib_sercom3_i2c_master.o (__aeabi_fadd)
c:/program files/microchip/xc32/v2.40/bin/bin/../../lib/gcc/pic32c/6.2.1\libgcc.a(divsf3.o)
                              build/SAMD21_WG_IOT/production/_ext/1357986986/plib_sercom3_i2c_master.o (__aeabi_fdiv)
c:/program files/microchip/xc32/v2.40/bin/bin/../../lib/gcc/pic32c/6.2.1\libgcc.a(mulsf3.o)
                              build/SAMD21_WG_IOT/production/_ext/1357986986/plib_sercom3_i2c_master.o (__aeabi_fmul)
c:/program files/microchip/xc32/v2.40/bin/bin/../../lib/gcc/pic32c/6.2.1\libgcc.a(subsf3.o)
                              build/SAMD21_WG_IOT/production/_ext/1357986986/plib_sercom3_i2c_master.o (__aeabi_fsub)
c:/program files/microchip/xc32/v2.40/bin/bin/../../lib/gcc/pic32c/6.2.1\libgcc.a(fixsfsi.o)
                              c:/program files/microchip/xc32/v2.40/bin/bin/../../lib/gcc/pic32c/6.2.1\libgcc.a(_fixunssfsi.o) (__aeabi_f2iz)
c:/program files/microchip/xc32/v2.40/bin/bin/../../lib/gcc/pic32c/6.2.1\libgcc.a(floatunsisf.o)
                              build/SAMD21_WG_IOT/production/_ext/1357986986/plib_sercom3_i2c_master.o (__aeabi_ui2f)
c:/program files/microchip/xc32/v2.40/bin/bin/../../lib/gcc/pic32c/6.2.1\libgcc.a(adddf3.o)
                              build/SAMD21_WG_IOT/production/_ext/1360937237/app.o (__aeabi_dadd)
c:/program files/microchip/xc32/v2.40/bin/bin/../../lib/gcc/pic32c/6.2.1\libgcc.a(divdf3.o)
                              build/SAMD21_WG_IOT/production/_ext/1360937237/app.o (__aeabi_ddiv)
c:/program files/microchip/xc32/v2.40/bin/bin/../../lib/gcc/pic32c/6.2.1\libgcc.a(muldf3.o)
                              build/SAMD21_WG_IOT/production/_ext/1360937237/app.o (__aeabi_dmul)
c:/program files/microchip/xc32/v2.40/bin/bin/../../lib/gcc/pic32c/6.2.1\libgcc.a(subdf3.o)
                              build/SAMD21_WG_IOT/production/_ext/1360937237/app.o (__aeabi_dsub)
c:/program files/microchip/xc32/v2.40/bin/bin/../../lib/gcc/pic32c/6.2.1\libgcc.a(fixdfsi.o)
                              build/SAMD21_WG_IOT/production/_ext/1731314967/mqtt_core.o (__aeabi_d2iz)
c:/program files/microchip/xc32/v2.40/bin/bin/../../lib/gcc/pic32c/6.2.1\libgcc.a(floatsidf.o)
                              build/SAMD21_WG_IOT/production/_ext/1360937237/app.o (__aeabi_i2d)
c:/program files/microchip/xc32/v2.40/bin/bin/../../lib/gcc/pic32c/6.2.1\libgcc.a(extendsfdf2.o)
                              build/SAMD21_WG_IOT/production/_ext/1360937237/app.o (__aeabi_f2d)
c:/program files/microchip/xc32/v2.40/bin/bin/../../lib/gcc/pic32c/6.2.1\libgcc.a(truncdfsf2.o)
                              build/SAMD21_WG_IOT/production/_ext/1360937237/app.o (__aeabi_d2f)
c:/program files/microchip/xc32/v2.40/bin/bin/../../lib/gcc/pic32c/6.2.1\libgcc.a(_thumb1_case_uqi.o)
                              c:/program files/microchip/xc32/v2.40/bin/bin/../../lib/gcc/pic32c/6.2.1\libgcc.a(divsf3.o) (__gnu_thumb1_case_uqi)
c:/program files/microchip/xc32/v2.40/bin/bin/../../lib/gcc/pic32c/6.2.1\libgcc.a(_thumb1_case_uhi.o)
[...]
Memory Configuration

Name             Origin             Length             Attributes
rom              0x00000000         0x00040000         xrl
ram              0x20000000         0x00008000         xw !r
config_00804000  0x00804000         0x00000004
config_00804004  0x00804004         0x00000004
*default*        0x00000000         0xffffffff

Linker script and memory map

LOAD c:/program files/microchip/xc32/v2.40/bin/bin/../../lib/gcc/pic32c/6.2.1/crti.o
LOAD c:/program files/microchip/xc32/v2.40/bin/bin/../../lib/gcc/pic32c/6.2.1/crtbegin.o
LOAD build/SAMD21_WG_IOT/production/_ext/1678205250/drv_spi.o
LOAD build/SAMD21_WG_IOT/production/_ext/328869906/wdrv_winc_eint.o
LOAD build/SAMD21_WG_IOT/production/_ext/328869906/wdrv_winc_gpio.o
LOAD build/SAMD21_WG_IOT/production/_ext/2088830217/wdrv_winc_spi.o
LOAD build/SAMD21_WG_IOT/production/_ext/373976187/nm_common.o
LOAD build/SAMD21_WG_IOT/production/_ext/405265080/m2m_hif.o
LOAD build/SAMD21_WG_IOT/production/_ext/405265080/m2m_periph.o
LOAD build/SAMD21_WG_IOT/production/_ext/405265080/m2m_wifi.o
LOAD build/SAMD21_WG_IOT/production/_ext/405265080/nmasic.o
LOAD build/SAMD21_WG_IOT/production/_ext/405265080/nmbus.o
LOAD build/SAMD21_WG_IOT/production/_ext/405265080/nmdrv.o
LOAD build/SAMD21_WG_IOT/production/_ext/405265080/nmspi.o
LOAD build/SAMD21_WG_IOT/production/_ext/405265080/m2m_ota.o
LOAD build/SAMD21_WG_IOT/production/_ext/405265080/m2m_ssl.o
LOAD build/SAMD21_WG_IOT/production/_ext/831742467/socket.o
LOAD build/SAMD21_WG_IOT/production/_ext/831742467/inet_ntop.o
LOAD build/SAMD21_WG_IOT/production/_ext/831742467/inet_addr.o
LOAD build/SAMD21_WG_IOT/production/_ext/1091366131/spi_flash.o
LOAD build/SAMD21_WG_IOT/production/_ext/1091366131/flexible_flash.o
LOAD build/SAMD21_WG_IOT/production/_ext/1461284888/wdrv_winc_osal.o
LOAD build/SAMD21_WG_IOT/production/_ext/845676186/wdrv_winc.o
LOAD build/SAMD21_WG_IOT/production/_ext/845676186/wdrv_winc_assoc.o
LOAD build/SAMD21_WG_IOT/production/_ext/845676186/wdrv_winc_authctx.o
LOAD build/SAMD21_WG_IOT/production/_ext/845676186/wdrv_winc_bssctx.o
LOAD build/SAMD21_WG_IOT/production/_ext/845676186/wdrv_winc_bssfind.o
LOAD build/SAMD21_WG_IOT/production/_ext/845676186/wdrv_winc_custie.o
LOAD build/SAMD21_WG_IOT/production/_ext/845676186/wdrv_winc_host_file.o
LOAD build/SAMD21_WG_IOT/production/_ext/845676186/wdrv_winc_httpprovctx.o
LOAD build/SAMD21_WG_IOT/production/_ext/845676186/wdrv_winc_nvm.o
LOAD build/SAMD21_WG_IOT/production/_ext/845676186/wdrv_winc_powersave.o
LOAD build/SAMD21_WG_IOT/production/_ext/845676186/wdrv_winc_socket.o
LOAD build/SAMD21_WG_IOT/production/_ext/845676186/wdrv_winc_softap.o
LOAD build/SAMD21_WG_IOT/production/_ext/845676186/wdrv_winc_ssl.o
LOAD build/SAMD21_WG_IOT/production/_ext/845676186/wdrv_winc_sta.o
LOAD build/SAMD21_WG_IOT/production/_ext/845676186/wdrv_winc_systime.o
LOAD build/SAMD21_WG_IOT/production/_ext/845676186/wdrv_winc_wps.o
LOAD build/SAMD21_WG_IOT/production/_ext/485667147/plib_adc.o
LOAD build/SAMD21_WG_IOT/production/_ext/1427407075/plib_clock.o
LOAD build/SAMD21_WG_IOT/production/_ext/2124285686/plib_dmac.o
LOAD build/SAMD21_WG_IOT/production/_ext/485663148/plib_eic.o
LOAD build/SAMD21_WG_IOT/production/_ext/1429556561/plib_evsys.o
LOAD build/SAMD21_WG_IOT/production/_ext/2124592493/plib_nvic.o
LOAD build/SAMD21_WG_IOT/production/_ext/1194272987/plib_nvmctrl.o
LOAD build/SAMD21_WG_IOT/production/_ext/2124645644/plib_port.o
LOAD build/SAMD21_WG_IOT/production/_ext/485650314/plib_rtc_clock.o
LOAD build/SAMD21_WG_IOT/production/_ext/1357986986/plib_sercom3_i2c_master.o
LOAD build/SAMD21_WG_IOT/production/_ext/866752344/plib_sercom4_spi_master.o
LOAD build/SAMD21_WG_IOT/production/_ext/27410978/plib_sercom5_usart.o
LOAD build/SAMD21_WG_IOT/production/_ext/708402758/plib_tc3.o
LOAD build/SAMD21_WG_IOT/production/_ext/1812770719/xc32_monitor.o
LOAD build/SAMD21_WG_IOT/production/_ext/131504744/sys_command.o
LOAD build/SAMD21_WG_IOT/production/_ext/325207436/sys_console.o
LOAD build/SAMD21_WG_IOT/production/_ext/325207436/sys_console_uart.o
LOAD build/SAMD21_WG_IOT/production/_ext/1268222528/sys_dma.o
LOAD build/SAMD21_WG_IOT/production/_ext/1335837964/sys_int.o
LOAD build/SAMD21_WG_IOT/production/_ext/996151145/sys_reset.o
LOAD build/SAMD21_WG_IOT/production/_ext/157239130/sys_time.o
LOAD build/SAMD21_WG_IOT/production/_ext/853479/initialization.o
LOAD build/SAMD21_WG_IOT/production/_ext/853479/interrupts.o
LOAD build/SAMD21_WG_IOT/production/_ext/853479/exceptions.o
LOAD build/SAMD21_WG_IOT/production/_ext/853479/startup_xc32.o
LOAD build/SAMD21_WG_IOT/production/_ext/853479/libc_syscalls.o
LOAD build/SAMD21_WG_IOT/production/_ext/853479/tasks.o
LOAD build/SAMD21_WG_IOT/production/_ext/364212162/credentials_storage.o
LOAD build/SAMD21_WG_IOT/production/_ext/935147988/atcacert_client.o
LOAD build/SAMD21_WG_IOT/production/_ext/935147988/atcacert_date.o
LOAD build/SAMD21_WG_IOT/production/_ext/935147988/atcacert_def.o
LOAD build/SAMD21_WG_IOT/production/_ext/935147988/atcacert_der.o
LOAD build/SAMD21_WG_IOT/production/_ext/935147988/atcacert_host_hw.o
LOAD build/SAMD21_WG_IOT/production/_ext/935147988/atcacert_host_sw.o
LOAD build/SAMD21_WG_IOT/production/_ext/935147988/atcacert_pem.o
LOAD build/SAMD21_WG_IOT/production/_ext/2028850473/atca_basic.o
LOAD build/SAMD21_WG_IOT/production/_ext/2028850473/atca_basic_aes.o
LOAD build/SAMD21_WG_IOT/production/_ext/2028850473/atca_basic_checkmac.o
LOAD build/SAMD21_WG_IOT/production/_ext/2028850473/atca_basic_counter.o
LOAD build/SAMD21_WG_IOT/production/_ext/2028850473/atca_basic_derivekey.o
LOAD build/SAMD21_WG_IOT/production/_ext/2028850473/atca_basic_ecdh.o
LOAD build/SAMD21_WG_IOT/production/_ext/2028850473/atca_basic_gendig.o
LOAD build/SAMD21_WG_IOT/production/_ext/2028850473/atca_basic_genkey.o
LOAD build/SAMD21_WG_IOT/production/_ext/2028850473/atca_basic_hmac.o
LOAD build/SAMD21_WG_IOT/production/_ext/2028850473/atca_basic_info.o
LOAD build/SAMD21_WG_IOT/production/_ext/2028850473/atca_basic_kdf.o
LOAD build/SAMD21_WG_IOT/production/_ext/2028850473/atca_basic_lock.o
LOAD build/SAMD21_WG_IOT/production/_ext/2028850473/atca_basic_mac.o
LOAD build/SAMD21_WG_IOT/production/_ext/2028850473/atca_basic_nonce.o
LOAD build/SAMD21_WG_IOT/production/_ext/2028850473/atca_basic_privwrite.o
LOAD build/SAMD21_WG_IOT/production/_ext/2028850473/atca_basic_random.o
LOAD build/SAMD21_WG_IOT/production/_ext/2028850473/atca_basic_read.o
LOAD build/SAMD21_WG_IOT/production/_ext/2028850473/atca_basic_secureboot.o
LOAD build/SAMD21_WG_IOT/production/_ext/2028850473/atca_basic_selftest.o
LOAD build/SAMD21_WG_IOT/production/_ext/2028850473/atca_basic_sha.o
LOAD build/SAMD21_WG_IOT/production/_ext/2028850473/atca_basic_sign.o
LOAD build/SAMD21_WG_IOT/production/_ext/2028850473/atca_basic_updateextra.o
LOAD build/SAMD21_WG_IOT/production/_ext/2028850473/atca_basic_verify.o
LOAD build/SAMD21_WG_IOT/production/_ext/2028850473/atca_basic_write.o
LOAD build/SAMD21_WG_IOT/production/_ext/2028850473/atca_helpers.o
LOAD build/SAMD21_WG_IOT/production/_ext/626928883/sha1_routines.o
LOAD build/SAMD21_WG_IOT/production/_ext/626928883/sha2_routines.o
LOAD build/SAMD21_WG_IOT/production/_ext/1574659896/atca_crypto_sw_ecdsa.o
LOAD build/SAMD21_WG_IOT/production/_ext/1574659896/atca_crypto_sw_rand.o
LOAD build/SAMD21_WG_IOT/production/_ext/1574659896/atca_crypto_sw_sha1.o
LOAD build/SAMD21_WG_IOT/production/_ext/1574659896/atca_crypto_sw_sha2.o
LOAD build/SAMD21_WG_IOT/production/_ext/672495748/atca_hal.o
LOAD build/SAMD21_WG_IOT/production/_ext/672495748/hal_i2c.o
LOAD build/SAMD21_WG_IOT/production/_ext/672495748/hal_timer.o
LOAD build/SAMD21_WG_IOT/production/_ext/627482079/atca_host.o
LOAD build/SAMD21_WG_IOT/production/_ext/672493136/atca_jwt.o
LOAD build/SAMD21_WG_IOT/production/_ext/672483868/atcatls.o
LOAD build/SAMD21_WG_IOT/production/_ext/672483868/atcatls_cfg.o
LOAD build/SAMD21_WG_IOT/production/_ext/1837493384/atca_cfgs.o
LOAD build/SAMD21_WG_IOT/production/_ext/1837493384/atca_command.o
LOAD build/SAMD21_WG_IOT/production/_ext/1837493384/atca_device.o
LOAD build/SAMD21_WG_IOT/production/_ext/1837493384/atca_execution.o
LOAD build/SAMD21_WG_IOT/production/_ext/1837493384/atca_iface.o
LOAD build/SAMD21_WG_IOT/production/_ext/1207317302/mqtt_comm_layer.o
LOAD build/SAMD21_WG_IOT/production/_ext/1731314967/mqtt_core.o
LOAD build/SAMD21_WG_IOT/production/_ext/781924270/mqtt_exchange_buffer.o
LOAD build/SAMD21_WG_IOT/production/_ext/1019103266/mqtt_packetTransfer_interface.o
LOAD build/SAMD21_WG_IOT/production/_ext/695851535/bsdWINC.o
LOAD build/SAMD21_WG_IOT/production/_ext/1688231369/cryptoauthlib_main.o
LOAD build/SAMD21_WG_IOT/production/_ext/1688231369/crypto_client.o
LOAD build/SAMD21_WG_IOT/production/_ext/347544798/mqtt_packetPopulate.o
LOAD build/SAMD21_WG_IOT/production/_ext/711616579/cloud_service.o
LOAD build/SAMD21_WG_IOT/production/_ext/711616579/wifi_service.o
LOAD build/SAMD21_WG_IOT/production/_ext/1360937237/debug_print.o
LOAD build/SAMD21_WG_IOT/production/_ext/1360937237/led.o
LOAD build/SAMD21_WG_IOT/production/_ext/1360937237/main.o
LOAD build/SAMD21_WG_IOT/production/_ext/1360937237/app.o
                0x00000001                __MPLAB_BUILD = 0x1
                0x00040000                __rom_end = (ORIGIN (rom) + LENGTH (rom))
                0x20008000                __ram_end = (ORIGIN (ram) + LENGTH (ram))

.config_00804000
                0x00804000        0x4
 *(.config_00804000)
 .config_00804000
                0x00804000        0x4 build/SAMD21_WG_IOT/production/_ext/853479/initialization.o

.config_00804004
                0x00804004        0x4
 *(.config_00804004)
 .config_00804004
                0x00804004        0x4 build/SAMD21_WG_IOT/production/_ext/853479/initialization.o

.vectors        0x00000000       0xb0
                0x00000000                . = ALIGN (0x4)
                0x00000000                _sfixed = .
 *(.vectors .vectors.* .vectors_default .vectors_default.*)
 .vectors       0x00000000       0xb0 build/SAMD21_WG_IOT/production/_ext/853479/interrupts.o
                0x00000000                exception_table
 *(.isr_vector)
 *(.reset*)
 *(.after_vectors)

.text           0x000000b0       0x20
                0x000000b0                . = ALIGN (0x4)
 *(.glue_7t)
 .glue_7t       0x000000b0        0x0 linker stubs
 *(.glue_7)
 .glue_7        0x000000b0        0x0 linker stubs
 *(.gnu.linkonce.r.*)
 *(.ARM.extab* .gnu.linkonce.armextab.*)
                0x000000b0                . = ALIGN (0x4)
 *(.init)
 .init          0x000000b0        0x4 c:/program files/microchip/xc32/v2.40/bin/bin/../../lib/gcc/pic32c/6.2.1/crti.o
                0x000000b0                _init
 .init          0x000000b4        0x8 c:/program files/microchip/xc32/v2.40/bin/bin/../../lib/gcc/pic32c/6.2.1/crtn.o
                0x000000bc                . = ALIGN (0x4)
                0x000000bc                __preinit_array_start = .
 *(.preinit_array)
                0x000000bc                __preinit_array_end = .
                0x000000bc                . = ALIGN (0x4)
                0x000000bc                __init_array_start = .
 *(SORT(.init_array.*))
 *(.init_array)
 .init_array    0x000000bc        0x4 c:/program files/microchip/xc32/v2.40/bin/bin/../../lib/gcc/pic32c/6.2.1/crtbegin.o
                0x000000c0                __init_array_end = .
                0x000000c0                . = ALIGN (0x4)
 *crtbegin.o(.ctors)
 *(EXCLUDE_FILE(*crtend.o) .ctors)
 *(SORT(.ctors.*))
 *crtend.o(.ctors)
                0x000000c0                . = ALIGN (0x4)
 *(.fini)
 .fini          0x000000c0        0x4 c:/program files/microchip/xc32/v2.40/bin/bin/../../lib/gcc/pic32c/6.2.1/crti.o
                0x000000c0                _fini
 .fini          0x000000c4        0x8 c:/program files/microchip/xc32/v2.40/bin/bin/../../lib/gcc/pic32c/6.2.1/crtn.o
                0x000000cc                . = ALIGN (0x4)
                0x000000cc                __fini_array_start = .
 *(.fini_array)
 .fini_array    0x000000cc        0x4 c:/program files/microchip/xc32/v2.40/bin/bin/../../lib/gcc/pic32c/6.2.1/crtbegin.o
 *(SORT(.fini_array.*))
                0x000000d0                __fini_array_end = .
 *crtbegin.o(.dtors)
 *(EXCLUDE_FILE(*crtend.o) .dtors)
 *(SORT(.dtors.*))
 *crtend.o(.dtors)
                0x000000d0                . = ALIGN (0x4)
                0x000000d0                _efixed = .
                [!provide]                PROVIDE (__exidx_start, .)

.ARM.exidx      0x000000d0        0x8
 *(.ARM.exidx* .gnu.linkonce.armexidx.*)
 .ARM.exidx     0x000000d0        0x8 c:/program files/microchip/xc32/v2.40/bin/bin/../../lib/gcc/pic32c/6.2.1\libgcc.a(_udivmoddi4.o)
                [!provide]                PROVIDE (__exidx_end, .)
                0x000000d8                . = ALIGN (0x4)
                0x000000d8                _etext = .

.bss            0x20000000      0x594
                0x20000000                . = ALIGN (0x4)
                0x20000000                __bss_start__ = .
                0x20000000                _sbss = .
                0x20000000                _szero = .
 *(COMMON)
 COMMON         0x20000000       0x28 build/SAMD21_WG_IOT/production/_ext/405265080/m2m_hif.o
                0x20000000                gstrHifCxt
 COMMON         0x20000028       0xbc build/SAMD21_WG_IOT/production/_ext/831742467/socket.o
                0x20000028                gu16BufferSize
                0x2000002a                gsockerrno
                0x2000002b                gu8OpCode
                0x2000002c                gastrSockets
                0x200000dc                gpfAppSocketCb
                0x200000e0                gpfAppResolveCb
 COMMON         0x200000e4        0x4 build/SAMD21_WG_IOT/production/_ext/845676186/wdrv_winc.o
                0x200000e4                pfWINCDebugPrintCb
 COMMON         0x200000e8       0xc0 build/SAMD21_WG_IOT/production/_ext/485663148/plib_eic.o
                0x200000e8                eicCallbackObject
 COMMON         0x200001a8        0x8 build/SAMD21_WG_IOT/production/_ext/708402758/plib_tc3.o
                0x200001a8                TC3_CallbackObject
 COMMON         0x200001b0       0x10 build/SAMD21_WG_IOT/production/_ext/853479/initialization.o
                0x200001b0                sysObj
 COMMON         0x200001c0       0x42 build/SAMD21_WG_IOT/production/_ext/364212162/credentials_storage.o
                0x200001c0                ssid
                0x200001e0                pass
                0x20000200                authType
 *fill*         0x20000202        0x2 
 COMMON         0x20000204       0x34 build/SAMD21_WG_IOT/production/_ext/2028850473/atca_basic.o
                0x20000204                g_atcab_device
                0x2000020c                g_atcab_iface
                0x20000234                g_atcab_command
 COMMON         0x20000238        0x4 build/SAMD21_WG_IOT/production/_ext/1019103266/mqtt_packetTransfer_interface.o
                0x20000238                publishRecvInfo
 COMMON         0x2000023c       0x2c build/SAMD21_WG_IOT/production/_ext/1688231369/cryptoauthlib_main.o
                0x2000023c                _gmyIface
                0x20000264                _gmyCommand
 COMMON         0x20000268        0x9 build/SAMD21_WG_IOT/production/_ext/1688231369/crypto_client.o
                0x20000268                g_serial_number
 *fill*         0x20000271        0x3 
 COMMON         0x20000274      0x254 build/SAMD21_WG_IOT/production/_ext/347544798/mqtt_packetPopulate.o
                0x20000274                mqttTopic
                0x2000029c                mqttPassword
                0x20000464                cid
 COMMON         0x200004c8       0xbc build/SAMD21_WG_IOT/production/_ext/711616579/cloud_service.o
                0x200004c8                mqttSubscribeTopic
                0x2000052c                imqtt_publishReceiveCallBackTable
                0x20000534                mqttGoogleApisComIP
                0x20000538                deviceId
                0x20000558                config_gcp_thing_id
                0x2000056c                cloud_packetReceiveCallBackTable
 COMMON         0x20000584        0xc build/SAMD21_WG_IOT/production/_ext/1360937237/app.o
                0x20000584                appCryptoClientSerialNumber
                0x20000588                appData
                0x2000058c                shared_networking_params
 COMMON         0x20000590        0x4 c:/program files/microchip/xc32/v2.40/bin/bin/../../lib/gcc/pic32c/6.2.1/../../../../pic32c/lib\libc_nano.a(lib_a-reent.o)
                0x20000590                errno
                0x20000594                . = ALIGN (0x4)
                0x20000594                __bss_end__ = .
                0x20000594                _ebss = .
                0x20000594                _ezero = .
                0x20000594                . = ALIGN (0x4)
                0x20000594                _end = .
                0x20007fff                _ram_end_ = ((ORIGIN (ram) + LENGTH (ram)) - 0x1)
                0x00002000                _min_heap_size = 0x2000
                0x00002000                _min_stack_size = 0x2000
START GROUP
LOAD c:/program files/microchip/xc32/v2.40/bin/bin/../../lib/gcc/pic32c/6.2.1/../../../../pic32c/lib\libpic32c.a
LOAD c:/program files/microchip/xc32/v2.40/bin/bin/../../lib/gcc/pic32c/6.2.1\libgcc.a
LOAD c:/program files/microchip/xc32/v2.40/bin/bin/../../lib/gcc/pic32c/6.2.1/../../../../pic32c/lib\libm_nano.a
LOAD c:/program files/microchip/xc32/v2.40/bin/bin/../../lib/gcc/pic32c/6.2.1/../../../../pic32c/lib\libc_nano.a
END GROUP
LOAD c:/program files/microchip/xc32/v2.40/bin/bin/../../lib/gcc/pic32c/6.2.1/crtend.o
LOAD c:/program files/microchip/xc32/v2.40/bin/bin/../../lib/gcc/pic32c/6.2.1/crtn.o
OUTPUT(dist/SAMD21_WG_IOT/production/sam_d21_iot_wg.X.production.elf elf32-littlearm)
LOAD stack
LOAD data_init

.ARM.attributes
                0x00000000       0x28
 .ARM.attributes
                0x00000000       0x1e c:/program files/microchip/xc32/v2.40/bin/bin/../../lib/gcc/pic32c/6.2.1/crti.o
 .ARM.attributes
                0x0000001e       0x2c c:/program files/microchip/xc32/v2.40/bin/bin/../../lib/gcc/pic32c/6.2.1/crtbegin.o
 .ARM.attributes
                0x0000004a       0x32 build/SAMD21_WG_IOT/production/_ext/1678205250/drv_spi.o
 .ARM.attributes
                0x0000007c       0x32 build/SAMD21_WG_IOT/production/_ext/328869906/wdrv_winc_eint.o
 .ARM.attributes
                0x000000ae       0x32 build/SAMD21_WG_IOT/production/_ext/328869906/wdrv_winc_gpio.o
 .ARM.attributes
                0x000000e0       0x32 build/SAMD21_WG_IOT/production/_ext/2088830217/wdrv_winc_spi.o
 .ARM.attributes
                0x00000112       0x32 build/SAMD21_WG_IOT/production/_ext/373976187/nm_common.o
 .ARM.attributes
                0x00000144       0x32 build/SAMD21_WG_IOT/production/_ext/405265080/m2m_hif.o
 .ARM.attributes
                0x00000176       0x32 build/SAMD21_WG_IOT/production/_ext/405265080/m2m_wifi.o
 .ARM.attributes
                0x000001a8       0x32 build/SAMD21_WG_IOT/production/_ext/405265080/nmasic.o
 .ARM.attributes
                0x000001da       0x32 build/SAMD21_WG_IOT/production/_ext/405265080/nmbus.o
 .ARM.attributes
                0x0000020c       0x32 build/SAMD21_WG_IOT/production/_ext/405265080/nmdrv.o
 .ARM.attributes
                0x0000023e       0x32 build/SAMD21_WG_IOT/production/_ext/405265080/nmspi.o
 .ARM.attributes
                0x00000270       0x32 build/SAMD21_WG_IOT/production/_ext/405265080/m2m_ota.o
 .ARM.attributes
                0x000002a2       0x32 build/SAMD21_WG_IOT/production/_ext/405265080/m2m_ssl.o
 .ARM.attributes
                0x000002d4       0x32 build/SAMD21_WG_IOT/production/_ext/831742467/socket.o
 .ARM.attributes
                0x00000306       0x32 build/SAMD21_WG_IOT/production/_ext/1091366131/spi_flash.o
 .ARM.attributes
                0x00000338       0x32 build/SAMD21_WG_IOT/production/_ext/1461284888/wdrv_winc_osal.o
 .ARM.attributes
                0x0000036a       0x32 build/SAMD21_WG_IOT/production/_ext/845676186/wdrv_winc.o
 .ARM.attributes
                0x0000039c       0x32 build/SAMD21_WG_IOT/production/_ext/845676186/wdrv_winc_authctx.o
 .ARM.attributes
                0x000003ce       0x32 build/SAMD21_WG_IOT/production/_ext/845676186/wdrv_winc_bssctx.o
 .ARM.attributes
                0x00000400       0x32 build/SAMD21_WG_IOT/production/_ext/845676186/wdrv_winc_host_file.o
 .ARM.attributes
                0x00000432       0x32 build/SAMD21_WG_IOT/production/_ext/845676186/wdrv_winc_socket.o
 .ARM.attributes
                0x00000464       0x32 build/SAMD21_WG_IOT/production/_ext/845676186/wdrv_winc_sta.o
 .ARM.attributes
                0x00000496       0x32 build/SAMD21_WG_IOT/production/_ext/845676186/wdrv_winc_systime.o
 .ARM.attributes
                0x000004c8       0x32 build/SAMD21_WG_IOT/production/_ext/485667147/plib_adc.o
 .ARM.attributes
                0x000004fa       0x32 build/SAMD21_WG_IOT/production/_ext/1427407075/plib_clock.o
 .ARM.attributes
                0x0000052c       0x32 build/SAMD21_WG_IOT/production/_ext/2124285686/plib_dmac.o
 .ARM.attributes
                0x0000055e       0x32 build/SAMD21_WG_IOT/production/_ext/485663148/plib_eic.o
 .ARM.attributes
                0x00000590       0x32 build/SAMD21_WG_IOT/production/_ext/1429556561/plib_evsys.o
 .ARM.attributes
                0x000005c2       0x32 build/SAMD21_WG_IOT/production/_ext/2124592493/plib_nvic.o
 .ARM.attributes
                0x000005f4       0x32 build/SAMD21_WG_IOT/production/_ext/1194272987/plib_nvmctrl.o
 .ARM.attributes
                0x00000626       0x32 build/SAMD21_WG_IOT/production/_ext/2124645644/plib_port.o
 .ARM.attributes
                0x00000658       0x32 build/SAMD21_WG_IOT/production/_ext/485650314/plib_rtc_clock.o
 .ARM.attributes
                0x0000068a       0x32 build/SAMD21_WG_IOT/production/_ext/1357986986/plib_sercom3_i2c_master.o
 .ARM.attributes
                0x000006bc       0x32 build/SAMD21_WG_IOT/production/_ext/866752344/plib_sercom4_spi_master.o
 .ARM.attributes
                0x000006ee       0x32 build/SAMD21_WG_IOT/production/_ext/27410978/plib_sercom5_usart.o
 .ARM.attributes
                0x00000720       0x32 build/SAMD21_WG_IOT/production/_ext/708402758/plib_tc3.o
 .ARM.attributes
                0x00000752       0x32 build/SAMD21_WG_IOT/production/_ext/1812770719/xc32_monitor.o
 .ARM.attributes
                0x00000784       0x32 build/SAMD21_WG_IOT/production/_ext/131504744/sys_command.o
 .ARM.attributes
                0x000007b6       0x32 build/SAMD21_WG_IOT/production/_ext/325207436/sys_console.o
 .ARM.attributes
                0x000007e8       0x32 build/SAMD21_WG_IOT/production/_ext/325207436/sys_console_uart.o
 .ARM.attributes
                0x0000081a       0x32 build/SAMD21_WG_IOT/production/_ext/1268222528/sys_dma.o
 .ARM.attributes
                0x0000084c       0x32 build/SAMD21_WG_IOT/production/_ext/1335837964/sys_int.o
 .ARM.attributes
                0x0000087e       0x32 build/SAMD21_WG_IOT/production/_ext/157239130/sys_time.o
 .ARM.attributes
                0x000008b0       0x32 build/SAMD21_WG_IOT/production/_ext/853479/initialization.o
 .ARM.attributes
                0x000008e2       0x32 build/SAMD21_WG_IOT/production/_ext/853479/interrupts.o
 .ARM.attributes
                0x00000914       0x32 build/SAMD21_WG_IOT/production/_ext/853479/exceptions.o
 .ARM.attributes
                0x00000946       0x32 build/SAMD21_WG_IOT/production/_ext/853479/startup_xc32.o
 .ARM.attributes
                0x00000978       0x32 build/SAMD21_WG_IOT/production/_ext/853479/tasks.o
 .ARM.attributes
                0x000009aa       0x32 build/SAMD21_WG_IOT/production/_ext/364212162/credentials_storage.o
 .ARM.attributes
                0x000009dc       0x32 build/SAMD21_WG_IOT/production/_ext/2028850473/atca_basic.o
 .ARM.attributes
                0x00000a0e       0x32 build/SAMD21_WG_IOT/production/_ext/2028850473/atca_basic_genkey.o
 .ARM.attributes
                0x00000a40       0x32 build/SAMD21_WG_IOT/production/_ext/2028850473/atca_basic_lock.o
 .ARM.attributes
                0x00000a72       0x32 build/SAMD21_WG_IOT/production/_ext/2028850473/atca_basic_nonce.o
 .ARM.attributes
                0x00000aa4       0x32 build/SAMD21_WG_IOT/production/_ext/2028850473/atca_basic_random.o
 .ARM.attributes
                0x00000ad6       0x32 build/SAMD21_WG_IOT/production/_ext/2028850473/atca_basic_read.o
 .ARM.attributes
                0x00000b08       0x32 build/SAMD21_WG_IOT/production/_ext/2028850473/atca_basic_sign.o
 .ARM.attributes
                0x00000b3a       0x32 build/SAMD21_WG_IOT/production/_ext/2028850473/atca_helpers.o
 .ARM.attributes
                0x00000b6c       0x32 build/SAMD21_WG_IOT/production/_ext/626928883/sha2_routines.o
 .ARM.attributes
                0x00000b9e       0x32 build/SAMD21_WG_IOT/production/_ext/1574659896/atca_crypto_sw_sha2.o
 .ARM.attributes
                0x00000bd0       0x32 build/SAMD21_WG_IOT/production/_ext/672495748/atca_hal.o
 .ARM.attributes
                0x00000c02       0x32 build/SAMD21_WG_IOT/production/_ext/672495748/hal_i2c.o
 .ARM.attributes
                0x00000c34       0x32 build/SAMD21_WG_IOT/production/_ext/672495748/hal_timer.o
 .ARM.attributes
                0x00000c66       0x32 build/SAMD21_WG_IOT/production/_ext/672493136/atca_jwt.o
 .ARM.attributes
                0x00000c98       0x32 build/SAMD21_WG_IOT/production/_ext/672483868/atcatls.o
 .ARM.attributes
                0x00000cca       0x32 build/SAMD21_WG_IOT/production/_ext/1837493384/atca_command.o
 .ARM.attributes
                0x00000cfc       0x32 build/SAMD21_WG_IOT/production/_ext/1837493384/atca_device.o
 .ARM.attributes
                0x00000d2e       0x32 build/SAMD21_WG_IOT/production/_ext/1837493384/atca_execution.o
 .ARM.attributes
                0x00000d60       0x32 build/SAMD21_WG_IOT/production/_ext/1837493384/atca_iface.o
 .ARM.attributes
                0x00000d92       0x32 build/SAMD21_WG_IOT/production/_ext/1207317302/mqtt_comm_layer.o
 .ARM.attributes
                0x00000dc4       0x32 build/SAMD21_WG_IOT/production/_ext/1731314967/mqtt_core.o
 .ARM.attributes
                0x00000df6       0x32 build/SAMD21_WG_IOT/production/_ext/781924270/mqtt_exchange_buffer.o
 .ARM.attributes
                0x00000e28       0x32 build/SAMD21_WG_IOT/production/_ext/1019103266/mqtt_packetTransfer_interface.o
 .ARM.attributes
                0x00000e5a       0x32 build/SAMD21_WG_IOT/production/_ext/695851535/bsdWINC.o
 .ARM.attributes
                0x00000e8c       0x32 build/SAMD21_WG_IOT/production/_ext/1688231369/cryptoauthlib_main.o
 .ARM.attributes
                0x00000ebe       0x32 build/SAMD21_WG_IOT/production/_ext/1688231369/crypto_client.o
 .ARM.attributes
                0x00000ef0       0x32 build/SAMD21_WG_IOT/production/_ext/347544798/mqtt_packetPopulate.o
 .ARM.attributes
                0x00000f22       0x32 build/SAMD21_WG_IOT/production/_ext/711616579/cloud_service.o
 .ARM.attributes
                0x00000f54       0x32 build/SAMD21_WG_IOT/production/_ext/711616579/wifi_service.o
 .ARM.attributes
                0x00000f86       0x32 build/SAMD21_WG_IOT/production/_ext/1360937237/debug_print.o
 .ARM.attributes
                0x00000fb8       0x32 build/SAMD21_WG_IOT/production/_ext/1360937237/led.o
 .ARM.attributes
                0x00000fea       0x32 build/SAMD21_WG_IOT/production/_ext/1360937237/main.o
 .ARM.attributes
                0x0000101c       0x32 build/SAMD21_WG_IOT/production/_ext/1360937237/app.o
 .ARM.attributes
                0x0000104e       0x2c c:/program files/microchip/xc32/v2.40/bin/bin/../../lib/gcc/pic32c/6.2.1/../../../../pic32c/lib\libpic32c.a(data_init.o)
 .ARM.attributes
                0x0000107a       0x1e c:/program files/microchip/xc32/v2.40/bin/bin/../../lib/gcc/pic32c/6.2.1\libgcc.a(_udivsi3.o)
 .ARM.attributes
                0x00001098       0x1e c:/program files/microchip/xc32/v2.40/bin/bin/../../lib/gcc/pic32c/6.2.1\libgcc.a(_divsi3.o)
 .ARM.attributes
                0x000010b6       0x1e c:/program files/microchip/xc32/v2.40/bin/bin/../../lib/gcc/pic32c/6.2.1\libgcc.a(_dvmd_tls.o)
 .ARM.attributes
                0x000010d4       0x1e c:/program files/microchip/xc32/v2.40/bin/bin/../../lib/gcc/pic32c/6.2.1\libgcc.a(_aeabi_uldivmod.o)
 .ARM.attributes
                0x000010f2       0x2c c:/program files/microchip/xc32/v2.40/bin/bin/../../lib/gcc/pic32c/6.2.1\libgcc.a(_muldi3.o)
 .ARM.attributes
                0x0000111e       0x2c c:/program files/microchip/xc32/v2.40/bin/bin/../../lib/gcc/pic32c/6.2.1\libgcc.a(_fixunssfsi.o)
 .ARM.attributes
                0x0000114a       0x2c c:/program files/microchip/xc32/v2.40/bin/bin/../../lib/gcc/pic32c/6.2.1\libgcc.a(_udivmoddi4.o)
 .ARM.attributes
                0x00001176       0x2c c:/program files/microchip/xc32/v2.40/bin/bin/../../lib/gcc/pic32c/6.2.1\libgcc.a(addsf3.o)
 .ARM.attributes
                0x000011a2       0x2c c:/program files/microchip/xc32/v2.40/bin/bin/../../lib/gcc/pic32c/6.2.1\libgcc.a(divsf3.o)
 .ARM.attributes
                0x000011ce       0x2c c:/program files/microchip/xc32/v2.40/bin/bin/../../lib/gcc/pic32c/6.2.1\libgcc.a(mulsf3.o)
 .ARM.attributes
                0x000011fa       0x2c c:/program files/microchip/xc32/v2.40/bin/bin/../../lib/gcc/pic32c/6.2.1\libgcc.a(subsf3.o)
 .ARM.attributes
                0x00001226       0x2c c:/program files/microchip/xc32/v2.40/bin/bin/../../lib/gcc/pic32c/6.2.1\libgcc.a(fixsfsi.o)
 .ARM.attributes
                0x00001252       0x2c c:/program files/microchip/xc32/v2.40/bin/bin/../../lib/gcc/pic32c/6.2.1\libgcc.a(floatunsisf.o)
 .ARM.attributes
                0x0000127e       0x2c c:/program files/microchip/xc32/v2.40/bin/bin/../../lib/gcc/pic32c/6.2.1\libgcc.a(adddf3.o)
 .ARM.attributes
                0x000012aa       0x2c c:/program files/microchip/xc32/v2.40/bin/bin/../../lib/gcc/pic32c/6.2.1\libgcc.a(divdf3.o)
 .ARM.attributes
                0x000012d6       0x2c c:/program files/microchip/xc32/v2.40/bin/bin/../../lib/gcc/pic32c/6.2.1\libgcc.a(muldf3.o)
 .ARM.attributes
                0x00001302       0x2c c:/program files/microchip/xc32/v2.40/bin/bin/../../lib/gcc/pic32c/6.2.1\libgcc.a(subdf3.o)
 .ARM.attributes
                0x0000132e       0x2c c:/program files/microchip/xc32/v2.40/bin/bin/../../lib/gcc/pic32c/6.2.1\libgcc.a(fixdfsi.o)
 .ARM.attributes
                0x0000135a       0x2c c:/program files/microchip/xc32/v2.40/bin/bin/../../lib/gcc/pic32c/6.2.1\libgcc.a(floatsidf.o)
 .ARM.attributes
                0x00001386       0x2c c:/program files/microchip/xc32/v2.40/bin/bin/../../lib/gcc/pic32c/6.2.1\libgcc.a(extendsfdf2.o)
 .ARM.attributes
                0x000013b2       0x2c c:/program files/microchip/xc32/v2.40/bin/bin/../../lib/gcc/pic32c/6.2.1\libgcc.a(truncdfsf2.o)
 .ARM.attributes
                0x000013de       0x1e c:/program files/microchip/xc32/v2.40/bin/bin/../../lib/gcc/pic32c/6.2.1\libgcc.a(_thumb1_case_uqi.o)
 .ARM.attributes
                0x000013fc       0x1e c:/program files/microchip/xc32/v2.40/bin/bin/../../lib/gcc/pic32c/6.2.1\libgcc.a(_thumb1_case_uhi.o)
 .ARM.attributes
                0x0000141a       0x1e c:/program files/microchip/xc32/v2.40/bin/bin/../../lib/gcc/pic32c/6.2.1\libgcc.a(_lshrdi3.o)
 .ARM.attributes
                0x00001438       0x1e c:/program files/microchip/xc32/v2.40/bin/bin/../../lib/gcc/pic32c/6.2.1\libgcc.a(_ashldi3.o)
 .ARM.attributes
                0x00001456       0x1e c:/program files/microchip/xc32/v2.40/bin/bin/../../lib/gcc/pic32c/6.2.1\libgcc.a(_arm_cmpsf2.o)
 .ARM.attributes
                0x00001474       0x1e c:/program files/microchip/xc32/v2.40/bin/bin/../../lib/gcc/pic32c/6.2.1\libgcc.a(_clzsi2.o)
 .ARM.attributes
                0x00001492       0x1e c:/program files/microchip/xc32/v2.40/bin/bin/../../lib/gcc/pic32c/6.2.1\libgcc.a(_clzdi2.o)
 .ARM.attributes
                0x000014b0       0x2c c:/program files/microchip/xc32/v2.40/bin/bin/../../lib/gcc/pic32c/6.2.1\libgcc.a(eqsf2.o)
 .ARM.attributes
                0x000014dc       0x2c c:/program files/microchip/xc32/v2.40/bin/bin/../../lib/gcc/pic32c/6.2.1\libgcc.a(gesf2.o)
 .ARM.attributes
                0x00001508       0x2c c:/program files/microchip/xc32/v2.40/bin/bin/../../lib/gcc/pic32c/6.2.1\libgcc.a(lesf2.o)
 .ARM.attributes
                0x00001534       0x2c c:/program files/microchip/xc32/v2.40/bin/bin/../../lib/gcc/pic32c/6.2.1/../../../../pic32c/lib\libc_nano.a(lib_a-atoi.o)
 .ARM.attributes
                0x00001560       0x2c c:/program files/microchip/xc32/v2.40/bin/bin/../../lib/gcc/pic32c/6.2.1/../../../../pic32c/lib\libc_nano.a(lib_a-calloc.o)
 .ARM.attributes
                0x0000158c       0x2c c:/program files/microchip/xc32/v2.40/bin/bin/../../lib/gcc/pic32c/6.2.1/../../../../pic32c/lib\libc_nano.a(lib_a-difftime.o)
 .ARM.attributes
                0x000015b8       0x2c c:/program files/microchip/xc32/v2.40/bin/bin/../../lib/gcc/pic32c/6.2.1/../../../../pic32c/lib\libc_nano.a(lib_a-gmtime.o)
 .ARM.attributes
                0x000015e4       0x2c c:/program files/microchip/xc32/v2.40/bin/bin/../../lib/gcc/pic32c/6.2.1/../../../../pic32c/lib\libc_nano.a(lib_a-gmtime_r.o)
 .ARM.attributes
                0x00001610       0x2c c:/program files/microchip/xc32/v2.40/bin/bin/../../lib/gcc/pic32c/6.2.1/../../../../pic32c/lib\libc_nano.a(lib_a-impure.o)
 .ARM.attributes
                0x0000163c       0x2c c:/program files/microchip/xc32/v2.40/bin/bin/../../lib/gcc/pic32c/6.2.1/../../../../pic32c/lib\libc_nano.a(lib_a-init.o)
 .ARM.attributes
                0x00001668       0x2c c:/program files/microchip/xc32/v2.40/bin/bin/../../lib/gcc/pic32c/6.2.1/../../../../pic32c/lib\libc_nano.a(lib_a-malloc.o)
 .ARM.attributes
                0x00001694       0x2c c:/program files/microchip/xc32/v2.40/bin/bin/../../lib/gcc/pic32c/6.2.1/../../../../pic32c/lib\libc_nano.a(lib_a-memcmp.o)
 .ARM.attributes
                0x000016c0       0x2c c:/program files/microchip/xc32/v2.40/bin/bin/../../lib/gcc/pic32c/6.2.1/../../../../pic32c/lib\libc_nano.a(lib_a-memcpy-stub.o)
 .ARM.attributes
                0x000016ec       0x2c c:/program files/microchip/xc32/v2.40/bin/bin/../../lib/gcc/pic32c/6.2.1/../../../../pic32c/lib\libc_nano.a(lib_a-memmove.o)
 .ARM.attributes
                0x00001718       0x2c c:/program files/microchip/xc32/v2.40/bin/bin/../../lib/gcc/pic32c/6.2.1/../../../../pic32c/lib\libc_nano.a(lib_a-memset.o)
 .ARM.attributes
                0x00001744       0x2c c:/program files/microchip/xc32/v2.40/bin/bin/../../lib/gcc/pic32c/6.2.1/../../../../pic32c/lib\libc_nano.a(lib_a-mktime.o)
 .ARM.attributes
                0x00001770       0x2c c:/program files/microchip/xc32/v2.40/bin/bin/../../lib/gcc/pic32c/6.2.1/../../../../pic32c/lib\libc_nano.a(lib_a-nano-callocr.o)
 .ARM.attributes
                0x0000179c       0x2c c:/program files/microchip/xc32/v2.40/bin/bin/../../lib/gcc/pic32c/6.2.1/../../../../pic32c/lib\libc_nano.a(lib_a-nano-freer.o)
 .ARM.attributes
                0x000017c8       0x2c c:/program files/microchip/xc32/v2.40/bin/bin/../../lib/gcc/pic32c/6.2.1/../../../../pic32c/lib\libc_nano.a(lib_a-nano-mallocr.o)
 .ARM.attributes
                0x000017f4       0x2c c:/program files/microchip/xc32/v2.40/bin/bin/../../lib/gcc/pic32c/6.2.1/../../../../pic32c/lib\libc_nano.a(lib_a-printf.o)
 .ARM.attributes
                0x00001820       0x2c c:/program files/microchip/xc32/v2.40/bin/bin/../../lib/gcc/pic32c/6.2.1/../../../../pic32c/lib\libc_nano.a(lib_a-sbrkr.o)
 .ARM.attributes
                0x0000184c       0x2c c:/program files/microchip/xc32/v2.40/bin/bin/../../lib/gcc/pic32c/6.2.1/../../../../pic32c/lib\libc_nano.a(lib_a-snprintf.o)
 .ARM.attributes
                0x00001878       0x2c c:/program files/microchip/xc32/v2.40/bin/bin/../../lib/gcc/pic32c/6.2.1/../../../../pic32c/lib\libc_nano.a(lib_a-sprintf.o)
 .ARM.attributes
                0x000018a4       0x1c c:/program files/microchip/xc32/v2.40/bin/bin/../../lib/gcc/pic32c/6.2.1/../../../../pic32c/lib\libc_nano.a(lib_a-strcmp.o)
 .ARM.attributes
                0x000018c0       0x2c c:/program files/microchip/xc32/v2.40/bin/bin/../../lib/gcc/pic32c/6.2.1/../../../../pic32c/lib\libc_nano.a(lib_a-strcpy.o)
 .ARM.attributes
                0x000018ec       0x1c c:/program files/microchip/xc32/v2.40/bin/bin/../../lib/gcc/pic32c/6.2.1/../../../../pic32c/lib\libc_nano.a(lib_a-strlen.o)
 .ARM.attributes
                0x00001908       0x2c c:/program files/microchip/xc32/v2.40/bin/bin/../../lib/gcc/pic32c/6.2.1/../../../../pic32c/lib\libc_nano.a(lib_a-strncmp.o)
 .ARM.attributes
                0x00001934       0x2c c:/program files/microchip/xc32/v2.40/bin/bin/../../lib/gcc/pic32c/6.2.1/../../../../pic32c/lib\libc_nano.a(lib_a-strncpy.o)
 .ARM.attributes
                0x00001960       0x2c c:/program files/microchip/xc32/v2.40/bin/bin/../../lib/gcc/pic32c/6.2.1/../../../../pic32c/lib\libc_nano.a(lib_a-strstr.o)
 .ARM.attributes
                0x0000198c       0x2c c:/program files/microchip/xc32/v2.40/bin/bin/../../lib/gcc/pic32c/6.2.1/../../../../pic32c/lib\libc_nano.a(lib_a-strtok.o)
 .ARM.attributes
                0x000019b8       0x2c c:/program files/microchip/xc32/v2.40/bin/bin/../../lib/gcc/pic32c/6.2.1/../../../../pic32c/lib\libc_nano.a(lib_a-strtok_r.o)
 .ARM.attributes
                0x000019e4       0x2c c:/program files/microchip/xc32/v2.40/bin/bin/../../lib/gcc/pic32c/6.2.1/../../../../pic32c/lib\libc_nano.a(lib_a-strtol.o)
 .ARM.attributes
                0x00001a10       0x2c c:/program files/microchip/xc32/v2.40/bin/bin/../../lib/gcc/pic32c/6.2.1/../../../../pic32c/lib\libc_nano.a(lib_a-tzcalc_limits.o)
 .ARM.attributes
                0x00001a3c       0x2c c:/program files/microchip/xc32/v2.40/bin/bin/../../lib/gcc/pic32c/6.2.1/../../../../pic32c/lib\libc_nano.a(lib_a-tzset.o)
 .ARM.attributes
                0x00001a68       0x2c c:/program files/microchip/xc32/v2.40/bin/bin/../../lib/gcc/pic32c/6.2.1/../../../../pic32c/lib\libc_nano.a(lib_a-tzset_r.o)
 .ARM.attributes
                0x00001a94       0x2c c:/program files/microchip/xc32/v2.40/bin/bin/../../lib/gcc/pic32c/6.2.1/../../../../pic32c/lib\libc_nano.a(lib_a-tzvars.o)
 .ARM.attributes
                0x00001ac0       0x2c c:/program files/microchip/xc32/v2.40/bin/bin/../../lib/gcc/pic32c/6.2.1/../../../../pic32c/lib\libc_nano.a(lib_a-vsnprintf.o)
 .ARM.attributes
                0x00001aec       0x2c c:/program files/microchip/xc32/v2.40/bin/bin/../../lib/gcc/pic32c/6.2.1/../../../../pic32c/lib\libc_nano.a(lib_a-wbuf.o)
 .ARM.attributes
                0x00001b18       0x2c c:/program files/microchip/xc32/v2.40/bin/bin/../../lib/gcc/pic32c/6.2.1/../../../../pic32c/lib\libc_nano.a(lib_a-wsetup.o)
 .ARM.attributes
                0x00001b44       0x2c c:/program files/microchip/xc32/v2.40/bin/bin/../../lib/gcc/pic32c/6.2.1/../../../../pic32c/lib\libc_nano.a(lib_a-div.o)
 .ARM.attributes
                0x00001b70       0x2c c:/program files/microchip/xc32/v2.40/bin/bin/../../lib/gcc/pic32c/6.2.1/../../../../pic32c/lib\libc_nano.a(lib_a-fflush.o)
 .ARM.attributes
                0x00001b9c       0x2c c:/program files/microchip/xc32/v2.40/bin/bin/../../lib/gcc/pic32c/6.2.1/../../../../pic32c/lib\libc_nano.a(lib_a-findfp.o)
 .ARM.attributes
                0x00001bc8       0x2c c:/program files/microchip/xc32/v2.40/bin/bin/../../lib/gcc/pic32c/6.2.1/../../../../pic32c/lib\libc_nano.a(lib_a-fwalk.o)
 .ARM.attributes
                0x00001bf4       0x2c c:/program files/microchip/xc32/v2.40/bin/bin/../../lib/gcc/pic32c/6.2.1/../../../../pic32c/lib\libc_nano.a(lib_a-getenv_r.o)
 .ARM.attributes
                0x00001c20       0x2c c:/program files/microchip/xc32/v2.40/bin/bin/../../lib/gcc/pic32c/6.2.1/../../../../pic32c/lib\libc_nano.a(lib_a-gettzinfo.o)
 .ARM.attributes
                0x00001c4c       0x2c c:/program files/microchip/xc32/v2.40/bin/bin/../../lib/gcc/pic32c/6.2.1/../../../../pic32c/lib\libc_nano.a(lib_a-locale.o)
 .ARM.attributes
                0x00001c78       0x2c c:/program files/microchip/xc32/v2.40/bin/bin/../../lib/gcc/pic32c/6.2.1/../../../../pic32c/lib\libc_nano.a(lib_a-makebuf.o)
 .ARM.attributes
                0x00001ca4       0x2c c:/program files/microchip/xc32/v2.40/bin/bin/../../lib/gcc/pic32c/6.2.1/../../../../pic32c/lib\libc_nano.a(lib_a-mbtowc_r.o)
 .ARM.attributes
                0x00001cd0       0x2c c:/program files/microchip/xc32/v2.40/bin/bin/../../lib/gcc/pic32c/6.2.1/../../../../pic32c/lib\libc_nano.a(lib_a-mlock.o)
 .ARM.attributes
                0x00001cfc       0x2c c:/program files/microchip/xc32/v2.40/bin/bin/../../lib/gcc/pic32c/6.2.1/../../../../pic32c/lib\libc_nano.a(lib_a-month_lengths.o)
 .ARM.attributes
                0x00001d28       0x2c c:/program files/microchip/xc32/v2.40/bin/bin/../../lib/gcc/pic32c/6.2.1/../../../../pic32c/lib\libc_nano.a(lib_a-nano-svfprintf.o)
 .ARM.attributes
                0x00001d54       0x2c c:/program files/microchip/xc32/v2.40/bin/bin/../../lib/gcc/pic32c/6.2.1/../../../../pic32c/lib\libc_nano.a(_lib_a-nano-vfprintf.cdeEfFgGnopsuxX.o)
 .ARM.attributes
                0x00001d80       0x2c c:/program files/microchip/xc32/v2.40/bin/bin/../../lib/gcc/pic32c/6.2.1/../../../../pic32c/lib\libc_nano.a(lib_a-nano-vfprintf_i.o)
 .ARM.attributes
                0x00001dac       0x2c c:/program files/microchip/xc32/v2.40/bin/bin/../../lib/gcc/pic32c/6.2.1/../../../../pic32c/lib\libc_nano.a(lib_a-nano-vfprintf.o)
 .ARM.attributes
                0x00001dd8       0x2c c:/program files/microchip/xc32/v2.40/bin/bin/../../lib/gcc/pic32c/6.2.1/../../../../pic32c/lib\libc_nano.a(lib_a-reent.o)
 .ARM.attributes
                0x00001e04       0x2c c:/program files/microchip/xc32/v2.40/bin/bin/../../lib/gcc/pic32c/6.2.1/../../../../pic32c/lib\libc_nano.a(lib_a-sscanf.o)
 .ARM.attributes
                0x00001e30       0x2c c:/program files/microchip/xc32/v2.40/bin/bin/../../lib/gcc/pic32c/6.2.1/../../../../pic32c/lib\libc_nano.a(lib_a-__ssfputs.o)
 .ARM.attributes
                0x00001e5c       0x2c c:/program files/microchip/xc32/v2.40/bin/bin/../../lib/gcc/pic32c/6.2.1/../../../../pic32c/lib\libc_nano.a(lib_a-__ssputs.o)
 .ARM.attributes
                0x00001e88       0x2c c:/program files/microchip/xc32/v2.40/bin/bin/../../lib/gcc/pic32c/6.2.1/../../../../pic32c/lib\libc_nano.a(lib_a-stdio.o)
 .ARM.attributes
                0x00001eb4       0x2c c:/program files/microchip/xc32/v2.40/bin/bin/../../lib/gcc/pic32c/6.2.1/../../../../pic32c/lib\libc_nano.a(lib_a-strtoul.o)
 .ARM.attributes
                0x00001ee0       0x2c c:/program files/microchip/xc32/v2.40/bin/bin/../../lib/gcc/pic32c/6.2.1/../../../../pic32c/lib\libc_nano.a(lib_a-wctomb_r.o)
 .ARM.attributes
                0x00001f0c       0x2c c:/program files/microchip/xc32/v2.40/bin/bin/../../lib/gcc/pic32c/6.2.1/../../../../pic32c/lib\libc_nano.a(lib_a-writer.o)
 .ARM.attributes
                0x00001f38       0x2c c:/program files/microchip/xc32/v2.40/bin/bin/../../lib/gcc/pic32c/6.2.1/../../../../pic32c/lib\libc_nano.a(lib_a-closer.o)
 .ARM.attributes
                0x00001f64       0x2c c:/program files/microchip/xc32/v2.40/bin/bin/../../lib/gcc/pic32c/6.2.1/../../../../pic32c/lib\libc_nano.a(lib_a-ctype_.o)
 .ARM.attributes
                0x00001f90       0x2c c:/program files/microchip/xc32/v2.40/bin/bin/../../lib/gcc/pic32c/6.2.1/../../../../pic32c/lib\libc_nano.a(lib_a-dtoa.o)
 .ARM.attributes
                0x00001fbc       0x2c c:/program files/microchip/xc32/v2.40/bin/bin/../../lib/gcc/pic32c/6.2.1/../../../../pic32c/lib\libc_nano.a(lib_a-environ.o)
 .ARM.attributes
                0x00001fe8       0x2c c:/program files/microchip/xc32/v2.40/bin/bin/../../lib/gcc/pic32c/6.2.1/../../../../pic32c/lib\libc_nano.a(lib_a-envlock.o)
 .ARM.attributes
                0x00002014       0x2c c:/program files/microchip/xc32/v2.40/bin/bin/../../lib/gcc/pic32c/6.2.1/../../../../pic32c/lib\libc_nano.a(lib_a-fputwc.o)
 .ARM.attributes
                0x00002040       0x2c c:/program files/microchip/xc32/v2.40/bin/bin/../../lib/gcc/pic32c/6.2.1/../../../../pic32c/lib\libc_nano.a(lib_a-fstatr.o)
 .ARM.attributes
                0x0000206c       0x2c c:/program files/microchip/xc32/v2.40/bin/bin/../../lib/gcc/pic32c/6.2.1/../../../../pic32c/lib\libc_nano.a(lib_a-isattyr.o)
 .ARM.attributes
                0x00002098       0x2c c:/program files/microchip/xc32/v2.40/bin/bin/../../lib/gcc/pic32c/6.2.1/../../../../pic32c/lib\libc_nano.a(lib_a-localeconv.o)
 .ARM.attributes
                0x000020c4       0x2c c:/program files/microchip/xc32/v2.40/bin/bin/../../lib/gcc/pic32c/6.2.1/../../../../pic32c/lib\libc_nano.a(lib_a-lseekr.o)
 .ARM.attributes
                0x000020f0       0x2c c:/program files/microchip/xc32/v2.40/bin/bin/../../lib/gcc/pic32c/6.2.1/../../../../pic32c/lib\libc_nano.a(lib_a-memchr-stub.o)
 .ARM.attributes
                0x0000211c       0x2c c:/program files/microchip/xc32/v2.40/bin/bin/../../lib/gcc/pic32c/6.2.1/../../../../pic32c/lib\libc_nano.a(lib_a-mprec.o)
 .ARM.attributes
                0x00002148       0x2c c:/program files/microchip/xc32/v2.40/bin/bin/../../lib/gcc/pic32c/6.2.1/../../../../pic32c/lib\libc_nano.a(lib_a-nano-reallocr.o)
 .ARM.attributes
                0x00002174       0x2c c:/program files/microchip/xc32/v2.40/bin/bin/../../lib/gcc/pic32c/6.2.1/../../../../pic32c/lib\libc_nano.a(lib_a-nano-svfscanf.o)
 .ARM.attributes
                0x000021a0       0x2c c:/program files/microchip/xc32/v2.40/bin/bin/../../lib/gcc/pic32c/6.2.1/../../../../pic32c/lib\libc_nano.a(lib_a-nano-vfscanf_i.o)
 .ARM.attributes
                0x000021cc       0x2c c:/program files/microchip/xc32/v2.40/bin/bin/../../lib/gcc/pic32c/6.2.1/../../../../pic32c/lib\libc_nano.a(lib_a-readr.o)
 .ARM.attributes
                0x000021f8       0x2c c:/program files/microchip/xc32/v2.40/bin/bin/../../lib/gcc/pic32c/6.2.1/../../../../pic32c/lib\libc_nano.a(lib_a-sccl.o)
 .ARM.attributes
                0x00002224       0x2c c:/program files/microchip/xc32/v2.40/bin/bin/../../lib/gcc/pic32c/6.2.1/../../../../pic32c/lib\libc_nano.a(lib_a-ungetc.o)
 .ARM.attributes
                0x00002250       0x2c c:/program files/microchip/xc32/v2.40/bin/bin/../../lib/gcc/pic32c/6.2.1/../../../../pic32c/lib\libc_nano.a(lib_a-wcrtomb.o)
 .ARM.attributes
                0x0000227c       0x2c c:/program files/microchip/xc32/v2.40/bin/bin/../../lib/gcc/pic32c/6.2.1/../../../../pic32c/lib\libc_nano.a(lib_a-nano-msizer.o)
 .ARM.attributes
                0x000022a8       0x2c c:/program files/microchip/xc32/v2.40/bin/bin/../../lib/gcc/pic32c/6.2.1/../../../../pic32c/lib\libpic32c.a(_close.o)
 .ARM.attributes
                0x000022d4       0x2c c:/program files/microchip/xc32/v2.40/bin/bin/../../lib/gcc/pic32c/6.2.1/../../../../pic32c/lib\libpic32c.a(_fstat.o)
 .ARM.attributes
                0x00002300       0x2c c:/program files/microchip/xc32/v2.40/bin/bin/../../lib/gcc/pic32c/6.2.1/../../../../pic32c/lib\libpic32c.a(_isatty.o)
 .ARM.attributes
                0x0000232c       0x2c c:/program files/microchip/xc32/v2.40/bin/bin/../../lib/gcc/pic32c/6.2.1/../../../../pic32c/lib\libpic32c.a(_lseek.o)
 .ARM.attributes
                0x00002358       0x2c c:/program files/microchip/xc32/v2.40/bin/bin/../../lib/gcc/pic32c/6.2.1/../../../../pic32c/lib\libpic32c.a(_read.o)
 .ARM.attributes
                0x00002384       0x2c c:/program files/microchip/xc32/v2.40/bin/bin/../../lib/gcc/pic32c/6.2.1/../../../../pic32c/lib\libpic32c.a(sbrk.o)
 .ARM.attributes
                0x000023b0       0x2c c:/program files/microchip/xc32/v2.40/bin/bin/../../lib/gcc/pic32c/6.2.1/../../../../pic32c/lib\libpic32c.a(_write.o)
 .ARM.attributes
                0x000023dc       0x2c c:/program files/microchip/xc32/v2.40/bin/bin/../../lib/gcc/pic32c/6.2.1/../../../../pic32c/lib\libpic32c.a(close.o)
 .ARM.attributes
                0x00002408       0x2c c:/program files/microchip/xc32/v2.40/bin/bin/../../lib/gcc/pic32c/6.2.1/../../../../pic32c/lib\libpic32c.a(fstat.o)
 .ARM.attributes
                0x00002434       0x2c c:/program files/microchip/xc32/v2.40/bin/bin/../../lib/gcc/pic32c/6.2.1/../../../../pic32c/lib\libpic32c.a(isatty.o)
 .ARM.attributes
                0x00002460       0x2c c:/program files/microchip/xc32/v2.40/bin/bin/../../lib/gcc/pic32c/6.2.1/../../../../pic32c/lib\libpic32c.a(lseek.o)
 .ARM.attributes
                0x0000248c       0x2c c:/program files/microchip/xc32/v2.40/bin/bin/../../lib/gcc/pic32c/6.2.1/../../../../pic32c/lib\libpic32c.a(read.o)
 .ARM.attributes
                0x000024b8       0x2c c:/program files/microchip/xc32/v2.40/bin/bin/../../lib/gcc/pic32c/6.2.1/../../../../pic32c/lib\libpic32c.a(write.o)
 .ARM.attributes
                0x000024e4       0x1e c:/program files/microchip/xc32/v2.40/bin/bin/../../lib/gcc/pic32c/6.2.1\libgcc.a(_arm_cmpdf2.o)
 .ARM.attributes
                0x00002502       0x2c c:/program files/microchip/xc32/v2.40/bin/bin/../../lib/gcc/pic32c/6.2.1\libgcc.a(eqdf2.o)
 .ARM.attributes
                0x0000252e       0x2c c:/program files/microchip/xc32/v2.40/bin/bin/../../lib/gcc/pic32c/6.2.1\libgcc.a(gedf2.o)
 .ARM.attributes
                0x0000255a       0x2c c:/program files/microchip/xc32/v2.40/bin/bin/../../lib/gcc/pic32c/6.2.1\libgcc.a(ledf2.o)
 .ARM.attributes
                0x00002586       0x2c c:/program files/microchip/xc32/v2.40/bin/bin/../../lib/gcc/pic32c/6.2.1\libgcc.a(unorddf2.o)
 .ARM.attributes
                0x000025b2       0x2c c:/program files/microchip/xc32/v2.40/bin/bin/../../lib/gcc/pic32c/6.2.1\libgcc.a(floatunsidf.o)
 .ARM.attributes
                0x000025de       0x1e c:/program files/microchip/xc32/v2.40/bin/bin/../../lib/gcc/pic32c/6.2.1/crtn.o

.comment        0x00000000       0x3c
 .comment       0x00000000       0x3c c:/program files/microchip/xc32/v2.40/bin/bin/../../lib/gcc/pic32c/6.2.1/crtbegin.o
                                 0x3d (size before relaxing)
 .comment       0x0000003c       0x3d build/SAMD21_WG_IOT/production/_ext/1678205250/drv_spi.o
 .comment       0x0000003c       0x3d build/SAMD21_WG_IOT/production/_ext/328869906/wdrv_winc_eint.o
 .comment       0x0000003c       0x3d build/SAMD21_WG_IOT/production/_ext/328869906/wdrv_winc_gpio.o
 .comment       0x0000003c       0x3d build/SAMD21_WG_IOT/production/_ext/2088830217/wdrv_winc_spi.o
 .comment       0x0000003c       0x3d build/SAMD21_WG_IOT/production/_ext/373976187/nm_common.o
 .comment       0x0000003c       0x3d build/SAMD21_WG_IOT/production/_ext/405265080/m2m_hif.o
 .comment       0x0000003c       0x3d build/SAMD21_WG_IOT/production/_ext/405265080/m2m_wifi.o
 .comment       0x0000003c       0x3d build/SAMD21_WG_IOT/production/_ext/405265080/nmasic.o
 .comment       0x0000003c       0x3d build/SAMD21_WG_IOT/production/_ext/405265080/nmbus.o
 .comment       0x0000003c       0x3d build/SAMD21_WG_IOT/production/_ext/405265080/nmdrv.o
 .comment       0x0000003c       0x3d build/SAMD21_WG_IOT/production/_ext/405265080/nmspi.o
 .comment       0x0000003c       0x3d build/SAMD21_WG_IOT/production/_ext/405265080/m2m_ota.o
 .comment       0x0000003c       0x3d build/SAMD21_WG_IOT/production/_ext/405265080/m2m_ssl.o
 .comment       0x0000003c       0x3d build/SAMD21_WG_IOT/production/_ext/831742467/socket.o
 .comment       0x0000003c       0x3d build/SAMD21_WG_IOT/production/_ext/1091366131/spi_flash.o
 .comment       0x0000003c       0x3d build/SAMD21_WG_IOT/production/_ext/1461284888/wdrv_winc_osal.o
 .comment       0x0000003c       0x3d build/SAMD21_WG_IOT/production/_ext/845676186/wdrv_winc.o
 .comment       0x0000003c       0x3d build/SAMD21_WG_IOT/production/_ext/845676186/wdrv_winc_authctx.o
 .comment       0x0000003c       0x3d build/SAMD21_WG_IOT/production/_ext/845676186/wdrv_winc_bssctx.o
 .comment       0x0000003c       0x3d build/SAMD21_WG_IOT/production/_ext/845676186/wdrv_winc_host_file.o
 .comment       0x0000003c       0x3d build/SAMD21_WG_IOT/production/_ext/845676186/wdrv_winc_socket.o
 .comment       0x0000003c       0x3d build/SAMD21_WG_IOT/production/_ext/845676186/wdrv_winc_sta.o
 .comment       0x0000003c       0x3d build/SAMD21_WG_IOT/production/_ext/845676186/wdrv_winc_systime.o
 .comment       0x0000003c       0x3d build/SAMD21_WG_IOT/production/_ext/485667147/plib_adc.o
 .comment       0x0000003c       0x3d build/SAMD21_WG_IOT/production/_ext/1427407075/plib_clock.o
 .comment       0x0000003c       0x3d build/SAMD21_WG_IOT/production/_ext/2124285686/plib_dmac.o
 .comment       0x0000003c       0x3d build/SAMD21_WG_IOT/production/_ext/485663148/plib_eic.o
 .comment       0x0000003c       0x3d build/SAMD21_WG_IOT/production/_ext/1429556561/plib_evsys.o
 .comment       0x0000003c       0x3d build/SAMD21_WG_IOT/production/_ext/2124592493/plib_nvic.o
 .comment       0x0000003c       0x3d build/SAMD21_WG_IOT/production/_ext/1194272987/plib_nvmctrl.o
 .comment       0x0000003c       0x3d build/SAMD21_WG_IOT/production/_ext/2124645644/plib_port.o
 .comment       0x0000003c       0x3d build/SAMD21_WG_IOT/production/_ext/485650314/plib_rtc_clock.o
 .comment       0x0000003c       0x3d build/SAMD21_WG_IOT/production/_ext/1357986986/plib_sercom3_i2c_master.o
 .comment       0x0000003c       0x3d build/SAMD21_WG_IOT/production/_ext/866752344/plib_sercom4_spi_master.o
 .comment       0x0000003c       0x3d build/SAMD21_WG_IOT/production/_ext/27410978/plib_sercom5_usart.o
 .comment       0x0000003c       0x3d build/SAMD21_WG_IOT/production/_ext/708402758/plib_tc3.o
 .comment       0x0000003c       0x3d build/SAMD21_WG_IOT/production/_ext/1812770719/xc32_monitor.o
 .comment       0x0000003c       0x3d build/SAMD21_WG_IOT/production/_ext/131504744/sys_command.o
 .comment       0x0000003c       0x3d build/SAMD21_WG_IOT/production/_ext/325207436/sys_console.o
 .comment       0x0000003c       0x3d build/SAMD21_WG_IOT/production/_ext/325207436/sys_console_uart.o
 .comment       0x0000003c       0x3d build/SAMD21_WG_IOT/production/_ext/1268222528/sys_dma.o
 .comment       0x0000003c       0x3d build/SAMD21_WG_IOT/production/_ext/1335837964/sys_int.o
 .comment       0x0000003c       0x3d build/SAMD21_WG_IOT/production/_ext/157239130/sys_time.o
 .comment       0x0000003c       0x3d build/SAMD21_WG_IOT/production/_ext/853479/initialization.o
 .comment       0x0000003c       0x3d build/SAMD21_WG_IOT/production/_ext/853479/interrupts.o
 .comment       0x0000003c       0x3d build/SAMD21_WG_IOT/production/_ext/853479/exceptions.o
 .comment       0x0000003c       0x3d build/SAMD21_WG_IOT/production/_ext/853479/startup_xc32.o
 .comment       0x0000003c       0x3d build/SAMD21_WG_IOT/production/_ext/853479/tasks.o
 .comment       0x0000003c       0x3d build/SAMD21_WG_IOT/production/_ext/364212162/credentials_storage.o
 .comment       0x0000003c       0x3d build/SAMD21_WG_IOT/production/_ext/2028850473/atca_basic.o
 .comment       0x0000003c       0x3d build/SAMD21_WG_IOT/production/_ext/2028850473/atca_basic_genkey.o
 .comment       0x0000003c       0x3d build/SAMD21_WG_IOT/production/_ext/2028850473/atca_basic_lock.o
 .comment       0x0000003c       0x3d build/SAMD21_WG_IOT/production/_ext/2028850473/atca_basic_nonce.o
 .comment       0x0000003c       0x3d build/SAMD21_WG_IOT/production/_ext/2028850473/atca_basic_random.o
 .comment       0x0000003c       0x3d build/SAMD21_WG_IOT/production/_ext/2028850473/atca_basic_read.o
 .comment       0x0000003c       0x3d build/SAMD21_WG_IOT/production/_ext/2028850473/atca_basic_sign.o
 .comment       0x0000003c       0x3d build/SAMD21_WG_IOT/production/_ext/2028850473/atca_helpers.o
 .comment       0x0000003c       0x3d build/SAMD21_WG_IOT/production/_ext/626928883/sha2_routines.o
 .comment       0x0000003c       0x3d build/SAMD21_WG_IOT/production/_ext/1574659896/atca_crypto_sw_sha2.o
 .comment       0x0000003c       0x3d build/SAMD21_WG_IOT/production/_ext/672495748/atca_hal.o
 .comment       0x0000003c       0x3d build/SAMD21_WG_IOT/production/_ext/672495748/hal_i2c.o
 .comment       0x0000003c       0x3d build/SAMD21_WG_IOT/production/_ext/672495748/hal_timer.o
 .comment       0x0000003c       0x3d build/SAMD21_WG_IOT/production/_ext/672493136/atca_jwt.o
 .comment       0x0000003c       0x3d build/SAMD21_WG_IOT/production/_ext/672483868/atcatls.o
 .comment       0x0000003c       0x3d build/SAMD21_WG_IOT/production/_ext/1837493384/atca_command.o
 .comment       0x0000003c       0x3d build/SAMD21_WG_IOT/production/_ext/1837493384/atca_device.o
 .comment       0x0000003c       0x3d build/SAMD21_WG_IOT/production/_ext/1837493384/atca_execution.o
 .comment       0x0000003c       0x3d build/SAMD21_WG_IOT/production/_ext/1837493384/atca_iface.o
 .comment       0x0000003c       0x3d build/SAMD21_WG_IOT/production/_ext/1207317302/mqtt_comm_layer.o
 .comment       0x0000003c       0x3d build/SAMD21_WG_IOT/production/_ext/1731314967/mqtt_core.o
 .comment       0x0000003c       0x3d build/SAMD21_WG_IOT/production/_ext/781924270/mqtt_exchange_buffer.o
 .comment       0x0000003c       0x3d build/SAMD21_WG_IOT/production/_ext/1019103266/mqtt_packetTransfer_interface.o
 .comment       0x0000003c       0x3d build/SAMD21_WG_IOT/production/_ext/695851535/bsdWINC.o
 .comment       0x0000003c       0x3d build/SAMD21_WG_IOT/production/_ext/1688231369/cryptoauthlib_main.o
 .comment       0x0000003c       0x3d build/SAMD21_WG_IOT/production/_ext/1688231369/crypto_client.o
 .comment       0x0000003c       0x3d build/SAMD21_WG_IOT/production/_ext/347544798/mqtt_packetPopulate.o
 .comment       0x0000003c       0x3d build/SAMD21_WG_IOT/production/_ext/711616579/cloud_service.o
 .comment       0x0000003c       0x3d build/SAMD21_WG_IOT/production/_ext/711616579/wifi_service.o
 .comment       0x0000003c       0x3d build/SAMD21_WG_IOT/production/_ext/1360937237/debug_print.o
 .comment       0x0000003c       0x3d build/SAMD21_WG_IOT/production/_ext/1360937237/led.o
 .comment       0x0000003c       0x3d build/SAMD21_WG_IOT/production/_ext/1360937237/main.o
 .comment       0x0000003c       0x3d build/SAMD21_WG_IOT/production/_ext/1360937237/app.o
 .comment       0x0000003c       0x3d c:/program files/microchip/xc32/v2.40/bin/bin/../../lib/gcc/pic32c/6.2.1/../../../../pic32c/lib\libpic32c.a(data_init.o)
 .comment       0x0000003c       0x3d c:/program files/microchip/xc32/v2.40/bin/bin/../../lib/gcc/pic32c/6.2.1\libgcc.a(_muldi3.o)
 .comment       0x0000003c       0x3d c:/program files/microchip/xc32/v2.40/bin/bin/../../lib/gcc/pic32c/6.2.1\libgcc.a(_fixunssfsi.o)
 .comment       0x0000003c       0x3d c:/program files/microchip/xc32/v2.40/bin/bin/../../lib/gcc/pic32c/6.2.1\libgcc.a(_udivmoddi4.o)
 .comment       0x0000003c       0x3d c:/program files/microchip/xc32/v2.40/bin/bin/../../lib/gcc/pic32c/6.2.1\libgcc.a(addsf3.o)
 .comment       0x0000003c       0x3d c:/program files/microchip/xc32/v2.40/bin/bin/../../lib/gcc/pic32c/6.2.1\libgcc.a(divsf3.o)
 .comment       0x0000003c       0x3d c:/program files/microchip/xc32/v2.40/bin/bin/../../lib/gcc/pic32c/6.2.1\libgcc.a(mulsf3.o)
 .comment       0x0000003c       0x3d c:/program files/microchip/xc32/v2.40/bin/bin/../../lib/gcc/pic32c/6.2.1\libgcc.a(subsf3.o)
 .comment       0x0000003c       0x3d c:/program files/microchip/xc32/v2.40/bin/bin/../../lib/gcc/pic32c/6.2.1\libgcc.a(fixsfsi.o)
 .comment       0x0000003c       0x3d c:/program files/microchip/xc32/v2.40/bin/bin/../../lib/gcc/pic32c/6.2.1\libgcc.a(floatunsisf.o)
 .comment       0x0000003c       0x3d c:/program files/microchip/xc32/v2.40/bin/bin/../../lib/gcc/pic32c/6.2.1\libgcc.a(adddf3.o)
 .comment       0x0000003c       0x3d c:/program files/microchip/xc32/v2.40/bin/bin/../../lib/gcc/pic32c/6.2.1\libgcc.a(divdf3.o)
 .comment       0x0000003c       0x3d c:/program files/microchip/xc32/v2.40/bin/bin/../../lib/gcc/pic32c/6.2.1\libgcc.a(muldf3.o)
 .comment       0x0000003c       0x3d c:/program files/microchip/xc32/v2.40/bin/bin/../../lib/gcc/pic32c/6.2.1\libgcc.a(subdf3.o)
 .comment       0x0000003c       0x3d c:/program files/microchip/xc32/v2.40/bin/bin/../../lib/gcc/pic32c/6.2.1\libgcc.a(fixdfsi.o)
 .comment       0x0000003c       0x3d c:/program files/microchip/xc32/v2.40/bin/bin/../../lib/gcc/pic32c/6.2.1\libgcc.a(floatsidf.o)
 .comment       0x0000003c       0x3d c:/program files/microchip/xc32/v2.40/bin/bin/../../lib/gcc/pic32c/6.2.1\libgcc.a(extendsfdf2.o)
 .comment       0x0000003c       0x3d c:/program files/microchip/xc32/v2.40/bin/bin/../../lib/gcc/pic32c/6.2.1\libgcc.a(truncdfsf2.o)
 .comment       0x0000003c       0x3d c:/program files/microchip/xc32/v2.40/bin/bin/../../lib/gcc/pic32c/6.2.1\libgcc.a(eqsf2.o)
 .comment       0x0000003c       0x3d c:/program files/microchip/xc32/v2.40/bin/bin/../../lib/gcc/pic32c/6.2.1\libgcc.a(gesf2.o)
 .comment       0x0000003c       0x3d c:/program files/microchip/xc32/v2.40/bin/bin/../../lib/gcc/pic32c/6.2.1\libgcc.a(lesf2.o)
 .comment       0x0000003c       0x3d c:/program files/microchip/xc32/v2.40/bin/bin/../../lib/gcc/pic32c/6.2.1/../../../../pic32c/lib\libc_nano.a(lib_a-atoi.o)
 .comment       0x0000003c       0x3d c:/program files/microchip/xc32/v2.40/bin/bin/../../lib/gcc/pic32c/6.2.1/../../../../pic32c/lib\libc_nano.a(lib_a-calloc.o)
 .comment       0x0000003c       0x3d c:/program files/microchip/xc32/v2.40/bin/bin/../../lib/gcc/pic32c/6.2.1/../../../../pic32c/lib\libc_nano.a(lib_a-difftime.o)
 .comment       0x0000003c       0x3d c:/program files/microchip/xc32/v2.40/bin/bin/../../lib/gcc/pic32c/6.2.1/../../../../pic32c/lib\libc_nano.a(lib_a-gmtime.o)
 .comment       0x0000003c       0x3d c:/program files/microchip/xc32/v2.40/bin/bin/../../lib/gcc/pic32c/6.2.1/../../../../pic32c/lib\libc_nano.a(lib_a-gmtime_r.o)
 .comment       0x0000003c       0x3d c:/program files/microchip/xc32/v2.40/bin/bin/../../lib/gcc/pic32c/6.2.1/../../../../pic32c/lib\libc_nano.a(lib_a-impure.o)
 .comment       0x0000003c       0x3d c:/program files/microchip/xc32/v2.40/bin/bin/../../lib/gcc/pic32c/6.2.1/../../../../pic32c/lib\libc_nano.a(lib_a-init.o)
 .comment       0x0000003c       0x3d c:/program files/microchip/xc32/v2.40/bin/bin/../../lib/gcc/pic32c/6.2.1/../../../../pic32c/lib\libc_nano.a(lib_a-malloc.o)
 .comment       0x0000003c       0x3d c:/program files/microchip/xc32/v2.40/bin/bin/../../lib/gcc/pic32c/6.2.1/../../../../pic32c/lib\libc_nano.a(lib_a-memcmp.o)
 .comment       0x0000003c       0x3d c:/program files/microchip/xc32/v2.40/bin/bin/../../lib/gcc/pic32c/6.2.1/../../../../pic32c/lib\libc_nano.a(lib_a-memcpy-stub.o)
 .comment       0x0000003c       0x3d c:/program files/microchip/xc32/v2.40/bin/bin/../../lib/gcc/pic32c/6.2.1/../../../../pic32c/lib\libc_nano.a(lib_a-memmove.o)
 .comment       0x0000003c       0x3d c:/program files/microchip/xc32/v2.40/bin/bin/../../lib/gcc/pic32c/6.2.1/../../../../pic32c/lib\libc_nano.a(lib_a-memset.o)
 .comment       0x0000003c       0x3d c:/program files/microchip/xc32/v2.40/bin/bin/../../lib/gcc/pic32c/6.2.1/../../../../pic32c/lib\libc_nano.a(lib_a-mktime.o)
 .comment       0x0000003c       0x3d c:/program files/microchip/xc32/v2.40/bin/bin/../../lib/gcc/pic32c/6.2.1/../../../../pic32c/lib\libc_nano.a(lib_a-nano-callocr.o)
 .comment       0x0000003c       0x3d c:/program files/microchip/xc32/v2.40/bin/bin/../../lib/gcc/pic32c/6.2.1/../../../../pic32c/lib\libc_nano.a(lib_a-nano-freer.o)
 .comment       0x0000003c       0x3d c:/program files/microchip/xc32/v2.40/bin/bin/../../lib/gcc/pic32c/6.2.1/../../../../pic32c/lib\libc_nano.a(lib_a-nano-mallocr.o)
 .comment       0x0000003c       0x3d c:/program files/microchip/xc32/v2.40/bin/bin/../../lib/gcc/pic32c/6.2.1/../../../../pic32c/lib\libc_nano.a(lib_a-printf.o)
 .comment       0x0000003c       0x3d c:/program files/microchip/xc32/v2.40/bin/bin/../../lib/gcc/pic32c/6.2.1/../../../../pic32c/lib\libc_nano.a(lib_a-sbrkr.o)
 .comment       0x0000003c       0x3d c:/program files/microchip/xc32/v2.40/bin/bin/../../lib/gcc/pic32c/6.2.1/../../../../pic32c/lib\libc_nano.a(lib_a-snprintf.o)
 .comment       0x0000003c       0x3d c:/program files/microchip/xc32/v2.40/bin/bin/../../lib/gcc/pic32c/6.2.1/../../../../pic32c/lib\libc_nano.a(lib_a-sprintf.o)
 .comment       0x0000003c       0x3d c:/program files/microchip/xc32/v2.40/bin/bin/../../lib/gcc/pic32c/6.2.1/../../../../pic32c/lib\libc_nano.a(lib_a-strcpy.o)
 .comment       0x0000003c       0x3d c:/program files/microchip/xc32/v2.40/bin/bin/../../lib/gcc/pic32c/6.2.1/../../../../pic32c/lib\libc_nano.a(lib_a-strncmp.o)
 .comment       0x0000003c       0x3d c:/program files/microchip/xc32/v2.40/bin/bin/../../lib/gcc/pic32c/6.2.1/../../../../pic32c/lib\libc_nano.a(lib_a-strncpy.o)
 .comment       0x0000003c       0x3d c:/program files/microchip/xc32/v2.40/bin/bin/../../lib/gcc/pic32c/6.2.1/../../../../pic32c/lib\libc_nano.a(lib_a-strstr.o)
 .comment       0x0000003c       0x3d c:/program files/microchip/xc32/v2.40/bin/bin/../../lib/gcc/pic32c/6.2.1/../../../../pic32c/lib\libc_nano.a(lib_a-strtok.o)
 .comment       0x0000003c       0x3d c:/program files/microchip/xc32/v2.40/bin/bin/../../lib/gcc/pic32c/6.2.1/../../../../pic32c/lib\libc_nano.a(lib_a-strtok_r.o)
 .comment       0x0000003c       0x3d c:/program files/microchip/xc32/v2.40/bin/bin/../../lib/gcc/pic32c/6.2.1/../../../../pic32c/lib\libc_nano.a(lib_a-strtol.o)
 .comment       0x0000003c       0x3d c:/program files/microchip/xc32/v2.40/bin/bin/../../lib/gcc/pic32c/6.2.1/../../../../pic32c/lib\libc_nano.a(lib_a-tzcalc_limits.o)
 .comment       0x0000003c       0x3d c:/program files/microchip/xc32/v2.40/bin/bin/../../lib/gcc/pic32c/6.2.1/../../../../pic32c/lib\libc_nano.a(lib_a-tzset.o)
 .comment       0x0000003c       0x3d c:/program files/microchip/xc32/v2.40/bin/bin/../../lib/gcc/pic32c/6.2.1/../../../../pic32c/lib\libc_nano.a(lib_a-tzset_r.o)
 .comment       0x0000003c       0x3d c:/program files/microchip/xc32/v2.40/bin/bin/../../lib/gcc/pic32c/6.2.1/../../../../pic32c/lib\libc_nano.a(lib_a-tzvars.o)
 .comment       0x0000003c       0x3d c:/program files/microchip/xc32/v2.40/bin/bin/../../lib/gcc/pic32c/6.2.1/../../../../pic32c/lib\libc_nano.a(lib_a-vsnprintf.o)
 .comment       0x0000003c       0x3d c:/program files/microchip/xc32/v2.40/bin/bin/../../lib/gcc/pic32c/6.2.1/../../../../pic32c/lib\libc_nano.a(lib_a-wbuf.o)
 .comment       0x0000003c       0x3d c:/program files/microchip/xc32/v2.40/bin/bin/../../lib/gcc/pic32c/6.2.1/../../../../pic32c/lib\libc_nano.a(lib_a-wsetup.o)
 .comment       0x0000003c       0x3d c:/program files/microchip/xc32/v2.40/bin/bin/../../lib/gcc/pic32c/6.2.1/../../../../pic32c/lib\libc_nano.a(lib_a-div.o)
 .comment       0x0000003c       0x3d c:/program files/microchip/xc32/v2.40/bin/bin/../../lib/gcc/pic32c/6.2.1/../../../../pic32c/lib\libc_nano.a(lib_a-fflush.o)
 .comment       0x0000003c       0x3d c:/program files/microchip/xc32/v2.40/bin/bin/../../lib/gcc/pic32c/6.2.1/../../../../pic32c/lib\libc_nano.a(lib_a-findfp.o)
 .comment       0x0000003c       0x3d c:/program files/microchip/xc32/v2.40/bin/bin/../../lib/gcc/pic32c/6.2.1/../../../../pic32c/lib\libc_nano.a(lib_a-fwalk.o)
 .comment       0x0000003c       0x3d c:/program files/microchip/xc32/v2.40/bin/bin/../../lib/gcc/pic32c/6.2.1/../../../../pic32c/lib\libc_nano.a(lib_a-getenv_r.o)
 .comment       0x0000003c       0x3d c:/program files/microchip/xc32/v2.40/bin/bin/../../lib/gcc/pic32c/6.2.1/../../../../pic32c/lib\libc_nano.a(lib_a-gettzinfo.o)
 .comment       0x0000003c       0x3d c:/program files/microchip/xc32/v2.40/bin/bin/../../lib/gcc/pic32c/6.2.1/../../../../pic32c/lib\libc_nano.a(lib_a-locale.o)
 .comment       0x0000003c       0x3d c:/program files/microchip/xc32/v2.40/bin/bin/../../lib/gcc/pic32c/6.2.1/../../../../pic32c/lib\libc_nano.a(lib_a-makebuf.o)
 .comment       0x0000003c       0x3d c:/program files/microchip/xc32/v2.40/bin/bin/../../lib/gcc/pic32c/6.2.1/../../../../pic32c/lib\libc_nano.a(lib_a-mbtowc_r.o)
 .comment       0x0000003c       0x3d c:/program files/microchip/xc32/v2.40/bin/bin/../../lib/gcc/pic32c/6.2.1/../../../../pic32c/lib\libc_nano.a(lib_a-mlock.o)
 .comment       0x0000003c       0x3d c:/program files/microchip/xc32/v2.40/bin/bin/../../lib/gcc/pic32c/6.2.1/../../../../pic32c/lib\libc_nano.a(lib_a-month_lengths.o)
 .comment       0x0000003c       0x3d c:/program files/microchip/xc32/v2.40/bin/bin/../../lib/gcc/pic32c/6.2.1/../../../../pic32c/lib\libc_nano.a(lib_a-nano-svfprintf.o)
 .comment       0x0000003c       0x3d c:/program files/microchip/xc32/v2.40/bin/bin/../../lib/gcc/pic32c/6.2.1/../../../../pic32c/lib\libc_nano.a(_lib_a-nano-vfprintf.cdeEfFgGnopsuxX.o)
 .comment       0x0000003c       0x3d c:/program files/microchip/xc32/v2.40/bin/bin/../../lib/gcc/pic32c/6.2.1/../../../../pic32c/lib\libc_nano.a(lib_a-nano-vfprintf_i.o)
 .comment       0x0000003c       0x3d c:/program files/microchip/xc32/v2.40/bin/bin/../../lib/gcc/pic32c/6.2.1/../../../../pic32c/lib\libc_nano.a(lib_a-nano-vfprintf.o)
 .comment       0x0000003c       0x3d c:/program files/microchip/xc32/v2.40/bin/bin/../../lib/gcc/pic32c/6.2.1/../../../../pic32c/lib\libc_nano.a(lib_a-reent.o)
 .comment       0x0000003c       0x3d c:/program files/microchip/xc32/v2.40/bin/bin/../../lib/gcc/pic32c/6.2.1/../../../../pic32c/lib\libc_nano.a(lib_a-sscanf.o)
 .comment       0x0000003c       0x3d c:/program files/microchip/xc32/v2.40/bin/bin/../../lib/gcc/pic32c/6.2.1/../../../../pic32c/lib\libc_nano.a(lib_a-__ssfputs.o)
 .comment       0x0000003c       0x3d c:/program files/microchip/xc32/v2.40/bin/bin/../../lib/gcc/pic32c/6.2.1/../../../../pic32c/lib\libc_nano.a(lib_a-__ssputs.o)
 .comment       0x0000003c       0x3d c:/program files/microchip/xc32/v2.40/bin/bin/../../lib/gcc/pic32c/6.2.1/../../../../pic32c/lib\libc_nano.a(lib_a-stdio.o)
 .comment       0x0000003c       0x3d c:/program files/microchip/xc32/v2.40/bin/bin/../../lib/gcc/pic32c/6.2.1/../../../../pic32c/lib\libc_nano.a(lib_a-strtoul.o)
 .comment       0x0000003c       0x3d c:/program files/microchip/xc32/v2.40/bin/bin/../../lib/gcc/pic32c/6.2.1/../../../../pic32c/lib\libc_nano.a(lib_a-wctomb_r.o)
 .comment       0x0000003c       0x3d c:/program files/microchip/xc32/v2.40/bin/bin/../../lib/gcc/pic32c/6.2.1/../../../../pic32c/lib\libc_nano.a(lib_a-writer.o)
 .comment       0x0000003c       0x3d c:/program files/microchip/xc32/v2.40/bin/bin/../../lib/gcc/pic32c/6.2.1/../../../../pic32c/lib\libc_nano.a(lib_a-closer.o)
 .comment       0x0000003c       0x3d c:/program files/microchip/xc32/v2.40/bin/bin/../../lib/gcc/pic32c/6.2.1/../../../../pic32c/lib\libc_nano.a(lib_a-ctype_.o)
 .comment       0x0000003c       0x3d c:/program files/microchip/xc32/v2.40/bin/bin/../../lib/gcc/pic32c/6.2.1/../../../../pic32c/lib\libc_nano.a(lib_a-dtoa.o)
 .comment       0x0000003c       0x3d c:/program files/microchip/xc32/v2.40/bin/bin/../../lib/gcc/pic32c/6.2.1/../../../../pic32c/lib\libc_nano.a(lib_a-environ.o)
 .comment       0x0000003c       0x3d c:/program files/microchip/xc32/v2.40/bin/bin/../../lib/gcc/pic32c/6.2.1/../../../../pic32c/lib\libc_nano.a(lib_a-envlock.o)
 .comment       0x0000003c       0x3d c:/program files/microchip/xc32/v2.40/bin/bin/../../lib/gcc/pic32c/6.2.1/../../../../pic32c/lib\libc_nano.a(lib_a-fputwc.o)
 .comment       0x0000003c       0x3d c:/program files/microchip/xc32/v2.40/bin/bin/../../lib/gcc/pic32c/6.2.1/../../../../pic32c/lib\libc_nano.a(lib_a-fstatr.o)
 .comment       0x0000003c       0x3d c:/program files/microchip/xc32/v2.40/bin/bin/../../lib/gcc/pic32c/6.2.1/../../../../pic32c/lib\libc_nano.a(lib_a-isattyr.o)
 .comment       0x0000003c       0x3d c:/program files/microchip/xc32/v2.40/bin/bin/../../lib/gcc/pic32c/6.2.1/../../../../pic32c/lib\libc_nano.a(lib_a-localeconv.o)
 .comment       0x0000003c       0x3d c:/program files/microchip/xc32/v2.40/bin/bin/../../lib/gcc/pic32c/6.2.1/../../../../pic32c/lib\libc_nano.a(lib_a-lseekr.o)
 .comment       0x0000003c       0x3d c:/program files/microchip/xc32/v2.40/bin/bin/../../lib/gcc/pic32c/6.2.1/../../../../pic32c/lib\libc_nano.a(lib_a-memchr-stub.o)
 .comment       0x0000003c       0x3d c:/program files/microchip/xc32/v2.40/bin/bin/../../lib/gcc/pic32c/6.2.1/../../../../pic32c/lib\libc_nano.a(lib_a-mprec.o)
 .comment       0x0000003c       0x3d c:/program files/microchip/xc32/v2.40/bin/bin/../../lib/gcc/pic32c/6.2.1/../../../../pic32c/lib\libc_nano.a(lib_a-nano-reallocr.o)
 .comment       0x0000003c       0x3d c:/program files/microchip/xc32/v2.40/bin/bin/../../lib/gcc/pic32c/6.2.1/../../../../pic32c/lib\libc_nano.a(lib_a-nano-svfscanf.o)
 .comment       0x0000003c       0x3d c:/program files/microchip/xc32/v2.40/bin/bin/../../lib/gcc/pic32c/6.2.1/../../../../pic32c/lib\libc_nano.a(lib_a-nano-vfscanf_i.o)
 .comment       0x0000003c       0x3d c:/program files/microchip/xc32/v2.40/bin/bin/../../lib/gcc/pic32c/6.2.1/../../../../pic32c/lib\libc_nano.a(lib_a-readr.o)
 .comment       0x0000003c       0x3d c:/program files/microchip/xc32/v2.40/bin/bin/../../lib/gcc/pic32c/6.2.1/../../../../pic32c/lib\libc_nano.a(lib_a-sccl.o)
 .comment       0x0000003c       0x3d c:/program files/microchip/xc32/v2.40/bin/bin/../../lib/gcc/pic32c/6.2.1/../../../../pic32c/lib\libc_nano.a(lib_a-ungetc.o)
 .comment       0x0000003c       0x3d c:/program files/microchip/xc32/v2.40/bin/bin/../../lib/gcc/pic32c/6.2.1/../../../../pic32c/lib\libc_nano.a(lib_a-wcrtomb.o)
 .comment       0x0000003c       0x3d c:/program files/microchip/xc32/v2.40/bin/bin/../../lib/gcc/pic32c/6.2.1/../../../../pic32c/lib\libc_nano.a(lib_a-nano-msizer.o)
 .comment       0x0000003c       0x3d c:/program files/microchip/xc32/v2.40/bin/bin/../../lib/gcc/pic32c/6.2.1/../../../../pic32c/lib\libpic32c.a(_close.o)
 .comment       0x0000003c       0x3d c:/program files/microchip/xc32/v2.40/bin/bin/../../lib/gcc/pic32c/6.2.1/../../../../pic32c/lib\libpic32c.a(_fstat.o)
 .comment       0x0000003c       0x3d c:/program files/microchip/xc32/v2.40/bin/bin/../../lib/gcc/pic32c/6.2.1/../../../../pic32c/lib\libpic32c.a(_isatty.o)
 .comment       0x0000003c       0x3d c:/program files/microchip/xc32/v2.40/bin/bin/../../lib/gcc/pic32c/6.2.1/../../../../pic32c/lib\libpic32c.a(_lseek.o)
 .comment       0x0000003c       0x3d c:/program files/microchip/xc32/v2.40/bin/bin/../../lib/gcc/pic32c/6.2.1/../../../../pic32c/lib\libpic32c.a(_read.o)
 .comment       0x0000003c       0x3d c:/program files/microchip/xc32/v2.40/bin/bin/../../lib/gcc/pic32c/6.2.1/../../../../pic32c/lib\libpic32c.a(sbrk.o)
 .comment       0x0000003c       0x3d c:/program files/microchip/xc32/v2.40/bin/bin/../../lib/gcc/pic32c/6.2.1/../../../../pic32c/lib\libpic32c.a(_write.o)
 .comment       0x0000003c       0x3d c:/program files/microchip/xc32/v2.40/bin/bin/../../lib/gcc/pic32c/6.2.1/../../../../pic32c/lib\libpic32c.a(close.o)
 .comment       0x0000003c       0x3d c:/program files/microchip/xc32/v2.40/bin/bin/../../lib/gcc/pic32c/6.2.1/../../../../pic32c/lib\libpic32c.a(fstat.o)
 .comment       0x0000003c       0x3d c:/program files/microchip/xc32/v2.40/bin/bin/../../lib/gcc/pic32c/6.2.1/../../../../pic32c/lib\libpic32c.a(isatty.o)
 .comment       0x0000003c       0x3d c:/program files/microchip/xc32/v2.40/bin/bin/../../lib/gcc/pic32c/6.2.1/../../../../pic32c/lib\libpic32c.a(lseek.o)
 .comment       0x0000003c       0x3d c:/program files/microchip/xc32/v2.40/bin/bin/../../lib/gcc/pic32c/6.2.1/../../../../pic32c/lib\libpic32c.a(read.o)
 .comment       0x0000003c       0x3d c:/program files/microchip/xc32/v2.40/bin/bin/../../lib/gcc/pic32c/6.2.1/../../../../pic32c/lib\libpic32c.a(write.o)
 .comment       0x0000003c       0x3d c:/program files/microchip/xc32/v2.40/bin/bin/../../lib/gcc/pic32c/6.2.1\libgcc.a(eqdf2.o)
 .comment       0x0000003c       0x3d c:/program files/microchip/xc32/v2.40/bin/bin/../../lib/gcc/pic32c/6.2.1\libgcc.a(gedf2.o)
 .comment       0x0000003c       0x3d c:/program files/microchip/xc32/v2.40/bin/bin/../../lib/gcc/pic32c/6.2.1\libgcc.a(ledf2.o)
 .comment       0x0000003c       0x3d c:/program files/microchip/xc32/v2.40/bin/bin/../../lib/gcc/pic32c/6.2.1\libgcc.a(unorddf2.o)
 .comment       0x0000003c       0x3d c:/program files/microchip/xc32/v2.40/bin/bin/../../lib/gcc/pic32c/6.2.1\libgcc.a(floatunsidf.o)

.debug_info     0x00000000    0xf6181
 .debug_info    0x00000000     0x3b9a build/SAMD21_WG_IOT/production/_ext/1678205250/drv_spi.o
 .debug_info    0x00003b9a     0x1183 build/SAMD21_WG_IOT/production/_ext/328869906/wdrv_winc_eint.o
 .debug_info    0x00004d1d     0x13dc build/SAMD21_WG_IOT/production/_ext/328869906/wdrv_winc_gpio.o
 .debug_info    0x000060f9     0x1bea build/SAMD21_WG_IOT/production/_ext/2088830217/wdrv_winc_spi.o
 .debug_info    0x00007ce3     0x1194 build/SAMD21_WG_IOT/production/_ext/373976187/nm_common.o
 .debug_info    0x00008e77     0x1e71 build/SAMD21_WG_IOT/production/_ext/405265080/m2m_hif.o
 .debug_info    0x0000ace8     0x634e build/SAMD21_WG_IOT/production/_ext/405265080/m2m_wifi.o
 .debug_info    0x00011036     0x1aeb build/SAMD21_WG_IOT/production/_ext/405265080/nmasic.o
 .debug_info    0x00012b21     0x1669 build/SAMD21_WG_IOT/production/_ext/405265080/nmbus.o
 .debug_info    0x0001418a     0x173c build/SAMD21_WG_IOT/production/_ext/405265080/nmdrv.o
 .debug_info    0x000158c6     0x1eef build/SAMD21_WG_IOT/production/_ext/405265080/nmspi.o
 .debug_info    0x000177b5     0x2512 build/SAMD21_WG_IOT/production/_ext/405265080/m2m_ota.o
 .debug_info    0x00019cc7     0x1d26 build/SAMD21_WG_IOT/production/_ext/405265080/m2m_ssl.o
 .debug_info    0x0001b9ed     0x305e build/SAMD21_WG_IOT/production/_ext/831742467/socket.o
 .debug_info    0x0001ea4b     0x191e build/SAMD21_WG_IOT/production/_ext/1091366131/spi_flash.o
 .debug_info    0x00020369     0x11cf build/SAMD21_WG_IOT/production/_ext/1461284888/wdrv_winc_osal.o
 .debug_info    0x00021538     0x56a5 build/SAMD21_WG_IOT/production/_ext/845676186/wdrv_winc.o
 .debug_info    0x00026bdd     0x1c92 build/SAMD21_WG_IOT/production/_ext/845676186/wdrv_winc_authctx.o
 .debug_info    0x0002886f     0x167f build/SAMD21_WG_IOT/production/_ext/845676186/wdrv_winc_bssctx.o
 .debug_info    0x00029eee     0x2af4 build/SAMD21_WG_IOT/production/_ext/845676186/wdrv_winc_host_file.o
 .debug_info    0x0002c9e2     0x2ecf build/SAMD21_WG_IOT/production/_ext/845676186/wdrv_winc_socket.o
 .debug_info    0x0002f8b1     0x30a1 build/SAMD21_WG_IOT/production/_ext/845676186/wdrv_winc_sta.o
 .debug_info    0x00032952     0x2cfb build/SAMD21_WG_IOT/production/_ext/845676186/wdrv_winc_systime.o
 .debug_info    0x0003564d      0xdb4 build/SAMD21_WG_IOT/production/_ext/485667147/plib_adc.o
 .debug_info    0x00036401      0xa76 build/SAMD21_WG_IOT/production/_ext/1427407075/plib_clock.o
 .debug_info    0x00036e77     0x1c3b build/SAMD21_WG_IOT/production/_ext/2124285686/plib_dmac.o
 .debug_info    0x00038ab2      0x6c9 build/SAMD21_WG_IOT/production/_ext/485663148/plib_eic.o
 .debug_info    0x0003917b      0x328 build/SAMD21_WG_IOT/production/_ext/1429556561/plib_evsys.o
 .debug_info    0x000394a3      0x97a build/SAMD21_WG_IOT/production/_ext/2124592493/plib_nvic.o
 .debug_info    0x00039e1d     0x1355 build/SAMD21_WG_IOT/production/_ext/1194272987/plib_nvmctrl.o
 .debug_info    0x0003b172      0xc4a build/SAMD21_WG_IOT/production/_ext/2124645644/plib_port.o
 .debug_info    0x0003bdbc     0x14b5 build/SAMD21_WG_IOT/production/_ext/485650314/plib_rtc_clock.o
 .debug_info    0x0003d271     0x1533 build/SAMD21_WG_IOT/production/_ext/1357986986/plib_sercom3_i2c_master.o
 .debug_info    0x0003e7a4     0x132d build/SAMD21_WG_IOT/production/_ext/866752344/plib_sercom4_spi_master.o
 .debug_info    0x0003fad1     0x1c08 build/SAMD21_WG_IOT/production/_ext/27410978/plib_sercom5_usart.o
 .debug_info    0x000416d9      0xc43 build/SAMD21_WG_IOT/production/_ext/708402758/plib_tc3.o
 .debug_info    0x0004231c      0x2a7 build/SAMD21_WG_IOT/production/_ext/1812770719/xc32_monitor.o
 .debug_info    0x000425c3     0x3644 build/SAMD21_WG_IOT/production/_ext/131504744/sys_command.o
 .debug_info    0x00045c07     0x1dee build/SAMD21_WG_IOT/production/_ext/325207436/sys_console.o
 .debug_info    0x000479f5     0x1fa1 build/SAMD21_WG_IOT/production/_ext/325207436/sys_console_uart.o
 .debug_info    0x00049996     0x1298 build/SAMD21_WG_IOT/production/_ext/1268222528/sys_dma.o
 .debug_info    0x0004ac2e      0x886 build/SAMD21_WG_IOT/production/_ext/1335837964/sys_int.o
 .debug_info    0x0004b4b4     0x2bd8 build/SAMD21_WG_IOT/production/_ext/157239130/sys_time.o
 .debug_info    0x0004e08c     0x3c02 build/SAMD21_WG_IOT/production/_ext/853479/initialization.o
 .debug_info    0x00051c8e     0x16c7 build/SAMD21_WG_IOT/production/_ext/853479/interrupts.o
 .debug_info    0x00053355     0x1109 build/SAMD21_WG_IOT/production/_ext/853479/exceptions.o
 .debug_info    0x0005445e      0x461 build/SAMD21_WG_IOT/production/_ext/853479/startup_xc32.o
 .debug_info    0x000548bf     0x10d1 build/SAMD21_WG_IOT/production/_ext/853479/tasks.o
 .debug_info    0x00055990      0xed7 build/SAMD21_WG_IOT/production/_ext/364212162/credentials_storage.o
 .debug_info    0x00056867     0x1d8a build/SAMD21_WG_IOT/production/_ext/2028850473/atca_basic.o
 .debug_info    0x000585f1     0x1b66 build/SAMD21_WG_IOT/production/_ext/2028850473/atca_basic_genkey.o
 .debug_info    0x0005a157     0x1bba build/SAMD21_WG_IOT/production/_ext/2028850473/atca_basic_lock.o
 .debug_info    0x0005bd11     0x1c5c build/SAMD21_WG_IOT/production/_ext/2028850473/atca_basic_nonce.o
 .debug_info    0x0005d96d     0x1a96 build/SAMD21_WG_IOT/production/_ext/2028850473/atca_basic_random.o
 .debug_info    0x0005f403     0x2357 build/SAMD21_WG_IOT/production/_ext/2028850473/atca_basic_read.o
 .debug_info    0x0006175a     0x1be2 build/SAMD21_WG_IOT/production/_ext/2028850473/atca_basic_sign.o
 .debug_info    0x0006333c     0x234e build/SAMD21_WG_IOT/production/_ext/2028850473/atca_helpers.o
 .debug_info    0x0006568a     0x1296 build/SAMD21_WG_IOT/production/_ext/626928883/sha2_routines.o
 .debug_info    0x00066920      0x87c build/SAMD21_WG_IOT/production/_ext/1574659896/atca_crypto_sw_sha2.o
 .debug_info    0x0006719c     0x1b5f build/SAMD21_WG_IOT/production/_ext/672495748/atca_hal.o
 .debug_info    0x00068cfb     0x1e6e build/SAMD21_WG_IOT/production/_ext/672495748/hal_i2c.o
 .debug_info    0x0006ab69     0x11a6 build/SAMD21_WG_IOT/production/_ext/672495748/hal_timer.o
 .debug_info    0x0006bd0f     0x1d78 build/SAMD21_WG_IOT/production/_ext/672493136/atca_jwt.o
 .debug_info    0x0006da87     0x2d6d build/SAMD21_WG_IOT/production/_ext/672483868/atcatls.o
 .debug_info    0x000707f4     0x1c15 build/SAMD21_WG_IOT/production/_ext/1837493384/atca_command.o
 .debug_info    0x00072409     0x18e7 build/SAMD21_WG_IOT/production/_ext/1837493384/atca_device.o
 .debug_info    0x00073cf0     0x1b68 build/SAMD21_WG_IOT/production/_ext/1837493384/atca_execution.o
 .debug_info    0x00075858     0x1aa1 build/SAMD21_WG_IOT/production/_ext/1837493384/atca_iface.o
 .debug_info    0x000772f9     0x1588 build/SAMD21_WG_IOT/production/_ext/1207317302/mqtt_comm_layer.o
 .debug_info    0x00078881     0x32df build/SAMD21_WG_IOT/production/_ext/1731314967/mqtt_core.o
 .debug_info    0x0007bb60      0x565 build/SAMD21_WG_IOT/production/_ext/781924270/mqtt_exchange_buffer.o
 .debug_info    0x0007c0c5      0xf8e build/SAMD21_WG_IOT/production/_ext/1019103266/mqtt_packetTransfer_interface.o
 .debug_info    0x0007d053     0x2b96 build/SAMD21_WG_IOT/production/_ext/695851535/bsdWINC.o
 .debug_info    0x0007fbe9     0x1a4f build/SAMD21_WG_IOT/production/_ext/1688231369/cryptoauthlib_main.o
 .debug_info    0x00081638     0x1d57 build/SAMD21_WG_IOT/production/_ext/1688231369/crypto_client.o
 .debug_info    0x0008338f     0x1840 build/SAMD21_WG_IOT/production/_ext/347544798/mqtt_packetPopulate.o
 .debug_info    0x00084bcf     0x2eb5 build/SAMD21_WG_IOT/production/_ext/711616579/cloud_service.o
 .debug_info    0x00087a84     0x1d5d build/SAMD21_WG_IOT/production/_ext/711616579/wifi_service.o
 .debug_info    0x000897e1     0x16fe build/SAMD21_WG_IOT/production/_ext/1360937237/debug_print.o
 .debug_info    0x0008aedf     0x18b8 build/SAMD21_WG_IOT/production/_ext/1360937237/led.o
 .debug_info    0x0008c797     0x10ba build/SAMD21_WG_IOT/production/_ext/1360937237/main.o
 .debug_info    0x0008d851     0x3f50 build/SAMD21_WG_IOT/production/_ext/1360937237/app.o
 .debug_info    0x000917a1      0x1f0 c:/program files/microchip/xc32/v2.40/bin/bin/../../lib/gcc/pic32c/6.2.1/../../../../pic32c/lib\libpic32c.a(data_init.o)
 .debug_info    0x00091991       0xee c:/program files/microchip/xc32/v2.40/bin/bin/../../lib/gcc/pic32c/6.2.1\libgcc.a(_udivsi3.o)
 .debug_info    0x00091a7f       0xee c:/program files/microchip/xc32/v2.40/bin/bin/../../lib/gcc/pic32c/6.2.1\libgcc.a(_divsi3.o)
 .debug_info    0x00091b6d       0xee c:/program files/microchip/xc32/v2.40/bin/bin/../../lib/gcc/pic32c/6.2.1\libgcc.a(_dvmd_tls.o)
 .debug_info    0x00091c5b       0xee c:/program files/microchip/xc32/v2.40/bin/bin/../../lib/gcc/pic32c/6.2.1\libgcc.a(_aeabi_uldivmod.o)
 .debug_info    0x00091d49     0x13d1 c:/program files/microchip/xc32/v2.40/bin/bin/../../lib/gcc/pic32c/6.2.1\libgcc.a(_muldi3.o)
 .debug_info    0x0009311a     0x12a0 c:/program files/microchip/xc32/v2.40/bin/bin/../../lib/gcc/pic32c/6.2.1\libgcc.a(_fixunssfsi.o)
 .debug_info    0x000943ba     0x132c c:/program files/microchip/xc32/v2.40/bin/bin/../../lib/gcc/pic32c/6.2.1\libgcc.a(_udivmoddi4.o)
 .debug_info    0x000956e6      0x556 c:/program files/microchip/xc32/v2.40/bin/bin/../../lib/gcc/pic32c/6.2.1\libgcc.a(addsf3.o)
 .debug_info    0x00095c3c      0x58b c:/program files/microchip/xc32/v2.40/bin/bin/../../lib/gcc/pic32c/6.2.1\libgcc.a(divsf3.o)
 .debug_info    0x000961c7      0x5d5 c:/program files/microchip/xc32/v2.40/bin/bin/../../lib/gcc/pic32c/6.2.1\libgcc.a(mulsf3.o)
 .debug_info    0x0009679c      0x556 c:/program files/microchip/xc32/v2.40/bin/bin/../../lib/gcc/pic32c/6.2.1\libgcc.a(subsf3.o)
 .debug_info    0x00096cf2      0x39d c:/program files/microchip/xc32/v2.40/bin/bin/../../lib/gcc/pic32c/6.2.1\libgcc.a(fixsfsi.o)
 .debug_info    0x0009708f      0x465 c:/program files/microchip/xc32/v2.40/bin/bin/../../lib/gcc/pic32c/6.2.1\libgcc.a(floatunsisf.o)
 .debug_info    0x000974f4      0x7b0 c:/program files/microchip/xc32/v2.40/bin/bin/../../lib/gcc/pic32c/6.2.1\libgcc.a(adddf3.o)
 .debug_info    0x00097ca4      0x9c6 c:/program files/microchip/xc32/v2.40/bin/bin/../../lib/gcc/pic32c/6.2.1\libgcc.a(divdf3.o)
 .debug_info    0x0009866a      0xa41 c:/program files/microchip/xc32/v2.40/bin/bin/../../lib/gcc/pic32c/6.2.1\libgcc.a(muldf3.o)
 .debug_info    0x000990ab      0x7b0 c:/program files/microchip/xc32/v2.40/bin/bin/../../lib/gcc/pic32c/6.2.1\libgcc.a(subdf3.o)
 .debug_info    0x0009985b      0x3bc c:/program files/microchip/xc32/v2.40/bin/bin/../../lib/gcc/pic32c/6.2.1\libgcc.a(fixdfsi.o)
 .debug_info    0x00099c17      0x4fc c:/program files/microchip/xc32/v2.40/bin/bin/../../lib/gcc/pic32c/6.2.1\libgcc.a(floatsidf.o)
 .debug_info    0x0009a113      0x47d c:/program files/microchip/xc32/v2.40/bin/bin/../../lib/gcc/pic32c/6.2.1\libgcc.a(extendsfdf2.o)
 .debug_info    0x0009a590      0x4ee c:/program files/microchip/xc32/v2.40/bin/bin/../../lib/gcc/pic32c/6.2.1\libgcc.a(truncdfsf2.o)
 .debug_info    0x0009aa7e       0xee c:/program files/microchip/xc32/v2.40/bin/bin/../../lib/gcc/pic32c/6.2.1\libgcc.a(_thumb1_case_uqi.o)
 .debug_info    0x0009ab6c       0xee c:/program files/microchip/xc32/v2.40/bin/bin/../../lib/gcc/pic32c/6.2.1\libgcc.a(_thumb1_case_uhi.o)
 .debug_info    0x0009ac5a       0xee c:/program files/microchip/xc32/v2.40/bin/bin/../../lib/gcc/pic32c/6.2.1\libgcc.a(_lshrdi3.o)
 .debug_info    0x0009ad48       0xee c:/program files/microchip/xc32/v2.40/bin/bin/../../lib/gcc/pic32c/6.2.1\libgcc.a(_ashldi3.o)
 .debug_info    0x0009ae36       0xee c:/program files/microchip/xc32/v2.40/bin/bin/../../lib/gcc/pic32c/6.2.1\libgcc.a(_arm_cmpsf2.o)
 .debug_info    0x0009af24       0xee c:/program files/microchip/xc32/v2.40/bin/bin/../../lib/gcc/pic32c/6.2.1\libgcc.a(_clzsi2.o)
 .debug_info    0x0009b012       0xee c:/program files/microchip/xc32/v2.40/bin/bin/../../lib/gcc/pic32c/6.2.1\libgcc.a(_clzdi2.o)
 .debug_info    0x0009b100      0x3e0 c:/program files/microchip/xc32/v2.40/bin/bin/../../lib/gcc/pic32c/6.2.1\libgcc.a(eqsf2.o)
 .debug_info    0x0009b4e0      0x404 c:/program files/microchip/xc32/v2.40/bin/bin/../../lib/gcc/pic32c/6.2.1\libgcc.a(gesf2.o)
 .debug_info    0x0009b8e4      0x408 c:/program files/microchip/xc32/v2.40/bin/bin/../../lib/gcc/pic32c/6.2.1\libgcc.a(lesf2.o)
 .debug_info    0x0009bcec      0xdf4 c:/program files/microchip/xc32/v2.40/bin/bin/../../lib/gcc/pic32c/6.2.1/../../../../pic32c/lib\libc_nano.a(lib_a-atoi.o)
 .debug_info    0x0009cae0      0xda0 c:/program files/microchip/xc32/v2.40/bin/bin/../../lib/gcc/pic32c/6.2.1/../../../../pic32c/lib\libc_nano.a(lib_a-calloc.o)
 .debug_info    0x0009d880      0xe28 c:/program files/microchip/xc32/v2.40/bin/bin/../../lib/gcc/pic32c/6.2.1/../../../../pic32c/lib\libc_nano.a(lib_a-difftime.o)
 .debug_info    0x0009e6a8      0xedd c:/program files/microchip/xc32/v2.40/bin/bin/../../lib/gcc/pic32c/6.2.1/../../../../pic32c/lib\libc_nano.a(lib_a-gmtime.o)
 .debug_info    0x0009f585      0xfd0 c:/program files/microchip/xc32/v2.40/bin/bin/../../lib/gcc/pic32c/6.2.1/../../../../pic32c/lib\libc_nano.a(lib_a-gmtime_r.o)
 .debug_info    0x000a0555      0xd3c c:/program files/microchip/xc32/v2.40/bin/bin/../../lib/gcc/pic32c/6.2.1/../../../../pic32c/lib\libc_nano.a(lib_a-impure.o)
 .debug_info    0x000a1291      0x359 c:/program files/microchip/xc32/v2.40/bin/bin/../../lib/gcc/pic32c/6.2.1/../../../../pic32c/lib\libc_nano.a(lib_a-init.o)
 .debug_info    0x000a15ea      0xddf c:/program files/microchip/xc32/v2.40/bin/bin/../../lib/gcc/pic32c/6.2.1/../../../../pic32c/lib\libc_nano.a(lib_a-malloc.o)
 .debug_info    0x000a23c9      0xd94 c:/program files/microchip/xc32/v2.40/bin/bin/../../lib/gcc/pic32c/6.2.1/../../../../pic32c/lib\libc_nano.a(lib_a-memcmp.o)
 .debug_info    0x000a315d      0xdb3 c:/program files/microchip/xc32/v2.40/bin/bin/../../lib/gcc/pic32c/6.2.1/../../../../pic32c/lib\libc_nano.a(lib_a-memcpy-stub.o)
 .debug_info    0x000a3f10     0x1516 c:/program files/microchip/xc32/v2.40/bin/bin/../../lib/gcc/pic32c/6.2.1/../../../../pic32c/lib\libc_nano.a(lib_a-memmove.o)
 .debug_info    0x000a5426     0x14e8 c:/program files/microchip/xc32/v2.40/bin/bin/../../lib/gcc/pic32c/6.2.1/../../../../pic32c/lib\libc_nano.a(lib_a-memset.o)
 .debug_info    0x000a690e     0x124c c:/program files/microchip/xc32/v2.40/bin/bin/../../lib/gcc/pic32c/6.2.1/../../../../pic32c/lib\libc_nano.a(lib_a-mktime.o)
 .debug_info    0x000a7b5a     0x101b c:/program files/microchip/xc32/v2.40/bin/bin/../../lib/gcc/pic32c/6.2.1/../../../../pic32c/lib\libc_nano.a(lib_a-nano-callocr.o)
 .debug_info    0x000a8b75     0x10ed c:/program files/microchip/xc32/v2.40/bin/bin/../../lib/gcc/pic32c/6.2.1/../../../../pic32c/lib\libc_nano.a(lib_a-nano-freer.o)
 .debug_info    0x000a9c62     0x119a c:/program files/microchip/xc32/v2.40/bin/bin/../../lib/gcc/pic32c/6.2.1/../../../../pic32c/lib\libc_nano.a(lib_a-nano-mallocr.o)
 .debug_info    0x000aadfc     0x1186 c:/program files/microchip/xc32/v2.40/bin/bin/../../lib/gcc/pic32c/6.2.1/../../../../pic32c/lib\libc_nano.a(lib_a-printf.o)
 .debug_info    0x000abf82      0xe2c c:/program files/microchip/xc32/v2.40/bin/bin/../../lib/gcc/pic32c/6.2.1/../../../../pic32c/lib\libc_nano.a(lib_a-sbrkr.o)
 .debug_info    0x000acdae     0x120f c:/program files/microchip/xc32/v2.40/bin/bin/../../lib/gcc/pic32c/6.2.1/../../../../pic32c/lib\libc_nano.a(lib_a-snprintf.o)
 .debug_info    0x000adfbd     0x1195 c:/program files/microchip/xc32/v2.40/bin/bin/../../lib/gcc/pic32c/6.2.1/../../../../pic32c/lib\libc_nano.a(lib_a-sprintf.o)
 .debug_info    0x000af152      0x114 c:/program files/microchip/xc32/v2.40/bin/bin/../../lib/gcc/pic32c/6.2.1/../../../../pic32c/lib\libc_nano.a(lib_a-strcmp.o)
 .debug_info    0x000af266      0xd58 c:/program files/microchip/xc32/v2.40/bin/bin/../../lib/gcc/pic32c/6.2.1/../../../../pic32c/lib\libc_nano.a(lib_a-strcpy.o)
 .debug_info    0x000affbe      0x117 c:/program files/microchip/xc32/v2.40/bin/bin/../../lib/gcc/pic32c/6.2.1/../../../../pic32c/lib\libc_nano.a(lib_a-strlen.o)
 .debug_info    0x000b00d5      0xd71 c:/program files/microchip/xc32/v2.40/bin/bin/../../lib/gcc/pic32c/6.2.1/../../../../pic32c/lib\libc_nano.a(lib_a-strncmp.o)
 .debug_info    0x000b0e46      0xd99 c:/program files/microchip/xc32/v2.40/bin/bin/../../lib/gcc/pic32c/6.2.1/../../../../pic32c/lib\libc_nano.a(lib_a-strncpy.o)
 .debug_info    0x000b1bdf      0xd80 c:/program files/microchip/xc32/v2.40/bin/bin/../../lib/gcc/pic32c/6.2.1/../../../../pic32c/lib\libc_nano.a(lib_a-strstr.o)
 .debug_info    0x000b295f      0xe05 c:/program files/microchip/xc32/v2.40/bin/bin/../../lib/gcc/pic32c/6.2.1/../../../../pic32c/lib\libc_nano.a(lib_a-strtok.o)
 .debug_info    0x000b3764      0xe45 c:/program files/microchip/xc32/v2.40/bin/bin/../../lib/gcc/pic32c/6.2.1/../../../../pic32c/lib\libc_nano.a(lib_a-strtok_r.o)
 .debug_info    0x000b45a9     0x184b c:/program files/microchip/xc32/v2.40/bin/bin/../../lib/gcc/pic32c/6.2.1/../../../../pic32c/lib\libc_nano.a(lib_a-strtol.o)
 .debug_info    0x000b5df4     0x1043 c:/program files/microchip/xc32/v2.40/bin/bin/../../lib/gcc/pic32c/6.2.1/../../../../pic32c/lib\libc_nano.a(lib_a-tzcalc_limits.o)
 .debug_info    0x000b6e37      0xddf c:/program files/microchip/xc32/v2.40/bin/bin/../../lib/gcc/pic32c/6.2.1/../../../../pic32c/lib\libc_nano.a(lib_a-tzset.o)
 .debug_info    0x000b7c16     0x1373 c:/program files/microchip/xc32/v2.40/bin/bin/../../lib/gcc/pic32c/6.2.1/../../../../pic32c/lib\libc_nano.a(lib_a-tzset_r.o)
 .debug_info    0x000b8f89      0xddf c:/program files/microchip/xc32/v2.40/bin/bin/../../lib/gcc/pic32c/6.2.1/../../../../pic32c/lib\libc_nano.a(lib_a-tzvars.o)
 .debug_info    0x000b9d68     0x11dd c:/program files/microchip/xc32/v2.40/bin/bin/../../lib/gcc/pic32c/6.2.1/../../../../pic32c/lib\libc_nano.a(lib_a-vsnprintf.o)
 .debug_info    0x000baf45     0x11b3 c:/program files/microchip/xc32/v2.40/bin/bin/../../lib/gcc/pic32c/6.2.1/../../../../pic32c/lib\libc_nano.a(lib_a-wbuf.o)
 .debug_info    0x000bc0f8     0x112e c:/program files/microchip/xc32/v2.40/bin/bin/../../lib/gcc/pic32c/6.2.1/../../../../pic32c/lib\libc_nano.a(lib_a-wsetup.o)